GPU 0: NVIDIA A100-SXM4-40GB (UUID: GPU-ed4895e1-5b96-c2d1-cf62-5d9e625aba0c)
host gpuhost009.jc.rl.ac.uk | CUDA ok | Tue 11 Aug 10:00:18 BST 2026
args: python /home/users/dv321/dissertation/Code/3 - Diffusion stage/train_ldm.py --attn 16 --batch 64 --cond-drop 0.1 --cond-mode full --dropout 0.0 --lr 0.0001 --mults 1,2,4 --p-mean -1.2 --p-std 1.2 --weight-decay 0.0 --width 128 --limit 60000 --epochs 3 --warmup 281 --psd-crops 96 --patience 0 --no-keep-sampled --sample-every 3 --sample-crops 96 --seed 0 --out /home/users/dv321/dissertation_outputs/hpo/ldm_coarse/trial_000_r0 --latents-dir /work/scratch-nopw2/dv321/dissertation/latents_ml_ep17 --vae /home/users/dv321/dissertation_outputs/vae_v2/vae_ep17.pt --leads 15,30,45,60
pooled sigma_data 0.7407 from [+15min 0.5800, +30min 0.7073, +45min 0.7921, +60min 0.8546]
diagnostics: 96 fixed val crops (rows 0..5999), 8 members, 25 steps
device=cuda | denoiser 65.7M params | cond=full (20ch) | sigma_data=0.7407 | latent_scale=0.784
train rows 60000 | val rows 6000 | 937 steps/epoch (batch 64) | weighted loss starts near 1.0 by construction
GPU: NVIDIA A100-SXM4-40GB | 42 GB total
  ep1 step 187/937 | loss_w 0.9215 raw 0.1273 | lr 6.62e-05 | gn 0.94 | 302 img/s
  ep1 step 374/937 | loss_w 0.7760 raw 0.1044 | lr 9.97e-05 | gn 1.08 | 313 img/s
  ep1 step 561/937 | loss_w 0.6795 raw 0.0906 | lr 9.70e-05 | gn 1.01 | 317 img/s
  ep1 step 748/937 | loss_w 0.6232 raw 0.0822 | lr 9.19e-05 | gn 0.97 | 319 img/s
  ep1 step 935/937 | loss_w 0.5857 raw 0.0771 | lr 8.44e-05 | gn 0.93 | 320 img/s
epoch   1/3 | train 0.5853 | val 0.7636 (raw 0.1001) | 187s | 320 img/s | GPU 14.1 GB
  new best (val loss_w 0.7636) -> diff_best.pt
  ep2 step 187/937 | loss_w 0.4262 raw 0.0541 | lr 7.51e-05 | gn 0.74 | 323 img/s
  ep2 step 374/937 | loss_w 0.4241 raw 0.0537 | lr 6.44e-05 | gn 0.74 | 324 img/s
  ep2 step 561/937 | loss_w 0.4202 raw 0.0536 | lr 5.30e-05 | gn 0.69 | 325 img/s
  ep2 step 748/937 | loss_w 0.4182 raw 0.0536 | lr 4.15e-05 | gn 0.65 | 325 img/s
  ep2 step 935/937 | loss_w 0.4170 raw 0.0535 | lr 3.04e-05 | gn 0.62 | 325 img/s
epoch   2/3 | train 0.4171 | val 0.4810 (raw 0.0602) | 185s | 325 img/s | GPU 14.1 GB
  new best (val loss_w 0.4810) -> diff_best.pt
  ep3 step 187/937 | loss_w 0.4076 raw 0.0526 | lr 2.02e-05 | gn 0.42 | 325 img/s
  ep3 step 374/937 | loss_w 0.4065 raw 0.0522 | lr 1.18e-05 | gn 0.38 | 325 img/s
  ep3 step 561/937 | loss_w 0.4056 raw 0.0522 | lr 5.38e-06 | gn 0.35 | 325 img/s
  ep3 step 748/937 | loss_w 0.4046 raw 0.0520 | lr 1.39e-06 | gn 0.32 | 325 img/s
  ep3 step 935/937 | loss_w 0.4050 raw 0.0519 | lr 3.47e-10 | gn 0.29 | 325 img/s
epoch   3/3 | train 0.4050 | val 0.4156 (raw 0.0528) | 184s | 325 img/s | GPU 18.1 GB
  sampled: MAE 0.265 (adv 0.280) | CSI@1 0.446 (adv 0.428) | CSI@8 0.036 (adv 0.057) | CRPS 0.191 (adv 0.280) | PSD 2-8km 0.56
  new best (val loss_w 0.4156) -> diff_best.pt

completed: total 10.7 min | best val loss_w 0.4156 (ep3) | DONE written -> the sbatch chain will stop
