GPU 0: NVIDIA A100-SXM4-40GB (UUID: GPU-6da32a56-b72c-9033-152d-27befc73a4b4)
host gpuhost006.jc.rl.ac.uk | CUDA ok | Wed 12 Aug 16:24:18 BST 2026
args: python /home/users/dv321/dissertation/Code/3 - Diffusion stage/train_ldm.py --attn 16 --batch 32 --cond-drop 0.1 --cond-mode full --dropout 0.0 --lr 0.0001 --mults 1,2,4 --p-mean -1.2 --p-std 1.2 --weight-decay 0.0 --width 128 --limit 613892 --epochs 6 --warmup 1000 --psd-crops 128 --patience 0 --no-keep-sampled --sample-every 6 --sample-crops 128 --seed 0 --out /home/users/dv321/dissertation_outputs/hpo/ldm_coarse/trial_015_r2 --latents-dir /work/scratch-nopw2/dv321/dissertation/latents_ml_ep17 --vae /home/users/dv321/dissertation_outputs/vae_v2/vae_ep17.pt --leads 15,30,45,60
pooled sigma_data 0.7407 from [+15min 0.5800, +30min 0.7073, +45min 0.7921, +60min 0.8546]
diagnostics: 128 fixed val crops (rows 0..53123), 8 members, 25 steps
device=cuda | denoiser 65.7M params | cond=full (20ch) | sigma_data=0.7407 | latent_scale=0.784
train rows 613892 | val rows 53124 | 19184 steps/epoch (batch 32) | weighted loss starts near 1.0 by construction
GPU: NVIDIA A100-SXM4-40GB | 42 GB total
  ep1 step 200/19184 | loss_w 0.9555 raw 0.1385 | lr 1.99e-05 | gn 1.30 | 219 img/s
  ep1 step 400/19184 | loss_w 0.8997 raw 0.1233 | lr 3.99e-05 | gn 1.21 | 250 img/s
  ep1 step 600/19184 | loss_w 0.8082 raw 0.1088 | lr 5.99e-05 | gn 1.28 | 263 img/s
  ep1 step 800/19184 | loss_w 0.7378 raw 0.0984 | lr 7.99e-05 | gn 1.28 | 270 img/s
  ep1 step 1000/19184 | loss_w 0.6859 raw 0.0910 | lr 9.99e-05 | gn 1.23 | 275 img/s
  ep1 step 1200/19184 | loss_w 0.6478 raw 0.0856 | lr 1.00e-04 | gn 1.19 | 277 img/s
  ep1 step 1400/19184 | loss_w 0.6186 raw 0.0814 | lr 1.00e-04 | gn 1.15 | 279 img/s
  ep1 step 1600/19184 | loss_w 0.5947 raw 0.0780 | lr 1.00e-04 | gn 1.10 | 281 img/s
  ep1 step 1800/19184 | loss_w 0.5752 raw 0.0755 | lr 1.00e-04 | gn 1.06 | 282 img/s
  ep1 step 2000/19184 | loss_w 0.5586 raw 0.0732 | lr 1.00e-04 | gn 1.02 | 283 img/s
  ep1 step 2200/19184 | loss_w 0.5456 raw 0.0716 | lr 1.00e-04 | gn 0.99 | 284 img/s
  ep1 step 2400/19184 | loss_w 0.5338 raw 0.0700 | lr 1.00e-04 | gn 0.96 | 285 img/s
  ep1 step 2600/19184 | loss_w 0.5243 raw 0.0687 | lr 1.00e-04 | gn 0.94 | 285 img/s
  ep1 step 2800/19184 | loss_w 0.5157 raw 0.0675 | lr 9.99e-05 | gn 0.92 | 286 img/s
  ep1 step 3000/19184 | loss_w 0.5082 raw 0.0664 | lr 9.99e-05 | gn 0.89 | 286 img/s
  ep1 step 3200/19184 | loss_w 0.5013 raw 0.0654 | lr 9.99e-05 | gn 0.87 | 287 img/s
  ep1 step 3400/19184 | loss_w 0.4952 raw 0.0646 | lr 9.99e-05 | gn 0.85 | 287 img/s
  ep1 step 3600/19184 | loss_w 0.4900 raw 0.0639 | lr 9.99e-05 | gn 0.83 | 287 img/s
  ep1 step 3800/19184 | loss_w 0.4853 raw 0.0633 | lr 9.99e-05 | gn 0.82 | 288 img/s
  ep1 step 4000/19184 | loss_w 0.4808 raw 0.0626 | lr 9.98e-05 | gn 0.80 | 288 img/s
  ep1 step 4200/19184 | loss_w 0.4768 raw 0.0620 | lr 9.98e-05 | gn 0.79 | 288 img/s
  ep1 step 4400/19184 | loss_w 0.4733 raw 0.0615 | lr 9.98e-05 | gn 0.78 | 288 img/s
  ep1 step 4600/19184 | loss_w 0.4698 raw 0.0611 | lr 9.98e-05 | gn 0.77 | 289 img/s
  ep1 step 4800/19184 | loss_w 0.4666 raw 0.0607 | lr 9.97e-05 | gn 0.75 | 289 img/s
  ep1 step 5000/19184 | loss_w 0.4635 raw 0.0602 | lr 9.97e-05 | gn 0.74 | 289 img/s
  ep1 step 5200/19184 | loss_w 0.4605 raw 0.0599 | lr 9.97e-05 | gn 0.73 | 289 img/s
  ep1 step 5400/19184 | loss_w 0.4579 raw 0.0595 | lr 9.96e-05 | gn 0.72 | 289 img/s
  ep1 step 5600/19184 | loss_w 0.4553 raw 0.0592 | lr 9.96e-05 | gn 0.71 | 289 img/s
  ep1 step 5800/19184 | loss_w 0.4531 raw 0.0589 | lr 9.96e-05 | gn 0.70 | 289 img/s
  ep1 step 6000/19184 | loss_w 0.4509 raw 0.0586 | lr 9.95e-05 | gn 0.69 | 290 img/s
  ep1 step 6200/19184 | loss_w 0.4488 raw 0.0583 | lr 9.95e-05 | gn 0.69 | 290 img/s
  ep1 step 6400/19184 | loss_w 0.4469 raw 0.0581 | lr 9.94e-05 | gn 0.68 | 290 img/s
  ep1 step 6600/19184 | loss_w 0.4451 raw 0.0579 | lr 9.94e-05 | gn 0.67 | 290 img/s
  ep1 step 6800/19184 | loss_w 0.4433 raw 0.0576 | lr 9.94e-05 | gn 0.66 | 290 img/s
  ep1 step 7000/19184 | loss_w 0.4416 raw 0.0574 | lr 9.93e-05 | gn 0.66 | 290 img/s
  ep1 step 7200/19184 | loss_w 0.4399 raw 0.0572 | lr 9.93e-05 | gn 0.65 | 290 img/s
  ep1 step 7400/19184 | loss_w 0.4384 raw 0.0570 | lr 9.92e-05 | gn 0.64 | 290 img/s
  ep1 step 7600/19184 | loss_w 0.4370 raw 0.0568 | lr 9.92e-05 | gn 0.64 | 290 img/s
  ep1 step 7800/19184 | loss_w 0.4356 raw 0.0566 | lr 9.91e-05 | gn 0.63 | 290 img/s
  ep1 step 8000/19184 | loss_w 0.4342 raw 0.0564 | lr 9.91e-05 | gn 0.62 | 290 img/s
  ep1 step 8200/19184 | loss_w 0.4330 raw 0.0563 | lr 9.90e-05 | gn 0.62 | 290 img/s
  ep1 step 8400/19184 | loss_w 0.4317 raw 0.0561 | lr 9.90e-05 | gn 0.61 | 290 img/s
  ep1 step 8600/19184 | loss_w 0.4306 raw 0.0560 | lr 9.89e-05 | gn 0.61 | 290 img/s
  ep1 step 8800/19184 | loss_w 0.4294 raw 0.0558 | lr 9.89e-05 | gn 0.60 | 290 img/s
  ep1 step 9000/19184 | loss_w 0.4283 raw 0.0557 | lr 9.88e-05 | gn 0.60 | 291 img/s
  ep1 step 9200/19184 | loss_w 0.4272 raw 0.0555 | lr 9.87e-05 | gn 0.59 | 291 img/s
  ep1 step 9400/19184 | loss_w 0.4262 raw 0.0554 | lr 9.87e-05 | gn 0.59 | 291 img/s
  ep1 step 9600/19184 | loss_w 0.4252 raw 0.0553 | lr 9.86e-05 | gn 0.58 | 291 img/s
  ep1 step 9800/19184 | loss_w 0.4242 raw 0.0551 | lr 9.85e-05 | gn 0.58 | 291 img/s
  ep1 step 10000/19184 | loss_w 0.4233 raw 0.0550 | lr 9.85e-05 | gn 0.57 | 291 img/s
  ep1 step 10200/19184 | loss_w 0.4225 raw 0.0549 | lr 9.84e-05 | gn 0.57 | 291 img/s
  ep1 step 10400/19184 | loss_w 0.4215 raw 0.0548 | lr 9.83e-05 | gn 0.56 | 291 img/s
  ep1 step 10600/19184 | loss_w 0.4208 raw 0.0547 | lr 9.83e-05 | gn 0.56 | 291 img/s
  ep1 step 10800/19184 | loss_w 0.4199 raw 0.0546 | lr 9.82e-05 | gn 0.55 | 291 img/s
  ep1 step 11000/19184 | loss_w 0.4191 raw 0.0544 | lr 9.81e-05 | gn 0.55 | 291 img/s
  ep1 step 11200/19184 | loss_w 0.4183 raw 0.0543 | lr 9.80e-05 | gn 0.55 | 291 img/s
  ep1 step 11400/19184 | loss_w 0.4175 raw 0.0542 | lr 9.80e-05 | gn 0.54 | 291 img/s
  ep1 step 11600/19184 | loss_w 0.4167 raw 0.0541 | lr 9.79e-05 | gn 0.54 | 291 img/s
  ep1 step 11800/19184 | loss_w 0.4161 raw 0.0540 | lr 9.78e-05 | gn 0.54 | 291 img/s
  ep1 step 12000/19184 | loss_w 0.4153 raw 0.0540 | lr 9.77e-05 | gn 0.53 | 291 img/s
  ep1 step 12200/19184 | loss_w 0.4147 raw 0.0539 | lr 9.76e-05 | gn 0.53 | 291 img/s
  ep1 step 12400/19184 | loss_w 0.4140 raw 0.0538 | lr 9.76e-05 | gn 0.53 | 291 img/s
  ep1 step 12600/19184 | loss_w 0.4133 raw 0.0537 | lr 9.75e-05 | gn 0.52 | 291 img/s
  ep1 step 12800/19184 | loss_w 0.4127 raw 0.0536 | lr 9.74e-05 | gn 0.52 | 291 img/s
  ep1 step 13000/19184 | loss_w 0.4121 raw 0.0535 | lr 9.73e-05 | gn 0.52 | 291 img/s
  ep1 step 13200/19184 | loss_w 0.4115 raw 0.0534 | lr 9.72e-05 | gn 0.51 | 291 img/s
  ep1 step 13400/19184 | loss_w 0.4109 raw 0.0534 | lr 9.71e-05 | gn 0.51 | 291 img/s
  ep1 step 13600/19184 | loss_w 0.4104 raw 0.0533 | lr 9.70e-05 | gn 0.51 | 291 img/s
  ep1 step 13800/19184 | loss_w 0.4099 raw 0.0532 | lr 9.69e-05 | gn 0.51 | 291 img/s
  ep1 step 14000/19184 | loss_w 0.4094 raw 0.0531 | lr 9.68e-05 | gn 0.50 | 291 img/s
  ep1 step 14200/19184 | loss_w 0.4088 raw 0.0530 | lr 9.67e-05 | gn 0.50 | 291 img/s
  ep1 step 14400/19184 | loss_w 0.4083 raw 0.0530 | lr 9.66e-05 | gn 0.50 | 291 img/s
  ep1 step 14600/19184 | loss_w 0.4077 raw 0.0529 | lr 9.65e-05 | gn 0.49 | 291 img/s
  ep1 step 14800/19184 | loss_w 0.4073 raw 0.0528 | lr 9.64e-05 | gn 0.49 | 291 img/s
  ep1 step 15000/19184 | loss_w 0.4068 raw 0.0528 | lr 9.63e-05 | gn 0.49 | 291 img/s
  ep1 step 15200/19184 | loss_w 0.4063 raw 0.0527 | lr 9.62e-05 | gn 0.49 | 291 img/s
  ep1 step 15400/19184 | loss_w 0.4059 raw 0.0527 | lr 9.61e-05 | gn 0.48 | 291 img/s
  ep1 step 15600/19184 | loss_w 0.4054 raw 0.0526 | lr 9.60e-05 | gn 0.48 | 292 img/s
  ep1 step 15800/19184 | loss_w 0.4050 raw 0.0525 | lr 9.59e-05 | gn 0.48 | 292 img/s
  ep1 step 16000/19184 | loss_w 0.4046 raw 0.0525 | lr 9.58e-05 | gn 0.48 | 292 img/s
  ep1 step 16200/19184 | loss_w 0.4042 raw 0.0525 | lr 9.57e-05 | gn 0.47 | 292 img/s
  ep1 step 16400/19184 | loss_w 0.4038 raw 0.0524 | lr 9.56e-05 | gn 0.47 | 292 img/s
  ep1 step 16600/19184 | loss_w 0.4033 raw 0.0524 | lr 9.55e-05 | gn 0.47 | 292 img/s
  ep1 step 16800/19184 | loss_w 0.4030 raw 0.0523 | lr 9.53e-05 | gn 0.47 | 292 img/s
  ep1 step 17000/19184 | loss_w 0.4026 raw 0.0523 | lr 9.52e-05 | gn 0.46 | 292 img/s
  ep1 step 17200/19184 | loss_w 0.4022 raw 0.0522 | lr 9.51e-05 | gn 0.46 | 292 img/s
  ep1 step 17400/19184 | loss_w 0.4018 raw 0.0522 | lr 9.50e-05 | gn 0.46 | 292 img/s
  ep1 step 17600/19184 | loss_w 0.4014 raw 0.0521 | lr 9.49e-05 | gn 0.46 | 292 img/s
  ep1 step 17800/19184 | loss_w 0.4011 raw 0.0521 | lr 9.47e-05 | gn 0.46 | 292 img/s
  ep1 step 18000/19184 | loss_w 0.4008 raw 0.0520 | lr 9.46e-05 | gn 0.45 | 292 img/s
  ep1 step 18200/19184 | loss_w 0.4004 raw 0.0520 | lr 9.45e-05 | gn 0.45 | 292 img/s
  ep1 step 18400/19184 | loss_w 0.4001 raw 0.0520 | lr 9.44e-05 | gn 0.45 | 292 img/s
  ep1 step 18600/19184 | loss_w 0.3998 raw 0.0519 | lr 9.42e-05 | gn 0.45 | 292 img/s
  ep1 step 18800/19184 | loss_w 0.3995 raw 0.0519 | lr 9.41e-05 | gn 0.45 | 292 img/s
  ep1 step 19000/19184 | loss_w 0.3991 raw 0.0518 | lr 9.40e-05 | gn 0.44 | 292 img/s
epoch   1/6 | train 0.3989 | val 0.3565 (raw 0.0454) | 2105s | 292 img/s | GPU 7.8 GB
  new best (val loss_w 0.3565) -> diff_best.pt
  ep2 step 200/19184 | loss_w 0.3670 raw 0.0479 | lr 9.37e-05 | gn 0.28 | 287 img/s
  ep2 step 400/19184 | loss_w 0.3673 raw 0.0483 | lr 9.36e-05 | gn 0.27 | 290 img/s
  ep2 step 600/19184 | loss_w 0.3679 raw 0.0482 | lr 9.35e-05 | gn 0.27 | 291 img/s
  ep2 step 800/19184 | loss_w 0.3676 raw 0.0481 | lr 9.33e-05 | gn 0.27 | 291 img/s
  ep2 step 1000/19184 | loss_w 0.3678 raw 0.0482 | lr 9.32e-05 | gn 0.27 | 291 img/s
  ep2 step 1200/19184 | loss_w 0.3680 raw 0.0482 | lr 9.30e-05 | gn 0.27 | 291 img/s
  ep2 step 1400/19184 | loss_w 0.3673 raw 0.0481 | lr 9.29e-05 | gn 0.27 | 291 img/s
  ep2 step 1600/19184 | loss_w 0.3675 raw 0.0481 | lr 9.28e-05 | gn 0.27 | 292 img/s
  ep2 step 1800/19184 | loss_w 0.3675 raw 0.0481 | lr 9.26e-05 | gn 0.27 | 292 img/s
  ep2 step 2000/19184 | loss_w 0.3673 raw 0.0480 | lr 9.25e-05 | gn 0.27 | 292 img/s
  ep2 step 2200/19184 | loss_w 0.3676 raw 0.0481 | lr 9.23e-05 | gn 0.27 | 292 img/s
  ep2 step 2400/19184 | loss_w 0.3675 raw 0.0480 | lr 9.22e-05 | gn 0.27 | 292 img/s
  ep2 step 2600/19184 | loss_w 0.3674 raw 0.0480 | lr 9.20e-05 | gn 0.27 | 292 img/s
  ep2 step 2800/19184 | loss_w 0.3680 raw 0.0478 | lr 9.19e-05 | gn 0.26 | 292 img/s
  ep2 step 3000/19184 | loss_w 0.3682 raw 0.0479 | lr 9.17e-05 | gn 0.26 | 292 img/s
  ep2 step 3200/19184 | loss_w 0.3679 raw 0.0479 | lr 9.16e-05 | gn 0.27 | 292 img/s
  ep2 step 3400/19184 | loss_w 0.3681 raw 0.0480 | lr 9.14e-05 | gn 0.26 | 292 img/s
  ep2 step 3600/19184 | loss_w 0.3682 raw 0.0479 | lr 9.13e-05 | gn 0.26 | 292 img/s
  ep2 step 3800/19184 | loss_w 0.3684 raw 0.0480 | lr 9.11e-05 | gn 0.26 | 292 img/s
  ep2 step 4000/19184 | loss_w 0.3686 raw 0.0480 | lr 9.10e-05 | gn 0.26 | 292 img/s
  ep2 step 4200/19184 | loss_w 0.3685 raw 0.0481 | lr 9.08e-05 | gn 0.26 | 292 img/s
  ep2 step 4400/19184 | loss_w 0.3683 raw 0.0480 | lr 9.06e-05 | gn 0.26 | 292 img/s
  ep2 step 4600/19184 | loss_w 0.3681 raw 0.0480 | lr 9.05e-05 | gn 0.26 | 292 img/s
  ep2 step 4800/19184 | loss_w 0.3681 raw 0.0480 | lr 9.03e-05 | gn 0.26 | 292 img/s
  ep2 step 5000/19184 | loss_w 0.3679 raw 0.0480 | lr 9.02e-05 | gn 0.26 | 292 img/s
  ep2 step 5200/19184 | loss_w 0.3679 raw 0.0480 | lr 9.00e-05 | gn 0.26 | 292 img/s
  ep2 step 5400/19184 | loss_w 0.3676 raw 0.0480 | lr 8.98e-05 | gn 0.26 | 292 img/s
  ep2 step 5600/19184 | loss_w 0.3676 raw 0.0480 | lr 8.97e-05 | gn 0.26 | 292 img/s
  ep2 step 5800/19184 | loss_w 0.3677 raw 0.0480 | lr 8.95e-05 | gn 0.26 | 292 img/s
  ep2 step 6000/19184 | loss_w 0.3677 raw 0.0480 | lr 8.93e-05 | gn 0.26 | 292 img/s
  ep2 step 6200/19184 | loss_w 0.3676 raw 0.0480 | lr 8.91e-05 | gn 0.26 | 292 img/s
  ep2 step 6400/19184 | loss_w 0.3675 raw 0.0480 | lr 8.90e-05 | gn 0.26 | 292 img/s
  ep2 step 6600/19184 | loss_w 0.3674 raw 0.0480 | lr 8.88e-05 | gn 0.26 | 292 img/s
  ep2 step 6800/19184 | loss_w 0.3675 raw 0.0480 | lr 8.86e-05 | gn 0.26 | 292 img/s
  ep2 step 7000/19184 | loss_w 0.3675 raw 0.0479 | lr 8.85e-05 | gn 0.26 | 292 img/s
  ep2 step 7200/19184 | loss_w 0.3674 raw 0.0479 | lr 8.83e-05 | gn 0.26 | 292 img/s
  ep2 step 7400/19184 | loss_w 0.3672 raw 0.0479 | lr 8.81e-05 | gn 0.25 | 292 img/s
  ep2 step 7600/19184 | loss_w 0.3673 raw 0.0479 | lr 8.79e-05 | gn 0.25 | 292 img/s
  ep2 step 7800/19184 | loss_w 0.3672 raw 0.0479 | lr 8.77e-05 | gn 0.25 | 292 img/s
  ep2 step 8000/19184 | loss_w 0.3672 raw 0.0479 | lr 8.76e-05 | gn 0.25 | 292 img/s
  ep2 step 8200/19184 | loss_w 0.3672 raw 0.0479 | lr 8.74e-05 | gn 0.25 | 292 img/s
  ep2 step 8400/19184 | loss_w 0.3672 raw 0.0479 | lr 8.72e-05 | gn 0.25 | 292 img/s
  ep2 step 8600/19184 | loss_w 0.3671 raw 0.0478 | lr 8.70e-05 | gn 0.25 | 292 img/s
  ep2 step 8800/19184 | loss_w 0.3670 raw 0.0478 | lr 8.68e-05 | gn 0.25 | 292 img/s
  ep2 step 9000/19184 | loss_w 0.3670 raw 0.0478 | lr 8.66e-05 | gn 0.25 | 292 img/s
  ep2 step 9200/19184 | loss_w 0.3669 raw 0.0478 | lr 8.65e-05 | gn 0.25 | 292 img/s
  ep2 step 9400/19184 | loss_w 0.3668 raw 0.0477 | lr 8.63e-05 | gn 0.25 | 292 img/s
  ep2 step 9600/19184 | loss_w 0.3667 raw 0.0477 | lr 8.61e-05 | gn 0.25 | 292 img/s
  ep2 step 9800/19184 | loss_w 0.3667 raw 0.0477 | lr 8.59e-05 | gn 0.25 | 292 img/s
  ep2 step 10000/19184 | loss_w 0.3666 raw 0.0477 | lr 8.57e-05 | gn 0.25 | 292 img/s
  ep2 step 10200/19184 | loss_w 0.3665 raw 0.0477 | lr 8.55e-05 | gn 0.25 | 292 img/s
  ep2 step 10400/19184 | loss_w 0.3664 raw 0.0477 | lr 8.53e-05 | gn 0.25 | 292 img/s
  ep2 step 10600/19184 | loss_w 0.3664 raw 0.0477 | lr 8.51e-05 | gn 0.25 | 292 img/s
  ep2 step 10800/19184 | loss_w 0.3664 raw 0.0477 | lr 8.49e-05 | gn 0.25 | 292 img/s
  ep2 step 11000/19184 | loss_w 0.3664 raw 0.0477 | lr 8.47e-05 | gn 0.25 | 292 img/s
  ep2 step 11200/19184 | loss_w 0.3663 raw 0.0477 | lr 8.45e-05 | gn 0.25 | 292 img/s
  ep2 step 11400/19184 | loss_w 0.3663 raw 0.0477 | lr 8.43e-05 | gn 0.25 | 292 img/s
  ep2 step 11600/19184 | loss_w 0.3663 raw 0.0477 | lr 8.41e-05 | gn 0.25 | 292 img/s
  ep2 step 11800/19184 | loss_w 0.3662 raw 0.0477 | lr 8.39e-05 | gn 0.25 | 292 img/s
  ep2 step 12000/19184 | loss_w 0.3662 raw 0.0477 | lr 8.37e-05 | gn 0.25 | 292 img/s
  ep2 step 12200/19184 | loss_w 0.3661 raw 0.0477 | lr 8.35e-05 | gn 0.25 | 292 img/s
  ep2 step 12400/19184 | loss_w 0.3661 raw 0.0477 | lr 8.33e-05 | gn 0.25 | 292 img/s
  ep2 step 12600/19184 | loss_w 0.3661 raw 0.0477 | lr 8.31e-05 | gn 0.25 | 292 img/s
  ep2 step 12800/19184 | loss_w 0.3661 raw 0.0477 | lr 8.29e-05 | gn 0.25 | 292 img/s
  ep2 step 13000/19184 | loss_w 0.3661 raw 0.0477 | lr 8.27e-05 | gn 0.25 | 292 img/s
  ep2 step 13200/19184 | loss_w 0.3660 raw 0.0477 | lr 8.25e-05 | gn 0.25 | 292 img/s
  ep2 step 13400/19184 | loss_w 0.3660 raw 0.0477 | lr 8.23e-05 | gn 0.25 | 292 img/s
  ep2 step 13600/19184 | loss_w 0.3659 raw 0.0477 | lr 8.20e-05 | gn 0.25 | 292 img/s
  ep2 step 13800/19184 | loss_w 0.3659 raw 0.0477 | lr 8.18e-05 | gn 0.24 | 292 img/s
  ep2 step 14000/19184 | loss_w 0.3659 raw 0.0476 | lr 8.16e-05 | gn 0.24 | 292 img/s
  ep2 step 14200/19184 | loss_w 0.3659 raw 0.0476 | lr 8.14e-05 | gn 0.24 | 292 img/s
  ep2 step 14400/19184 | loss_w 0.3659 raw 0.0476 | lr 8.12e-05 | gn 0.24 | 292 img/s
  ep2 step 14600/19184 | loss_w 0.3658 raw 0.0476 | lr 8.10e-05 | gn 0.24 | 292 img/s
  ep2 step 14800/19184 | loss_w 0.3658 raw 0.0476 | lr 8.08e-05 | gn 0.24 | 292 img/s
  ep2 step 15000/19184 | loss_w 0.3658 raw 0.0476 | lr 8.05e-05 | gn 0.24 | 292 img/s
  ep2 step 15200/19184 | loss_w 0.3658 raw 0.0476 | lr 8.03e-05 | gn 0.24 | 292 img/s
  ep2 step 15400/19184 | loss_w 0.3658 raw 0.0476 | lr 8.01e-05 | gn 0.24 | 292 img/s
  ep2 step 15600/19184 | loss_w 0.3657 raw 0.0476 | lr 7.99e-05 | gn 0.24 | 292 img/s
  ep2 step 15800/19184 | loss_w 0.3657 raw 0.0475 | lr 7.97e-05 | gn 0.24 | 292 img/s
  ep2 step 16000/19184 | loss_w 0.3656 raw 0.0475 | lr 7.94e-05 | gn 0.24 | 292 img/s
  ep2 step 16200/19184 | loss_w 0.3655 raw 0.0475 | lr 7.92e-05 | gn 0.24 | 292 img/s
  ep2 step 16400/19184 | loss_w 0.3655 raw 0.0475 | lr 7.90e-05 | gn 0.24 | 292 img/s
  ep2 step 16600/19184 | loss_w 0.3655 raw 0.0475 | lr 7.88e-05 | gn 0.24 | 292 img/s
  ep2 step 16800/19184 | loss_w 0.3655 raw 0.0475 | lr 7.85e-05 | gn 0.24 | 292 img/s
  ep2 step 17000/19184 | loss_w 0.3654 raw 0.0475 | lr 7.83e-05 | gn 0.24 | 292 img/s
  ep2 step 17200/19184 | loss_w 0.3654 raw 0.0475 | lr 7.81e-05 | gn 0.24 | 292 img/s
  ep2 step 17400/19184 | loss_w 0.3654 raw 0.0475 | lr 7.79e-05 | gn 0.24 | 292 img/s
  ep2 step 17600/19184 | loss_w 0.3653 raw 0.0475 | lr 7.76e-05 | gn 0.24 | 292 img/s
  ep2 step 17800/19184 | loss_w 0.3653 raw 0.0475 | lr 7.74e-05 | gn 0.24 | 292 img/s
  ep2 step 18000/19184 | loss_w 0.3653 raw 0.0475 | lr 7.72e-05 | gn 0.24 | 292 img/s
  ep2 step 18200/19184 | loss_w 0.3652 raw 0.0475 | lr 7.69e-05 | gn 0.24 | 292 img/s
  ep2 step 18400/19184 | loss_w 0.3652 raw 0.0475 | lr 7.67e-05 | gn 0.24 | 292 img/s
  ep2 step 18600/19184 | loss_w 0.3651 raw 0.0475 | lr 7.65e-05 | gn 0.24 | 292 img/s
  ep2 step 18800/19184 | loss_w 0.3652 raw 0.0475 | lr 7.62e-05 | gn 0.24 | 292 img/s
  ep2 step 19000/19184 | loss_w 0.3651 raw 0.0475 | lr 7.60e-05 | gn 0.24 | 292 img/s
epoch   2/6 | train 0.3651 | val 0.3497 (raw 0.0445) | 2100s | 292 img/s | GPU 7.8 GB
  new best (val loss_w 0.3497) -> diff_best.pt
  ep3 step 200/19184 | loss_w 0.3599 raw 0.0465 | lr 7.56e-05 | gn 0.20 | 290 img/s
  ep3 step 400/19184 | loss_w 0.3620 raw 0.0463 | lr 7.53e-05 | gn 0.20 | 291 img/s
  ep3 step 600/19184 | loss_w 0.3614 raw 0.0465 | lr 7.51e-05 | gn 0.20 | 292 img/s
  ep3 step 800/19184 | loss_w 0.3621 raw 0.0465 | lr 7.48e-05 | gn 0.20 | 292 img/s
  ep3 step 1000/19184 | loss_w 0.3625 raw 0.0464 | lr 7.46e-05 | gn 0.20 | 292 img/s
  ep3 step 1200/19184 | loss_w 0.3624 raw 0.0466 | lr 7.44e-05 | gn 0.21 | 292 img/s
  ep3 step 1400/19184 | loss_w 0.3622 raw 0.0465 | lr 7.41e-05 | gn 0.21 | 292 img/s
  ep3 step 1600/19184 | loss_w 0.3622 raw 0.0465 | lr 7.39e-05 | gn 0.21 | 292 img/s
  ep3 step 1800/19184 | loss_w 0.3621 raw 0.0465 | lr 7.36e-05 | gn 0.21 | 292 img/s
  ep3 step 2000/19184 | loss_w 0.3623 raw 0.0466 | lr 7.34e-05 | gn 0.21 | 292 img/s
  ep3 step 2200/19184 | loss_w 0.3624 raw 0.0466 | lr 7.32e-05 | gn 0.21 | 292 img/s
  ep3 step 2400/19184 | loss_w 0.3624 raw 0.0466 | lr 7.29e-05 | gn 0.21 | 292 img/s
  ep3 step 2600/19184 | loss_w 0.3622 raw 0.0466 | lr 7.27e-05 | gn 0.21 | 292 img/s
  ep3 step 2800/19184 | loss_w 0.3620 raw 0.0466 | lr 7.24e-05 | gn 0.21 | 292 img/s
  ep3 step 3000/19184 | loss_w 0.3621 raw 0.0466 | lr 7.22e-05 | gn 0.21 | 292 img/s
  ep3 step 3200/19184 | loss_w 0.3622 raw 0.0467 | lr 7.19e-05 | gn 0.21 | 292 img/s
  ep3 step 3400/19184 | loss_w 0.3625 raw 0.0466 | lr 7.17e-05 | gn 0.21 | 292 img/s
  ep3 step 3600/19184 | loss_w 0.3623 raw 0.0466 | lr 7.14e-05 | gn 0.21 | 292 img/s
  ep3 step 3800/19184 | loss_w 0.3621 raw 0.0466 | lr 7.12e-05 | gn 0.21 | 292 img/s
  ep3 step 4000/19184 | loss_w 0.3620 raw 0.0467 | lr 7.09e-05 | gn 0.21 | 292 img/s
  ep3 step 4200/19184 | loss_w 0.3621 raw 0.0466 | lr 7.07e-05 | gn 0.21 | 292 img/s
  ep3 step 4400/19184 | loss_w 0.3621 raw 0.0466 | lr 7.04e-05 | gn 0.21 | 292 img/s
  ep3 step 4600/19184 | loss_w 0.3623 raw 0.0466 | lr 7.02e-05 | gn 0.21 | 292 img/s
  ep3 step 4800/19184 | loss_w 0.3622 raw 0.0467 | lr 6.99e-05 | gn 0.21 | 292 img/s
  ep3 step 5000/19184 | loss_w 0.3622 raw 0.0467 | lr 6.97e-05 | gn 0.21 | 292 img/s
  ep3 step 5200/19184 | loss_w 0.3622 raw 0.0468 | lr 6.94e-05 | gn 0.21 | 292 img/s
  ep3 step 5400/19184 | loss_w 0.3622 raw 0.0468 | lr 6.92e-05 | gn 0.21 | 292 img/s
  ep3 step 5600/19184 | loss_w 0.3621 raw 0.0467 | lr 6.89e-05 | gn 0.21 | 292 img/s
  ep3 step 5800/19184 | loss_w 0.3621 raw 0.0467 | lr 6.87e-05 | gn 0.21 | 292 img/s
  ep3 step 6000/19184 | loss_w 0.3623 raw 0.0467 | lr 6.84e-05 | gn 0.21 | 292 img/s
  ep3 step 6200/19184 | loss_w 0.3621 raw 0.0467 | lr 6.81e-05 | gn 0.21 | 292 img/s
  ep3 step 6400/19184 | loss_w 0.3620 raw 0.0467 | lr 6.79e-05 | gn 0.21 | 292 img/s
  ep3 step 6600/19184 | loss_w 0.3619 raw 0.0467 | lr 6.76e-05 | gn 0.21 | 292 img/s
  ep3 step 6800/19184 | loss_w 0.3618 raw 0.0467 | lr 6.74e-05 | gn 0.21 | 292 img/s
  ep3 step 7000/19184 | loss_w 0.3617 raw 0.0467 | lr 6.71e-05 | gn 0.21 | 292 img/s
  ep3 step 7200/19184 | loss_w 0.3616 raw 0.0467 | lr 6.69e-05 | gn 0.21 | 292 img/s
  ep3 step 7400/19184 | loss_w 0.3616 raw 0.0467 | lr 6.66e-05 | gn 0.21 | 292 img/s
  ep3 step 7600/19184 | loss_w 0.3615 raw 0.0467 | lr 6.63e-05 | gn 0.21 | 292 img/s
  ep3 step 7800/19184 | loss_w 0.3615 raw 0.0467 | lr 6.61e-05 | gn 0.21 | 293 img/s
  ep3 step 8000/19184 | loss_w 0.3614 raw 0.0466 | lr 6.58e-05 | gn 0.21 | 293 img/s
  ep3 step 8200/19184 | loss_w 0.3615 raw 0.0467 | lr 6.55e-05 | gn 0.21 | 293 img/s
  ep3 step 8400/19184 | loss_w 0.3614 raw 0.0467 | lr 6.53e-05 | gn 0.21 | 293 img/s
  ep3 step 8600/19184 | loss_w 0.3613 raw 0.0467 | lr 6.50e-05 | gn 0.21 | 293 img/s
  ep3 step 8800/19184 | loss_w 0.3613 raw 0.0466 | lr 6.48e-05 | gn 0.21 | 293 img/s
  ep3 step 9000/19184 | loss_w 0.3612 raw 0.0466 | lr 6.45e-05 | gn 0.21 | 293 img/s
  ep3 step 9200/19184 | loss_w 0.3612 raw 0.0466 | lr 6.42e-05 | gn 0.21 | 293 img/s
  ep3 step 9400/19184 | loss_w 0.3612 raw 0.0466 | lr 6.40e-05 | gn 0.21 | 293 img/s
  ep3 step 9600/19184 | loss_w 0.3612 raw 0.0466 | lr 6.37e-05 | gn 0.21 | 293 img/s
  ep3 step 9800/19184 | loss_w 0.3612 raw 0.0466 | lr 6.34e-05 | gn 0.21 | 293 img/s
  ep3 step 10000/19184 | loss_w 0.3612 raw 0.0466 | lr 6.32e-05 | gn 0.21 | 293 img/s
  ep3 step 10200/19184 | loss_w 0.3613 raw 0.0467 | lr 6.29e-05 | gn 0.21 | 293 img/s
  ep3 step 10400/19184 | loss_w 0.3612 raw 0.0467 | lr 6.26e-05 | gn 0.21 | 293 img/s
  ep3 step 10600/19184 | loss_w 0.3611 raw 0.0466 | lr 6.24e-05 | gn 0.21 | 293 img/s
  ep3 step 10800/19184 | loss_w 0.3611 raw 0.0467 | lr 6.21e-05 | gn 0.21 | 293 img/s
  ep3 step 11000/19184 | loss_w 0.3611 raw 0.0467 | lr 6.18e-05 | gn 0.21 | 293 img/s
  ep3 step 11200/19184 | loss_w 0.3611 raw 0.0467 | lr 6.16e-05 | gn 0.21 | 293 img/s
  ep3 step 11400/19184 | loss_w 0.3610 raw 0.0467 | lr 6.13e-05 | gn 0.20 | 293 img/s
  ep3 step 11600/19184 | loss_w 0.3610 raw 0.0467 | lr 6.10e-05 | gn 0.20 | 293 img/s
  ep3 step 11800/19184 | loss_w 0.3609 raw 0.0467 | lr 6.08e-05 | gn 0.20 | 293 img/s
  ep3 step 12000/19184 | loss_w 0.3610 raw 0.0467 | lr 6.05e-05 | gn 0.20 | 293 img/s
  ep3 step 12200/19184 | loss_w 0.3609 raw 0.0467 | lr 6.02e-05 | gn 0.20 | 293 img/s
  ep3 step 12400/19184 | loss_w 0.3609 raw 0.0467 | lr 6.00e-05 | gn 0.20 | 293 img/s
  ep3 step 12600/19184 | loss_w 0.3609 raw 0.0467 | lr 5.97e-05 | gn 0.20 | 293 img/s
  ep3 step 12800/19184 | loss_w 0.3608 raw 0.0466 | lr 5.94e-05 | gn 0.20 | 293 img/s
  ep3 step 13000/19184 | loss_w 0.3608 raw 0.0466 | lr 5.92e-05 | gn 0.20 | 293 img/s
  ep3 step 13200/19184 | loss_w 0.3608 raw 0.0466 | lr 5.89e-05 | gn 0.20 | 293 img/s
  ep3 step 13400/19184 | loss_w 0.3608 raw 0.0466 | lr 5.86e-05 | gn 0.20 | 293 img/s
  ep3 step 13600/19184 | loss_w 0.3608 raw 0.0467 | lr 5.83e-05 | gn 0.20 | 293 img/s
  ep3 step 13800/19184 | loss_w 0.3608 raw 0.0467 | lr 5.81e-05 | gn 0.20 | 293 img/s
  ep3 step 14000/19184 | loss_w 0.3607 raw 0.0467 | lr 5.78e-05 | gn 0.20 | 293 img/s
  ep3 step 14200/19184 | loss_w 0.3607 raw 0.0467 | lr 5.75e-05 | gn 0.20 | 293 img/s
  ep3 step 14400/19184 | loss_w 0.3607 raw 0.0467 | lr 5.72e-05 | gn 0.20 | 293 img/s
  ep3 step 14600/19184 | loss_w 0.3607 raw 0.0467 | lr 5.70e-05 | gn 0.20 | 293 img/s
  ep3 step 14800/19184 | loss_w 0.3607 raw 0.0467 | lr 5.67e-05 | gn 0.20 | 293 img/s
  ep3 step 15000/19184 | loss_w 0.3606 raw 0.0467 | lr 5.64e-05 | gn 0.20 | 293 img/s
  ep3 step 15200/19184 | loss_w 0.3606 raw 0.0467 | lr 5.62e-05 | gn 0.20 | 293 img/s
  ep3 step 15400/19184 | loss_w 0.3605 raw 0.0467 | lr 5.59e-05 | gn 0.20 | 293 img/s
  ep3 step 15600/19184 | loss_w 0.3605 raw 0.0466 | lr 5.56e-05 | gn 0.20 | 293 img/s
  ep3 step 15800/19184 | loss_w 0.3604 raw 0.0466 | lr 5.53e-05 | gn 0.20 | 293 img/s
  ep3 step 16000/19184 | loss_w 0.3604 raw 0.0466 | lr 5.51e-05 | gn 0.20 | 293 img/s
  ep3 step 16200/19184 | loss_w 0.3604 raw 0.0466 | lr 5.48e-05 | gn 0.20 | 293 img/s
  ep3 step 16400/19184 | loss_w 0.3604 raw 0.0466 | lr 5.45e-05 | gn 0.20 | 293 img/s
  ep3 step 16600/19184 | loss_w 0.3603 raw 0.0466 | lr 5.42e-05 | gn 0.20 | 293 img/s
  ep3 step 16800/19184 | loss_w 0.3603 raw 0.0466 | lr 5.40e-05 | gn 0.20 | 293 img/s
  ep3 step 17000/19184 | loss_w 0.3603 raw 0.0466 | lr 5.37e-05 | gn 0.20 | 293 img/s
  ep3 step 17200/19184 | loss_w 0.3602 raw 0.0466 | lr 5.34e-05 | gn 0.20 | 293 img/s
  ep3 step 17400/19184 | loss_w 0.3602 raw 0.0466 | lr 5.31e-05 | gn 0.20 | 293 img/s
  ep3 step 17600/19184 | loss_w 0.3602 raw 0.0466 | lr 5.29e-05 | gn 0.20 | 293 img/s
  ep3 step 17800/19184 | loss_w 0.3602 raw 0.0466 | lr 5.26e-05 | gn 0.20 | 293 img/s
  ep3 step 18000/19184 | loss_w 0.3602 raw 0.0466 | lr 5.23e-05 | gn 0.20 | 293 img/s
  ep3 step 18200/19184 | loss_w 0.3601 raw 0.0466 | lr 5.20e-05 | gn 0.20 | 293 img/s
  ep3 step 18400/19184 | loss_w 0.3601 raw 0.0466 | lr 5.18e-05 | gn 0.20 | 293 img/s
  ep3 step 18600/19184 | loss_w 0.3601 raw 0.0466 | lr 5.15e-05 | gn 0.20 | 293 img/s
  ep3 step 18800/19184 | loss_w 0.3600 raw 0.0466 | lr 5.12e-05 | gn 0.20 | 293 img/s
  ep3 step 19000/19184 | loss_w 0.3600 raw 0.0466 | lr 5.09e-05 | gn 0.20 | 293 img/s
epoch   3/6 | train 0.3600 | val 0.3462 (raw 0.0440) | 2098s | 293 img/s | GPU 7.8 GB
  new best (val loss_w 0.3462) -> diff_best.pt
  ep4 step 200/19184 | loss_w 0.3592 raw 0.0460 | lr 5.04e-05 | gn 0.18 | 291 img/s
  ep4 step 400/19184 | loss_w 0.3596 raw 0.0462 | lr 5.01e-05 | gn 0.18 | 292 img/s
  ep4 step 600/19184 | loss_w 0.3599 raw 0.0459 | lr 4.99e-05 | gn 0.18 | 292 img/s
  ep4 step 800/19184 | loss_w 0.3595 raw 0.0461 | lr 4.96e-05 | gn 0.18 | 292 img/s
  ep4 step 1000/19184 | loss_w 0.3594 raw 0.0462 | lr 4.93e-05 | gn 0.18 | 292 img/s
  ep4 step 1200/19184 | loss_w 0.3589 raw 0.0463 | lr 4.90e-05 | gn 0.18 | 292 img/s
  ep4 step 1400/19184 | loss_w 0.3588 raw 0.0464 | lr 4.88e-05 | gn 0.18 | 292 img/s
  ep4 step 1600/19184 | loss_w 0.3589 raw 0.0465 | lr 4.85e-05 | gn 0.18 | 293 img/s
  ep4 step 1800/19184 | loss_w 0.3585 raw 0.0465 | lr 4.82e-05 | gn 0.18 | 293 img/s
  ep4 step 2000/19184 | loss_w 0.3586 raw 0.0464 | lr 4.79e-05 | gn 0.18 | 293 img/s
  ep4 step 2200/19184 | loss_w 0.3583 raw 0.0463 | lr 4.77e-05 | gn 0.18 | 293 img/s
  ep4 step 2400/19184 | loss_w 0.3581 raw 0.0462 | lr 4.74e-05 | gn 0.18 | 293 img/s
  ep4 step 2600/19184 | loss_w 0.3579 raw 0.0462 | lr 4.71e-05 | gn 0.18 | 293 img/s
  ep4 step 2800/19184 | loss_w 0.3580 raw 0.0463 | lr 4.68e-05 | gn 0.18 | 293 img/s
  ep4 step 3000/19184 | loss_w 0.3581 raw 0.0462 | lr 4.66e-05 | gn 0.18 | 293 img/s
  ep4 step 3200/19184 | loss_w 0.3582 raw 0.0463 | lr 4.63e-05 | gn 0.18 | 293 img/s
  ep4 step 3400/19184 | loss_w 0.3579 raw 0.0462 | lr 4.60e-05 | gn 0.18 | 293 img/s
  ep4 step 3600/19184 | loss_w 0.3578 raw 0.0462 | lr 4.57e-05 | gn 0.18 | 293 img/s
  ep4 step 3800/19184 | loss_w 0.3575 raw 0.0462 | lr 4.55e-05 | gn 0.18 | 293 img/s
  ep4 step 4000/19184 | loss_w 0.3575 raw 0.0461 | lr 4.52e-05 | gn 0.18 | 293 img/s
  ep4 step 4200/19184 | loss_w 0.3575 raw 0.0461 | lr 4.49e-05 | gn 0.18 | 293 img/s
  ep4 step 4400/19184 | loss_w 0.3575 raw 0.0461 | lr 4.46e-05 | gn 0.18 | 293 img/s
  ep4 step 4600/19184 | loss_w 0.3575 raw 0.0462 | lr 4.44e-05 | gn 0.18 | 293 img/s
  ep4 step 4800/19184 | loss_w 0.3576 raw 0.0462 | lr 4.41e-05 | gn 0.18 | 293 img/s
  ep4 step 5000/19184 | loss_w 0.3575 raw 0.0463 | lr 4.38e-05 | gn 0.18 | 293 img/s
  ep4 step 5200/19184 | loss_w 0.3575 raw 0.0463 | lr 4.35e-05 | gn 0.18 | 293 img/s
  ep4 step 5400/19184 | loss_w 0.3573 raw 0.0462 | lr 4.33e-05 | gn 0.18 | 293 img/s
  ep4 step 5600/19184 | loss_w 0.3573 raw 0.0462 | lr 4.30e-05 | gn 0.18 | 293 img/s
  ep4 step 5800/19184 | loss_w 0.3573 raw 0.0462 | lr 4.27e-05 | gn 0.18 | 293 img/s
  ep4 step 6000/19184 | loss_w 0.3574 raw 0.0462 | lr 4.25e-05 | gn 0.18 | 293 img/s
  ep4 step 6200/19184 | loss_w 0.3574 raw 0.0462 | lr 4.22e-05 | gn 0.18 | 293 img/s
  ep4 step 6400/19184 | loss_w 0.3573 raw 0.0462 | lr 4.19e-05 | gn 0.18 | 293 img/s
  ep4 step 6600/19184 | loss_w 0.3574 raw 0.0462 | lr 4.16e-05 | gn 0.18 | 293 img/s
  ep4 step 6800/19184 | loss_w 0.3576 raw 0.0462 | lr 4.14e-05 | gn 0.18 | 293 img/s
  ep4 step 7000/19184 | loss_w 0.3576 raw 0.0462 | lr 4.11e-05 | gn 0.18 | 293 img/s
  ep4 step 7200/19184 | loss_w 0.3575 raw 0.0462 | lr 4.08e-05 | gn 0.18 | 293 img/s
  ep4 step 7400/19184 | loss_w 0.3574 raw 0.0462 | lr 4.06e-05 | gn 0.18 | 293 img/s
  ep4 step 7600/19184 | loss_w 0.3575 raw 0.0461 | lr 4.03e-05 | gn 0.18 | 293 img/s
  ep4 step 7800/19184 | loss_w 0.3574 raw 0.0461 | lr 4.00e-05 | gn 0.18 | 293 img/s
  ep4 step 8000/19184 | loss_w 0.3574 raw 0.0462 | lr 3.97e-05 | gn 0.18 | 293 img/s
  ep4 step 8200/19184 | loss_w 0.3573 raw 0.0462 | lr 3.95e-05 | gn 0.18 | 293 img/s
  ep4 step 8400/19184 | loss_w 0.3573 raw 0.0462 | lr 3.92e-05 | gn 0.18 | 293 img/s
  ep4 step 8600/19184 | loss_w 0.3573 raw 0.0461 | lr 3.89e-05 | gn 0.18 | 293 img/s
  ep4 step 8800/19184 | loss_w 0.3572 raw 0.0461 | lr 3.87e-05 | gn 0.18 | 293 img/s
  ep4 step 9000/19184 | loss_w 0.3572 raw 0.0461 | lr 3.84e-05 | gn 0.18 | 293 img/s
  ep4 step 9200/19184 | loss_w 0.3572 raw 0.0461 | lr 3.81e-05 | gn 0.18 | 293 img/s
  ep4 step 9400/19184 | loss_w 0.3571 raw 0.0461 | lr 3.79e-05 | gn 0.18 | 293 img/s
  ep4 step 9600/19184 | loss_w 0.3571 raw 0.0461 | lr 3.76e-05 | gn 0.18 | 293 img/s
  ep4 step 9800/19184 | loss_w 0.3570 raw 0.0461 | lr 3.73e-05 | gn 0.18 | 293 img/s
  ep4 step 10000/19184 | loss_w 0.3571 raw 0.0461 | lr 3.71e-05 | gn 0.18 | 293 img/s
  ep4 step 10200/19184 | loss_w 0.3571 raw 0.0461 | lr 3.68e-05 | gn 0.18 | 293 img/s
  ep4 step 10400/19184 | loss_w 0.3571 raw 0.0461 | lr 3.65e-05 | gn 0.18 | 293 img/s
  ep4 step 10600/19184 | loss_w 0.3571 raw 0.0461 | lr 3.63e-05 | gn 0.18 | 293 img/s
  ep4 step 10800/19184 | loss_w 0.3571 raw 0.0461 | lr 3.60e-05 | gn 0.18 | 293 img/s
  ep4 step 11000/19184 | loss_w 0.3571 raw 0.0461 | lr 3.57e-05 | gn 0.18 | 293 img/s
  ep4 step 11200/19184 | loss_w 0.3571 raw 0.0461 | lr 3.55e-05 | gn 0.18 | 293 img/s
  ep4 step 11400/19184 | loss_w 0.3571 raw 0.0461 | lr 3.52e-05 | gn 0.18 | 293 img/s
  ep4 step 11600/19184 | loss_w 0.3571 raw 0.0461 | lr 3.50e-05 | gn 0.18 | 293 img/s
  ep4 step 11800/19184 | loss_w 0.3571 raw 0.0461 | lr 3.47e-05 | gn 0.18 | 293 img/s
  ep4 step 12000/19184 | loss_w 0.3571 raw 0.0461 | lr 3.44e-05 | gn 0.18 | 293 img/s
  ep4 step 12200/19184 | loss_w 0.3571 raw 0.0461 | lr 3.42e-05 | gn 0.18 | 293 img/s
  ep4 step 12400/19184 | loss_w 0.3571 raw 0.0461 | lr 3.39e-05 | gn 0.18 | 293 img/s
  ep4 step 12600/19184 | loss_w 0.3570 raw 0.0461 | lr 3.37e-05 | gn 0.18 | 293 img/s
  ep4 step 12800/19184 | loss_w 0.3570 raw 0.0461 | lr 3.34e-05 | gn 0.18 | 293 img/s
  ep4 step 13000/19184 | loss_w 0.3570 raw 0.0461 | lr 3.31e-05 | gn 0.18 | 293 img/s
  ep4 step 13200/19184 | loss_w 0.3570 raw 0.0461 | lr 3.29e-05 | gn 0.18 | 293 img/s
  ep4 step 13400/19184 | loss_w 0.3570 raw 0.0461 | lr 3.26e-05 | gn 0.18 | 293 img/s
  ep4 step 13600/19184 | loss_w 0.3570 raw 0.0461 | lr 3.24e-05 | gn 0.18 | 293 img/s
  ep4 step 13800/19184 | loss_w 0.3569 raw 0.0461 | lr 3.21e-05 | gn 0.18 | 293 img/s
  ep4 step 14000/19184 | loss_w 0.3569 raw 0.0461 | lr 3.18e-05 | gn 0.18 | 293 img/s
  ep4 step 14200/19184 | loss_w 0.3569 raw 0.0461 | lr 3.16e-05 | gn 0.18 | 293 img/s
  ep4 step 14400/19184 | loss_w 0.3569 raw 0.0461 | lr 3.13e-05 | gn 0.18 | 293 img/s
  ep4 step 14600/19184 | loss_w 0.3569 raw 0.0461 | lr 3.11e-05 | gn 0.18 | 293 img/s
  ep4 step 14800/19184 | loss_w 0.3569 raw 0.0461 | lr 3.08e-05 | gn 0.18 | 293 img/s
  ep4 step 15000/19184 | loss_w 0.3569 raw 0.0461 | lr 3.06e-05 | gn 0.18 | 293 img/s
  ep4 step 15200/19184 | loss_w 0.3569 raw 0.0461 | lr 3.03e-05 | gn 0.18 | 293 img/s
  ep4 step 15400/19184 | loss_w 0.3568 raw 0.0461 | lr 3.01e-05 | gn 0.18 | 293 img/s
  ep4 step 15600/19184 | loss_w 0.3568 raw 0.0461 | lr 2.98e-05 | gn 0.18 | 293 img/s
  ep4 step 15800/19184 | loss_w 0.3567 raw 0.0461 | lr 2.96e-05 | gn 0.18 | 293 img/s
  ep4 step 16000/19184 | loss_w 0.3567 raw 0.0461 | lr 2.93e-05 | gn 0.18 | 293 img/s
  ep4 step 16200/19184 | loss_w 0.3567 raw 0.0461 | lr 2.91e-05 | gn 0.17 | 293 img/s
  ep4 step 16400/19184 | loss_w 0.3568 raw 0.0461 | lr 2.88e-05 | gn 0.17 | 293 img/s
  ep4 step 16600/19184 | loss_w 0.3568 raw 0.0461 | lr 2.86e-05 | gn 0.17 | 293 img/s
  ep4 step 16800/19184 | loss_w 0.3567 raw 0.0461 | lr 2.83e-05 | gn 0.17 | 293 img/s
  ep4 step 17000/19184 | loss_w 0.3567 raw 0.0461 | lr 2.81e-05 | gn 0.17 | 293 img/s
  ep4 step 17200/19184 | loss_w 0.3567 raw 0.0461 | lr 2.78e-05 | gn 0.17 | 293 img/s
  ep4 step 17400/19184 | loss_w 0.3567 raw 0.0461 | lr 2.76e-05 | gn 0.17 | 293 img/s
  ep4 step 17600/19184 | loss_w 0.3567 raw 0.0461 | lr 2.73e-05 | gn 0.17 | 293 img/s
  ep4 step 17800/19184 | loss_w 0.3567 raw 0.0461 | lr 2.71e-05 | gn 0.17 | 293 img/s
  ep4 step 18000/19184 | loss_w 0.3567 raw 0.0460 | lr 2.68e-05 | gn 0.17 | 293 img/s
  ep4 step 18200/19184 | loss_w 0.3568 raw 0.0461 | lr 2.66e-05 | gn 0.17 | 293 img/s
  ep4 step 18400/19184 | loss_w 0.3567 raw 0.0461 | lr 2.63e-05 | gn 0.17 | 293 img/s
  ep4 step 18600/19184 | loss_w 0.3567 raw 0.0461 | lr 2.61e-05 | gn 0.17 | 293 img/s
  ep4 step 18800/19184 | loss_w 0.3567 raw 0.0461 | lr 2.59e-05 | gn 0.17 | 293 img/s
  ep4 step 19000/19184 | loss_w 0.3567 raw 0.0461 | lr 2.56e-05 | gn 0.17 | 293 img/s
epoch   4/6 | train 0.3567 | val 0.3442 (raw 0.0437) | 2097s | 293 img/s | GPU 7.8 GB
  new best (val loss_w 0.3442) -> diff_best.pt
  ep5 step 200/19184 | loss_w 0.3566 raw 0.0460 | lr 2.52e-05 | gn 0.16 | 290 img/s
  ep5 step 400/19184 | loss_w 0.3565 raw 0.0467 | lr 2.49e-05 | gn 0.16 | 291 img/s
  ep5 step 600/19184 | loss_w 0.3541 raw 0.0467 | lr 2.47e-05 | gn 0.16 | 291 img/s
  ep5 step 800/19184 | loss_w 0.3548 raw 0.0465 | lr 2.44e-05 | gn 0.16 | 292 img/s
  ep5 step 1000/19184 | loss_w 0.3550 raw 0.0462 | lr 2.42e-05 | gn 0.16 | 292 img/s
  ep5 step 1200/19184 | loss_w 0.3555 raw 0.0462 | lr 2.40e-05 | gn 0.16 | 292 img/s
  ep5 step 1400/19184 | loss_w 0.3559 raw 0.0461 | lr 2.37e-05 | gn 0.16 | 292 img/s
  ep5 step 1600/19184 | loss_w 0.3558 raw 0.0460 | lr 2.35e-05 | gn 0.16 | 292 img/s
  ep5 step 1800/19184 | loss_w 0.3560 raw 0.0460 | lr 2.33e-05 | gn 0.16 | 292 img/s
  ep5 step 2000/19184 | loss_w 0.3560 raw 0.0459 | lr 2.30e-05 | gn 0.16 | 292 img/s
  ep5 step 2200/19184 | loss_w 0.3557 raw 0.0459 | lr 2.28e-05 | gn 0.16 | 292 img/s
  ep5 step 2400/19184 | loss_w 0.3556 raw 0.0459 | lr 2.26e-05 | gn 0.16 | 292 img/s
  ep5 step 2600/19184 | loss_w 0.3556 raw 0.0459 | lr 2.23e-05 | gn 0.16 | 292 img/s
  ep5 step 2800/19184 | loss_w 0.3556 raw 0.0459 | lr 2.21e-05 | gn 0.16 | 292 img/s
  ep5 step 3000/19184 | loss_w 0.3556 raw 0.0459 | lr 2.19e-05 | gn 0.16 | 292 img/s
  ep5 step 3200/19184 | loss_w 0.3558 raw 0.0458 | lr 2.17e-05 | gn 0.16 | 292 img/s
  ep5 step 3400/19184 | loss_w 0.3555 raw 0.0458 | lr 2.14e-05 | gn 0.16 | 292 img/s
  ep5 step 3600/19184 | loss_w 0.3556 raw 0.0458 | lr 2.12e-05 | gn 0.16 | 292 img/s
  ep5 step 3800/19184 | loss_w 0.3556 raw 0.0457 | lr 2.10e-05 | gn 0.16 | 292 img/s
  ep5 step 4000/19184 | loss_w 0.3555 raw 0.0457 | lr 2.08e-05 | gn 0.16 | 292 img/s
  ep5 step 4200/19184 | loss_w 0.3553 raw 0.0458 | lr 2.05e-05 | gn 0.16 | 292 img/s
  ep5 step 4400/19184 | loss_w 0.3554 raw 0.0458 | lr 2.03e-05 | gn 0.16 | 292 img/s
  ep5 step 4600/19184 | loss_w 0.3553 raw 0.0457 | lr 2.01e-05 | gn 0.16 | 292 img/s
  ep5 step 4800/19184 | loss_w 0.3554 raw 0.0458 | lr 1.99e-05 | gn 0.16 | 292 img/s
  ep5 step 5000/19184 | loss_w 0.3551 raw 0.0458 | lr 1.97e-05 | gn 0.16 | 292 img/s
  ep5 step 5200/19184 | loss_w 0.3550 raw 0.0457 | lr 1.94e-05 | gn 0.16 | 292 img/s
  ep5 step 5400/19184 | loss_w 0.3549 raw 0.0457 | lr 1.92e-05 | gn 0.16 | 292 img/s
  ep5 step 5600/19184 | loss_w 0.3548 raw 0.0457 | lr 1.90e-05 | gn 0.16 | 292 img/s
  ep5 step 5800/19184 | loss_w 0.3546 raw 0.0457 | lr 1.88e-05 | gn 0.16 | 292 img/s
  ep5 step 6000/19184 | loss_w 0.3547 raw 0.0457 | lr 1.86e-05 | gn 0.16 | 292 img/s
  ep5 step 6200/19184 | loss_w 0.3547 raw 0.0457 | lr 1.84e-05 | gn 0.16 | 292 img/s
  ep5 step 6400/19184 | loss_w 0.3548 raw 0.0457 | lr 1.81e-05 | gn 0.16 | 293 img/s
  ep5 step 6600/19184 | loss_w 0.3547 raw 0.0457 | lr 1.79e-05 | gn 0.16 | 293 img/s
  ep5 step 6800/19184 | loss_w 0.3547 raw 0.0458 | lr 1.77e-05 | gn 0.16 | 293 img/s
  ep5 step 7000/19184 | loss_w 0.3548 raw 0.0458 | lr 1.75e-05 | gn 0.16 | 293 img/s
  ep5 step 7200/19184 | loss_w 0.3547 raw 0.0458 | lr 1.73e-05 | gn 0.16 | 293 img/s
  ep5 step 7400/19184 | loss_w 0.3547 raw 0.0458 | lr 1.71e-05 | gn 0.16 | 293 img/s
  ep5 step 7600/19184 | loss_w 0.3548 raw 0.0458 | lr 1.69e-05 | gn 0.16 | 293 img/s
  ep5 step 7800/19184 | loss_w 0.3548 raw 0.0458 | lr 1.67e-05 | gn 0.16 | 293 img/s
  ep5 step 8000/19184 | loss_w 0.3548 raw 0.0458 | lr 1.65e-05 | gn 0.16 | 293 img/s
  ep5 step 8200/19184 | loss_w 0.3548 raw 0.0458 | lr 1.63e-05 | gn 0.16 | 293 img/s
  ep5 step 8400/19184 | loss_w 0.3547 raw 0.0458 | lr 1.61e-05 | gn 0.15 | 293 img/s
  ep5 step 8600/19184 | loss_w 0.3547 raw 0.0458 | lr 1.59e-05 | gn 0.15 | 293 img/s
  ep5 step 8800/19184 | loss_w 0.3547 raw 0.0458 | lr 1.57e-05 | gn 0.15 | 293 img/s
  ep5 step 9000/19184 | loss_w 0.3547 raw 0.0458 | lr 1.55e-05 | gn 0.15 | 293 img/s
  ep5 step 9200/19184 | loss_w 0.3547 raw 0.0458 | lr 1.53e-05 | gn 0.15 | 293 img/s
  ep5 step 9400/19184 | loss_w 0.3546 raw 0.0458 | lr 1.51e-05 | gn 0.15 | 293 img/s
  ep5 step 9600/19184 | loss_w 0.3547 raw 0.0458 | lr 1.49e-05 | gn 0.15 | 293 img/s
  ep5 step 9800/19184 | loss_w 0.3546 raw 0.0458 | lr 1.47e-05 | gn 0.15 | 293 img/s
  ep5 step 10000/19184 | loss_w 0.3547 raw 0.0458 | lr 1.45e-05 | gn 0.15 | 293 img/s
  ep5 step 10200/19184 | loss_w 0.3547 raw 0.0458 | lr 1.43e-05 | gn 0.15 | 293 img/s
  ep5 step 10400/19184 | loss_w 0.3546 raw 0.0458 | lr 1.41e-05 | gn 0.15 | 293 img/s
  ep5 step 10600/19184 | loss_w 0.3546 raw 0.0458 | lr 1.39e-05 | gn 0.15 | 293 img/s
  ep5 step 10800/19184 | loss_w 0.3545 raw 0.0458 | lr 1.37e-05 | gn 0.15 | 293 img/s
  ep5 step 11000/19184 | loss_w 0.3545 raw 0.0458 | lr 1.35e-05 | gn 0.15 | 293 img/s
  ep5 step 11200/19184 | loss_w 0.3545 raw 0.0458 | lr 1.33e-05 | gn 0.15 | 293 img/s
  ep5 step 11400/19184 | loss_w 0.3545 raw 0.0458 | lr 1.32e-05 | gn 0.15 | 293 img/s
  ep5 step 11600/19184 | loss_w 0.3545 raw 0.0458 | lr 1.30e-05 | gn 0.15 | 293 img/s
  ep5 step 11800/19184 | loss_w 0.3545 raw 0.0457 | lr 1.28e-05 | gn 0.15 | 293 img/s
  ep5 step 12000/19184 | loss_w 0.3546 raw 0.0457 | lr 1.26e-05 | gn 0.15 | 293 img/s
  ep5 step 12200/19184 | loss_w 0.3545 raw 0.0457 | lr 1.24e-05 | gn 0.15 | 293 img/s
  ep5 step 12400/19184 | loss_w 0.3546 raw 0.0458 | lr 1.22e-05 | gn 0.15 | 293 img/s
  ep5 step 12600/19184 | loss_w 0.3546 raw 0.0457 | lr 1.21e-05 | gn 0.15 | 293 img/s
  ep5 step 12800/19184 | loss_w 0.3546 raw 0.0457 | lr 1.19e-05 | gn 0.15 | 293 img/s
  ep5 step 13000/19184 | loss_w 0.3546 raw 0.0457 | lr 1.17e-05 | gn 0.15 | 293 img/s
  ep5 step 13200/19184 | loss_w 0.3545 raw 0.0457 | lr 1.15e-05 | gn 0.15 | 293 img/s
  ep5 step 13400/19184 | loss_w 0.3545 raw 0.0457 | lr 1.14e-05 | gn 0.15 | 293 img/s
  ep5 step 13600/19184 | loss_w 0.3545 raw 0.0457 | lr 1.12e-05 | gn 0.15 | 293 img/s
  ep5 step 13800/19184 | loss_w 0.3545 raw 0.0457 | lr 1.10e-05 | gn 0.15 | 293 img/s
  ep5 step 14000/19184 | loss_w 0.3545 raw 0.0457 | lr 1.08e-05 | gn 0.15 | 293 img/s
  ep5 step 14200/19184 | loss_w 0.3545 raw 0.0457 | lr 1.07e-05 | gn 0.15 | 293 img/s
  ep5 step 14400/19184 | loss_w 0.3546 raw 0.0457 | lr 1.05e-05 | gn 0.15 | 293 img/s
  ep5 step 14600/19184 | loss_w 0.3546 raw 0.0457 | lr 1.03e-05 | gn 0.15 | 293 img/s
  ep5 step 14800/19184 | loss_w 0.3546 raw 0.0457 | lr 1.02e-05 | gn 0.15 | 293 img/s
  ep5 step 15000/19184 | loss_w 0.3546 raw 0.0457 | lr 1.00e-05 | gn 0.15 | 293 img/s
  ep5 step 15200/19184 | loss_w 0.3546 raw 0.0457 | lr 9.83e-06 | gn 0.15 | 293 img/s
  ep5 step 15400/19184 | loss_w 0.3546 raw 0.0457 | lr 9.67e-06 | gn 0.15 | 293 img/s
  ep5 step 15600/19184 | loss_w 0.3546 raw 0.0457 | lr 9.51e-06 | gn 0.15 | 293 img/s
  ep5 step 15800/19184 | loss_w 0.3546 raw 0.0457 | lr 9.35e-06 | gn 0.15 | 293 img/s
  ep5 step 16000/19184 | loss_w 0.3546 raw 0.0457 | lr 9.19e-06 | gn 0.15 | 293 img/s
  ep5 step 16200/19184 | loss_w 0.3545 raw 0.0457 | lr 9.03e-06 | gn 0.15 | 293 img/s
  ep5 step 16400/19184 | loss_w 0.3545 raw 0.0457 | lr 8.87e-06 | gn 0.15 | 293 img/s
  ep5 step 16600/19184 | loss_w 0.3545 raw 0.0457 | lr 8.72e-06 | gn 0.15 | 293 img/s
  ep5 step 16800/19184 | loss_w 0.3545 raw 0.0457 | lr 8.56e-06 | gn 0.15 | 293 img/s
  ep5 step 17000/19184 | loss_w 0.3546 raw 0.0457 | lr 8.41e-06 | gn 0.15 | 293 img/s
  ep5 step 17200/19184 | loss_w 0.3546 raw 0.0457 | lr 8.25e-06 | gn 0.15 | 293 img/s
  ep5 step 17400/19184 | loss_w 0.3546 raw 0.0457 | lr 8.10e-06 | gn 0.15 | 293 img/s
  ep5 step 17600/19184 | loss_w 0.3546 raw 0.0457 | lr 7.95e-06 | gn 0.15 | 293 img/s
  ep5 step 17800/19184 | loss_w 0.3546 raw 0.0458 | lr 7.81e-06 | gn 0.15 | 293 img/s
  ep5 step 18000/19184 | loss_w 0.3546 raw 0.0458 | lr 7.66e-06 | gn 0.15 | 293 img/s
  ep5 step 18200/19184 | loss_w 0.3546 raw 0.0458 | lr 7.51e-06 | gn 0.15 | 293 img/s
  ep5 step 18400/19184 | loss_w 0.3546 raw 0.0457 | lr 7.37e-06 | gn 0.15 | 293 img/s
  ep5 step 18600/19184 | loss_w 0.3546 raw 0.0458 | lr 7.23e-06 | gn 0.15 | 293 img/s
  ep5 step 18800/19184 | loss_w 0.3546 raw 0.0458 | lr 7.08e-06 | gn 0.15 | 293 img/s
  ep5 step 19000/19184 | loss_w 0.3546 raw 0.0457 | lr 6.94e-06 | gn 0.15 | 293 img/s
epoch   5/6 | train 0.3546 | val 0.3433 (raw 0.0435) | 2098s | 293 img/s | GPU 7.8 GB
  new best (val loss_w 0.3433) -> diff_best.pt
  ep6 step 200/19184 | loss_w 0.3518 raw 0.0458 | lr 6.68e-06 | gn 0.13 | 290 img/s
  ep6 step 400/19184 | loss_w 0.3519 raw 0.0456 | lr 6.54e-06 | gn 0.13 | 291 img/s
  ep6 step 600/19184 | loss_w 0.3526 raw 0.0458 | lr 6.40e-06 | gn 0.13 | 292 img/s
  ep6 step 800/19184 | loss_w 0.3534 raw 0.0458 | lr 6.27e-06 | gn 0.13 | 292 img/s
  ep6 step 1000/19184 | loss_w 0.3534 raw 0.0457 | lr 6.14e-06 | gn 0.13 | 292 img/s
  ep6 step 1200/19184 | loss_w 0.3534 raw 0.0456 | lr 6.01e-06 | gn 0.13 | 293 img/s
  ep6 step 1400/19184 | loss_w 0.3535 raw 0.0455 | lr 5.88e-06 | gn 0.13 | 293 img/s
  ep6 step 1600/19184 | loss_w 0.3536 raw 0.0457 | lr 5.75e-06 | gn 0.13 | 293 img/s
  ep6 step 1800/19184 | loss_w 0.3534 raw 0.0456 | lr 5.62e-06 | gn 0.13 | 293 img/s
  ep6 step 2000/19184 | loss_w 0.3529 raw 0.0457 | lr 5.49e-06 | gn 0.13 | 293 img/s
  ep6 step 2200/19184 | loss_w 0.3531 raw 0.0456 | lr 5.37e-06 | gn 0.13 | 293 img/s
  ep6 step 2400/19184 | loss_w 0.3528 raw 0.0456 | lr 5.24e-06 | gn 0.13 | 293 img/s
  ep6 step 2600/19184 | loss_w 0.3529 raw 0.0456 | lr 5.12e-06 | gn 0.13 | 293 img/s
  ep6 step 2800/19184 | loss_w 0.3530 raw 0.0456 | lr 5.00e-06 | gn 0.13 | 293 img/s
  ep6 step 3000/19184 | loss_w 0.3532 raw 0.0456 | lr 4.88e-06 | gn 0.13 | 293 img/s
  ep6 step 3200/19184 | loss_w 0.3532 raw 0.0456 | lr 4.76e-06 | gn 0.13 | 293 img/s
  ep6 step 3400/19184 | loss_w 0.3531 raw 0.0456 | lr 4.65e-06 | gn 0.13 | 293 img/s
  ep6 step 3600/19184 | loss_w 0.3531 raw 0.0456 | lr 4.53e-06 | gn 0.13 | 293 img/s
  ep6 step 3800/19184 | loss_w 0.3530 raw 0.0456 | lr 4.42e-06 | gn 0.13 | 293 img/s
  ep6 step 4000/19184 | loss_w 0.3529 raw 0.0456 | lr 4.31e-06 | gn 0.13 | 293 img/s
  ep6 step 4200/19184 | loss_w 0.3529 raw 0.0455 | lr 4.20e-06 | gn 0.13 | 293 img/s
  ep6 step 4400/19184 | loss_w 0.3529 raw 0.0456 | lr 4.09e-06 | gn 0.13 | 293 img/s
  ep6 step 4600/19184 | loss_w 0.3530 raw 0.0455 | lr 3.98e-06 | gn 0.13 | 293 img/s
  ep6 step 4800/19184 | loss_w 0.3529 raw 0.0455 | lr 3.87e-06 | gn 0.13 | 293 img/s
  ep6 step 5000/19184 | loss_w 0.3530 raw 0.0455 | lr 3.77e-06 | gn 0.13 | 293 img/s
  ep6 step 5200/19184 | loss_w 0.3531 raw 0.0455 | lr 3.66e-06 | gn 0.13 | 293 img/s
  ep6 step 5400/19184 | loss_w 0.3532 raw 0.0456 | lr 3.56e-06 | gn 0.13 | 293 img/s
  ep6 step 5600/19184 | loss_w 0.3532 raw 0.0455 | lr 3.46e-06 | gn 0.13 | 293 img/s
  ep6 step 5800/19184 | loss_w 0.3532 raw 0.0455 | lr 3.36e-06 | gn 0.13 | 293 img/s
  ep6 step 6000/19184 | loss_w 0.3534 raw 0.0455 | lr 3.26e-06 | gn 0.13 | 293 img/s
  ep6 step 6200/19184 | loss_w 0.3533 raw 0.0456 | lr 3.16e-06 | gn 0.13 | 293 img/s
  ep6 step 6400/19184 | loss_w 0.3533 raw 0.0455 | lr 3.07e-06 | gn 0.13 | 293 img/s
  ep6 step 6600/19184 | loss_w 0.3532 raw 0.0455 | lr 2.97e-06 | gn 0.13 | 293 img/s
  ep6 step 6800/19184 | loss_w 0.3532 raw 0.0455 | lr 2.88e-06 | gn 0.13 | 293 img/s
  ep6 step 7000/19184 | loss_w 0.3532 raw 0.0455 | lr 2.79e-06 | gn 0.13 | 293 img/s
  ep6 step 7200/19184 | loss_w 0.3531 raw 0.0455 | lr 2.70e-06 | gn 0.13 | 293 img/s
  ep6 step 7400/19184 | loss_w 0.3530 raw 0.0455 | lr 2.61e-06 | gn 0.12 | 293 img/s
  ep6 step 7600/19184 | loss_w 0.3532 raw 0.0455 | lr 2.52e-06 | gn 0.12 | 293 img/s
  ep6 step 7800/19184 | loss_w 0.3532 raw 0.0455 | lr 2.44e-06 | gn 0.12 | 293 img/s
  ep6 step 8000/19184 | loss_w 0.3533 raw 0.0455 | lr 2.35e-06 | gn 0.12 | 293 img/s
  ep6 step 8200/19184 | loss_w 0.3534 raw 0.0455 | lr 2.27e-06 | gn 0.12 | 293 img/s
  ep6 step 8400/19184 | loss_w 0.3534 raw 0.0455 | lr 2.19e-06 | gn 0.12 | 293 img/s
  ep6 step 8600/19184 | loss_w 0.3535 raw 0.0455 | lr 2.11e-06 | gn 0.12 | 293 img/s
  ep6 step 8800/19184 | loss_w 0.3536 raw 0.0455 | lr 2.03e-06 | gn 0.12 | 293 img/s
  ep6 step 9000/19184 | loss_w 0.3535 raw 0.0455 | lr 1.95e-06 | gn 0.12 | 293 img/s
  ep6 step 9200/19184 | loss_w 0.3535 raw 0.0455 | lr 1.88e-06 | gn 0.12 | 293 img/s
  ep6 step 9400/19184 | loss_w 0.3534 raw 0.0455 | lr 1.80e-06 | gn 0.12 | 293 img/s
  ep6 step 9600/19184 | loss_w 0.3535 raw 0.0455 | lr 1.73e-06 | gn 0.12 | 293 img/s
  ep6 step 9800/19184 | loss_w 0.3534 raw 0.0455 | lr 1.66e-06 | gn 0.12 | 293 img/s
  ep6 step 10000/19184 | loss_w 0.3532 raw 0.0455 | lr 1.59e-06 | gn 0.12 | 293 img/s
  ep6 step 10200/19184 | loss_w 0.3533 raw 0.0455 | lr 1.52e-06 | gn 0.12 | 293 img/s
  ep6 step 10400/19184 | loss_w 0.3532 raw 0.0455 | lr 1.46e-06 | gn 0.12 | 293 img/s
  ep6 step 10600/19184 | loss_w 0.3532 raw 0.0455 | lr 1.39e-06 | gn 0.12 | 293 img/s
  ep6 step 10800/19184 | loss_w 0.3533 raw 0.0455 | lr 1.33e-06 | gn 0.12 | 293 img/s
  ep6 step 11000/19184 | loss_w 0.3533 raw 0.0455 | lr 1.26e-06 | gn 0.12 | 293 img/s
  ep6 step 11200/19184 | loss_w 0.3534 raw 0.0455 | lr 1.20e-06 | gn 0.12 | 293 img/s
  ep6 step 11400/19184 | loss_w 0.3534 raw 0.0455 | lr 1.14e-06 | gn 0.12 | 293 img/s
  ep6 step 11600/19184 | loss_w 0.3534 raw 0.0455 | lr 1.09e-06 | gn 0.12 | 293 img/s
  ep6 step 11800/19184 | loss_w 0.3534 raw 0.0455 | lr 1.03e-06 | gn 0.12 | 293 img/s
  ep6 step 12000/19184 | loss_w 0.3534 raw 0.0454 | lr 9.75e-07 | gn 0.12 | 293 img/s
  ep6 step 12200/19184 | loss_w 0.3534 raw 0.0455 | lr 9.22e-07 | gn 0.12 | 293 img/s
  ep6 step 12400/19184 | loss_w 0.3534 raw 0.0454 | lr 8.70e-07 | gn 0.12 | 293 img/s
  ep6 step 12600/19184 | loss_w 0.3534 raw 0.0455 | lr 8.20e-07 | gn 0.12 | 293 img/s
  ep6 step 12800/19184 | loss_w 0.3534 raw 0.0454 | lr 7.71e-07 | gn 0.12 | 293 img/s
  ep6 step 13000/19184 | loss_w 0.3534 raw 0.0455 | lr 7.23e-07 | gn 0.12 | 293 img/s
  ep6 step 13200/19184 | loss_w 0.3535 raw 0.0455 | lr 6.77e-07 | gn 0.12 | 293 img/s
  ep6 step 13400/19184 | loss_w 0.3536 raw 0.0455 | lr 6.33e-07 | gn 0.12 | 293 img/s
  ep6 step 13600/19184 | loss_w 0.3536 raw 0.0455 | lr 5.90e-07 | gn 0.12 | 293 img/s
  ep6 step 13800/19184 | loss_w 0.3536 raw 0.0455 | lr 5.49e-07 | gn 0.12 | 293 img/s
  ep6 step 14000/19184 | loss_w 0.3535 raw 0.0455 | lr 5.09e-07 | gn 0.12 | 293 img/s
  ep6 step 14200/19184 | loss_w 0.3535 raw 0.0455 | lr 4.70e-07 | gn 0.12 | 293 img/s
  ep6 step 14400/19184 | loss_w 0.3534 raw 0.0455 | lr 4.33e-07 | gn 0.12 | 293 img/s
  ep6 step 14600/19184 | loss_w 0.3535 raw 0.0455 | lr 3.98e-07 | gn 0.12 | 293 img/s
  ep6 step 14800/19184 | loss_w 0.3535 raw 0.0455 | lr 3.64e-07 | gn 0.12 | 293 img/s
  ep6 step 15000/19184 | loss_w 0.3534 raw 0.0455 | lr 3.32e-07 | gn 0.12 | 293 img/s
  ep6 step 15200/19184 | loss_w 0.3535 raw 0.0455 | lr 3.01e-07 | gn 0.12 | 293 img/s
  ep6 step 15400/19184 | loss_w 0.3534 raw 0.0455 | lr 2.71e-07 | gn 0.12 | 293 img/s
  ep6 step 15600/19184 | loss_w 0.3535 raw 0.0455 | lr 2.43e-07 | gn 0.12 | 293 img/s
  ep6 step 15800/19184 | loss_w 0.3535 raw 0.0455 | lr 2.17e-07 | gn 0.12 | 293 img/s
  ep6 step 16000/19184 | loss_w 0.3535 raw 0.0455 | lr 1.92e-07 | gn 0.12 | 293 img/s
  ep6 step 16200/19184 | loss_w 0.3535 raw 0.0455 | lr 1.69e-07 | gn 0.12 | 293 img/s
  ep6 step 16400/19184 | loss_w 0.3535 raw 0.0455 | lr 1.47e-07 | gn 0.12 | 293 img/s
  ep6 step 16600/19184 | loss_w 0.3535 raw 0.0455 | lr 1.27e-07 | gn 0.12 | 293 img/s
  ep6 step 16800/19184 | loss_w 0.3535 raw 0.0455 | lr 1.08e-07 | gn 0.12 | 293 img/s
  ep6 step 17000/19184 | loss_w 0.3536 raw 0.0455 | lr 9.05e-08 | gn 0.12 | 293 img/s
  ep6 step 17200/19184 | loss_w 0.3536 raw 0.0455 | lr 7.47e-08 | gn 0.12 | 293 img/s
  ep6 step 17400/19184 | loss_w 0.3536 raw 0.0455 | lr 6.04e-08 | gn 0.12 | 293 img/s
  ep6 step 17600/19184 | loss_w 0.3536 raw 0.0456 | lr 4.76e-08 | gn 0.12 | 293 img/s
  ep6 step 17800/19184 | loss_w 0.3536 raw 0.0456 | lr 3.63e-08 | gn 0.12 | 293 img/s
  ep6 step 18000/19184 | loss_w 0.3536 raw 0.0456 | lr 2.66e-08 | gn 0.12 | 293 img/s
  ep6 step 18200/19184 | loss_w 0.3536 raw 0.0456 | lr 1.84e-08 | gn 0.12 | 293 img/s
  ep6 step 18400/19184 | loss_w 0.3536 raw 0.0456 | lr 1.17e-08 | gn 0.12 | 293 img/s
  ep6 step 18600/19184 | loss_w 0.3536 raw 0.0456 | lr 6.49e-09 | gn 0.12 | 293 img/s
  ep6 step 18800/19184 | loss_w 0.3536 raw 0.0456 | lr 2.81e-09 | gn 0.12 | 293 img/s
  ep6 step 19000/19184 | loss_w 0.3536 raw 0.0456 | lr 6.49e-10 | gn 0.12 | 293 img/s
epoch   6/6 | train 0.3536 | val 0.3431 (raw 0.0435) | 2096s | 293 img/s | GPU 18.2 GB
  sampled: MAE 0.240 (adv 0.267) | CSI@1 0.448 (adv 0.403) | CSI@8 0.072 (adv 0.058) | CRPS 0.166 (adv 0.267) | PSD 2-8km 1.04
  new best (val loss_w 0.3431) -> diff_best.pt

completed: total 218.2 min | best val loss_w 0.3431 (ep6) | DONE written -> the sbatch chain will stop
