GPU 0: NVIDIA A100-SXM4-40GB (UUID: GPU-fb373b1d-a0e6-d79f-9c84-44159c67bbcc)
host gpuhost009.jc.rl.ac.uk | CUDA ok | Tue 11 Aug 10:00:18 BST 2026
args: python /home/users/dv321/dissertation/Code/3 - Diffusion stage/train_ldm.py --attn 16 --batch 64 --cond-drop 0.1 --cond-mode full --dropout 0.0 --lr 0.0001 --mults 1,2,4 --p-mean -1.2 --p-std 1.2 --weight-decay 0.0 --width 96 --limit 60000 --epochs 3 --warmup 281 --psd-crops 96 --patience 0 --no-keep-sampled --sample-every 3 --sample-crops 96 --seed 0 --out /home/users/dv321/dissertation_outputs/hpo/ldm_coarse/trial_001_r0 --latents-dir /work/scratch-nopw2/dv321/dissertation/latents_ml_ep17 --vae /home/users/dv321/dissertation_outputs/vae_v2/vae_ep17.pt --leads 15,30,45,60
pooled sigma_data 0.7407 from [+15min 0.5800, +30min 0.7073, +45min 0.7921, +60min 0.8546]
diagnostics: 96 fixed val crops (rows 0..5999), 8 members, 25 steps
device=cuda | denoiser 38.2M params | cond=full (20ch) | sigma_data=0.7407 | latent_scale=0.784
train rows 60000 | val rows 6000 | 937 steps/epoch (batch 64) | weighted loss starts near 1.0 by construction
GPU: NVIDIA A100-SXM4-40GB | 42 GB total
  ep1 step 187/937 | loss_w 0.9287 raw 0.1292 | lr 6.62e-05 | gn 0.92 | 394 img/s
  ep1 step 374/937 | loss_w 0.8131 raw 0.1093 | lr 9.97e-05 | gn 0.99 | 414 img/s
  ep1 step 561/937 | loss_w 0.7151 raw 0.0958 | lr 9.70e-05 | gn 0.95 | 420 img/s
  ep1 step 748/937 | loss_w 0.6552 raw 0.0869 | lr 9.19e-05 | gn 0.92 | 424 img/s
  ep1 step 935/937 | loss_w 0.6151 raw 0.0812 | lr 8.44e-05 | gn 0.88 | 426 img/s
epoch   1/3 | train 0.6147 | val 0.7746 (raw 0.1008) | 141s | 426 img/s | GPU 10.4 GB
  new best (val loss_w 0.7746) -> diff_best.pt
  ep2 step 187/937 | loss_w 0.4397 raw 0.0556 | lr 7.51e-05 | gn 0.69 | 428 img/s
  ep2 step 374/937 | loss_w 0.4370 raw 0.0552 | lr 6.44e-05 | gn 0.72 | 432 img/s
  ep2 step 561/937 | loss_w 0.4337 raw 0.0549 | lr 5.30e-05 | gn 0.68 | 433 img/s
  ep2 step 748/937 | loss_w 0.4304 raw 0.0548 | lr 4.15e-05 | gn 0.66 | 433 img/s
  ep2 step 935/937 | loss_w 0.4289 raw 0.0549 | lr 3.04e-05 | gn 0.63 | 434 img/s
epoch   2/3 | train 0.4288 | val 0.4920 (raw 0.0619) | 138s | 434 img/s | GPU 10.4 GB
  new best (val loss_w 0.4920) -> diff_best.pt
  ep3 step 187/937 | loss_w 0.4175 raw 0.0534 | lr 2.02e-05 | gn 0.46 | 434 img/s
  ep3 step 374/937 | loss_w 0.4166 raw 0.0532 | lr 1.18e-05 | gn 0.41 | 434 img/s
  ep3 step 561/937 | loss_w 0.4164 raw 0.0532 | lr 5.38e-06 | gn 0.38 | 435 img/s
  ep3 step 748/937 | loss_w 0.4152 raw 0.0530 | lr 1.39e-06 | gn 0.35 | 435 img/s
  ep3 step 935/937 | loss_w 0.4153 raw 0.0529 | lr 3.47e-10 | gn 0.32 | 435 img/s
epoch   3/3 | train 0.4153 | val 0.4263 (raw 0.0542) | 138s | 435 img/s | GPU 12.9 GB
  sampled: MAE 0.265 (adv 0.280) | CSI@1 0.448 (adv 0.428) | CSI@8 0.047 (adv 0.057) | CRPS 0.193 (adv 0.280) | PSD 2-8km 0.54
  new best (val loss_w 0.4263) -> diff_best.pt

completed: total 8.2 min | best val loss_w 0.4263 (ep3) | DONE written -> the sbatch chain will stop
