GPU 0: NVIDIA A100-SXM4-40GB (UUID: GPU-f3838f92-faf3-338c-d658-93fc74ddc181)
host gpuhost015.jc.rl.ac.uk | CUDA ok | Mon 10 Aug 23:28:42 BST 2026
args: python /home/users/dv321/dissertation/Code/3 - Diffusion stage/train_regression.py --dropout 0.0 --lr 0.0001 --weight-decay 0.0 --width 192 --limit 60000 --epochs 2 --warmup 187 --psd-crops 96 --patience 0 --no-keep-sampled --diag-every 2 --diag-crops 96 --seed 0 --out /home/users/dv321/dissertation_outputs/hpo/reg_coarse/trial_005_r0 --latents-dir /work/scratch-nopw2/dv321/dissertation/latents_ml_ep17 --vae /home/users/dv321/dissertation_outputs/vae_v2/vae_ep17.pt --leads 15,30,45,60 --target delta --cond-mode full
target=delta | pooled std 0.7407 | mean +0.0619 | E[target^2] train 0.5525 val 0.5604
  per shard: [+15min sd 0.5800 E[t^2] 0.3395, +30min sd 0.7073 E[t^2] 0.5038, +45min sd 0.7921 E[t^2] 0.6314, +60min sd 0.8546 E[t^2] 0.7352]
diagnostics: 96 fixed val crops (rows 0..5999)
device=cuda | R_phi 143.1M params | cond=full (20ch) -> 4ch | latent_scale=0.784
train rows 60000 | val rows 6000 | 937 steps/epoch (batch 64)
data-path check: batch E[target^2] 0.3890 vs pack meta 0.5604 (ratio 0.694) | untrained MSE 0.3890 -> EV +0.0000 (must be ~0.000 on a fresh start)
  ep1 step 187/937 | mse 0.4587 (win 0.4587) | EV 0.170 (win 0.170) | lr 9.95e-05 | gn 1.05 | 181 img/s
  ep1 step 374/937 | mse 0.4103 (win 0.3619) | EV 0.257 (win 0.345) | lr 9.70e-05 | gn 0.92 | 185 img/s
  ep1 step 561/937 | mse 0.3880 (win 0.3434) | EV 0.298 (win 0.378) | lr 8.84e-05 | gn 0.83 | 187 img/s
  ep1 step 748/937 | mse 0.3745 (win 0.3341) | EV 0.322 (win 0.395) | lr 7.52e-05 | gn 0.77 | 188 img/s
  ep1 step 935/937 | mse 0.3659 (win 0.3314) | EV 0.338 (win 0.400) | lr 5.89e-05 | gn 0.72 | 188 img/s
epoch   1/2 | train mse 0.36578 (EV 0.3379) | val mse 0.41637 (EV 0.2570) | 319s | 188 img/s | GPU 22.0 GB
  val EV per lead: +15min 0.2369, +30min 0.2565, +45min 0.2554, +60min 0.2679
  ABORT-B (PASS) after epoch 1: val EV 0.2570 against threshold 0.020
  new best (val MSE 0.41637, EV 0.2570) -> reg_best.pt
  ep2 step 187/937 | mse 0.3283 (win 0.3283) | EV 0.406 (win 0.406) | lr 4.14e-05 | gn 0.45 | 190 img/s
  ep2 step 374/937 | mse 0.3259 (win 0.3236) | EV 0.410 (win 0.414) | lr 2.51e-05 | gn 0.43 | 190 img/s
  ep2 step 561/937 | mse 0.3238 (win 0.3195) | EV 0.414 (win 0.422) | lr 1.18e-05 | gn 0.42 | 190 img/s
  ep2 step 748/937 | mse 0.3223 (win 0.3180) | EV 0.417 (win 0.425) | lr 3.10e-06 | gn 0.40 | 190 img/s
  ep2 step 935/937 | mse 0.3223 (win 0.3221) | EV 0.417 (win 0.417) | lr 7.80e-10 | gn 0.38 | 190 img/s
epoch   2/2 | train mse 0.32228 (EV 0.4167) | val mse 0.34544 (EV 0.3836) | 316s | 190 img/s | GPU 25.6 GB
  val EV per lead: +15min 0.3460, +30min 0.3806, +45min 0.3871, +60min 0.3995
  decoded: MAE 0.220 (adv 0.280) | CSI@1 0.467 (adv 0.428) | CSI@8 0.064 (adv 0.057) | PSD 2-8km band power 0.07 (adv 0.77)
  new best (val MSE 0.34544, EV 0.3836) -> reg_best.pt

GATE-C (PASS): pooled val EV 0.3836 against threshold 0.10. sigma_data would fall 0.7407 -> 0.5815 (21.5%).

completed: total 11.3 min | best val MSE 0.34544 (ep2) | DONE written -> the sbatch chain will stop
