GPU 0: NVIDIA A100-SXM4-40GB (UUID: GPU-ed4895e1-5b96-c2d1-cf62-5d9e625aba0c)
host gpuhost009.jc.rl.ac.uk | CUDA ok | Tue 11 Aug 10:24:17 BST 2026
args: python /home/users/dv321/dissertation/Code/3 - Diffusion stage/train_ldm.py --attn 16 --batch 64 --cond-drop 0.1 --cond-mode full --dropout 0.0 --lr 0.0001 --mults 1,2,4 --p-mean -1.6 --p-std 1.2 --weight-decay 0.0 --width 128 --limit 60000 --epochs 3 --warmup 281 --psd-crops 96 --patience 0 --no-keep-sampled --sample-every 3 --sample-crops 96 --seed 0 --out /home/users/dv321/dissertation_outputs/hpo/ldm_coarse/trial_009_r0 --latents-dir /work/scratch-nopw2/dv321/dissertation/latents_ml_ep17 --vae /home/users/dv321/dissertation_outputs/vae_v2/vae_ep17.pt --leads 15,30,45,60
pooled sigma_data 0.7407 from [+15min 0.5800, +30min 0.7073, +45min 0.7921, +60min 0.8546]
diagnostics: 96 fixed val crops (rows 0..5999), 8 members, 25 steps
device=cuda | denoiser 65.7M params | cond=full (20ch) | sigma_data=0.7407 | latent_scale=0.784
train rows 60000 | val rows 6000 | 937 steps/epoch (batch 64) | weighted loss starts near 1.0 by construction
GPU: NVIDIA A100-SXM4-40GB | 42 GB total
  ep1 step 187/937 | loss_w 0.9415 raw 0.0913 | lr 6.62e-05 | gn 0.81 | 306 img/s
  ep1 step 374/937 | loss_w 0.7961 raw 0.0747 | lr 9.97e-05 | gn 1.03 | 316 img/s
  ep1 step 561/937 | loss_w 0.7035 raw 0.0650 | lr 9.70e-05 | gn 0.97 | 319 img/s
  ep1 step 748/937 | loss_w 0.6487 raw 0.0588 | lr 9.19e-05 | gn 0.93 | 321 img/s
  ep1 step 935/937 | loss_w 0.6117 raw 0.0552 | lr 8.44e-05 | gn 0.90 | 322 img/s
epoch   1/3 | train 0.6114 | val 0.7997 (raw 0.0720) | 186s | 322 img/s | GPU 14.1 GB
  new best (val loss_w 0.7997) -> diff_best.pt
  ep2 step 187/937 | loss_w 0.4534 raw 0.0380 | lr 7.51e-05 | gn 0.73 | 324 img/s
  ep2 step 374/937 | loss_w 0.4505 raw 0.0376 | lr 6.44e-05 | gn 0.70 | 325 img/s
  ep2 step 561/937 | loss_w 0.4465 raw 0.0376 | lr 5.30e-05 | gn 0.68 | 326 img/s
  ep2 step 748/937 | loss_w 0.4443 raw 0.0376 | lr 4.15e-05 | gn 0.65 | 326 img/s
  ep2 step 935/937 | loss_w 0.4428 raw 0.0376 | lr 3.04e-05 | gn 0.62 | 326 img/s
epoch   2/3 | train 0.4429 | val 0.5175 (raw 0.0430) | 184s | 326 img/s | GPU 14.1 GB
  new best (val loss_w 0.5175) -> diff_best.pt
  ep3 step 187/937 | loss_w 0.4328 raw 0.0370 | lr 2.02e-05 | gn 0.44 | 325 img/s
  ep3 step 374/937 | loss_w 0.4317 raw 0.0366 | lr 1.18e-05 | gn 0.40 | 326 img/s
  ep3 step 561/937 | loss_w 0.4307 raw 0.0367 | lr 5.38e-06 | gn 0.37 | 326 img/s
  ep3 step 748/937 | loss_w 0.4297 raw 0.0364 | lr 1.39e-06 | gn 0.33 | 326 img/s
  ep3 step 935/937 | loss_w 0.4301 raw 0.0364 | lr 3.47e-10 | gn 0.31 | 326 img/s
epoch   3/3 | train 0.4301 | val 0.4443 (raw 0.0375) | 184s | 326 img/s | GPU 18.1 GB
  sampled: MAE 0.266 (adv 0.280) | CSI@1 0.447 (adv 0.428) | CSI@8 0.035 (adv 0.057) | CRPS 0.194 (adv 0.280) | PSD 2-8km 0.55
  new best (val loss_w 0.4443) -> diff_best.pt

completed: total 10.7 min | best val loss_w 0.4443 (ep3) | DONE written -> the sbatch chain will stop
