GPU 0: NVIDIA A100-SXM4-40GB (UUID: GPU-fd44c3fd-4b0e-15d5-ab86-953f425edc52)
host gpuhost010.jc.rl.ac.uk | CUDA ok | Wed 12 Aug 16:19:05 BST 2026
args: python /home/users/dv321/dissertation/Code/3 - Diffusion stage/train_ldm.py --attn 16 --batch 32 --cond-drop 0.1 --cond-mode full --dropout 0.0 --lr 0.0002 --mults 1,2,4 --p-mean -1.2 --p-std 1.2 --weight-decay 0.0 --width 128 --limit 613892 --epochs 6 --warmup 1000 --psd-crops 128 --patience 0 --no-keep-sampled --sample-every 6 --sample-crops 128 --seed 0 --out /home/users/dv321/dissertation_outputs/hpo/ldm_coarse/trial_017_r2 --latents-dir /work/scratch-nopw2/dv321/dissertation/latents_ml_ep17 --vae /home/users/dv321/dissertation_outputs/vae_v2/vae_ep17.pt --leads 15,30,45,60
pooled sigma_data 0.7407 from [+15min 0.5800, +30min 0.7073, +45min 0.7921, +60min 0.8546]
diagnostics: 128 fixed val crops (rows 0..53123), 8 members, 25 steps
device=cuda | denoiser 65.7M params | cond=full (20ch) | sigma_data=0.7407 | latent_scale=0.784
train rows 613892 | val rows 53124 | 19184 steps/epoch (batch 32) | weighted loss starts near 1.0 by construction
GPU: NVIDIA A100-SXM4-40GB | 42 GB total
  ep1 step 200/19184 | loss_w 0.9415 raw 0.1341 | lr 3.98e-05 | gn 1.09 | 265 img/s
  ep1 step 400/19184 | loss_w 0.8398 raw 0.1144 | lr 7.98e-05 | gn 1.14 | 278 img/s
  ep1 step 600/19184 | loss_w 0.7349 raw 0.0988 | lr 1.20e-04 | gn 1.11 | 283 img/s
  ep1 step 800/19184 | loss_w 0.6705 raw 0.0891 | lr 1.60e-04 | gn 1.09 | 285 img/s
  ep1 step 1000/19184 | loss_w 0.6251 raw 0.0827 | lr 2.00e-04 | gn 1.04 | 286 img/s
  ep1 step 1200/19184 | loss_w 0.5926 raw 0.0782 | lr 2.00e-04 | gn 1.00 | 287 img/s
  ep1 step 1400/19184 | loss_w 0.5684 raw 0.0747 | lr 2.00e-04 | gn 0.96 | 288 img/s
  ep1 step 1600/19184 | loss_w 0.5486 raw 0.0720 | lr 2.00e-04 | gn 0.91 | 288 img/s
  ep1 step 1800/19184 | loss_w 0.5325 raw 0.0699 | lr 2.00e-04 | gn 0.87 | 289 img/s
  ep1 step 2000/19184 | loss_w 0.5189 raw 0.0681 | lr 2.00e-04 | gn 0.83 | 289 img/s
  ep1 step 2200/19184 | loss_w 0.5084 raw 0.0668 | lr 2.00e-04 | gn 0.81 | 289 img/s
  ep1 step 2400/19184 | loss_w 0.4988 raw 0.0655 | lr 2.00e-04 | gn 0.78 | 289 img/s
  ep1 step 2600/19184 | loss_w 0.4910 raw 0.0645 | lr 2.00e-04 | gn 0.76 | 290 img/s
  ep1 step 2800/19184 | loss_w 0.4841 raw 0.0635 | lr 2.00e-04 | gn 0.74 | 290 img/s
  ep1 step 3000/19184 | loss_w 0.4780 raw 0.0626 | lr 2.00e-04 | gn 0.72 | 290 img/s
  ep1 step 3200/19184 | loss_w 0.4724 raw 0.0618 | lr 2.00e-04 | gn 0.70 | 290 img/s
  ep1 step 3400/19184 | loss_w 0.4675 raw 0.0612 | lr 2.00e-04 | gn 0.69 | 290 img/s
  ep1 step 3600/19184 | loss_w 0.4633 raw 0.0606 | lr 2.00e-04 | gn 0.67 | 290 img/s
  ep1 step 3800/19184 | loss_w 0.4596 raw 0.0601 | lr 2.00e-04 | gn 0.66 | 290 img/s
  ep1 step 4000/19184 | loss_w 0.4559 raw 0.0596 | lr 2.00e-04 | gn 0.65 | 290 img/s
  ep1 step 4200/19184 | loss_w 0.4527 raw 0.0591 | lr 2.00e-04 | gn 0.63 | 290 img/s
  ep1 step 4400/19184 | loss_w 0.4499 raw 0.0587 | lr 2.00e-04 | gn 0.62 | 291 img/s
  ep1 step 4600/19184 | loss_w 0.4471 raw 0.0583 | lr 2.00e-04 | gn 0.61 | 291 img/s
  ep1 step 4800/19184 | loss_w 0.4445 raw 0.0580 | lr 1.99e-04 | gn 0.60 | 291 img/s
  ep1 step 5000/19184 | loss_w 0.4420 raw 0.0576 | lr 1.99e-04 | gn 0.59 | 291 img/s
  ep1 step 5200/19184 | loss_w 0.4395 raw 0.0573 | lr 1.99e-04 | gn 0.59 | 291 img/s
  ep1 step 5400/19184 | loss_w 0.4374 raw 0.0570 | lr 1.99e-04 | gn 0.58 | 291 img/s
  ep1 step 5600/19184 | loss_w 0.4353 raw 0.0568 | lr 1.99e-04 | gn 0.57 | 291 img/s
  ep1 step 5800/19184 | loss_w 0.4336 raw 0.0565 | lr 1.99e-04 | gn 0.56 | 291 img/s
  ep1 step 6000/19184 | loss_w 0.4318 raw 0.0563 | lr 1.99e-04 | gn 0.56 | 291 img/s
  ep1 step 6200/19184 | loss_w 0.4301 raw 0.0560 | lr 1.99e-04 | gn 0.55 | 291 img/s
  ep1 step 6400/19184 | loss_w 0.4286 raw 0.0559 | lr 1.99e-04 | gn 0.54 | 291 img/s
  ep1 step 6600/19184 | loss_w 0.4270 raw 0.0557 | lr 1.99e-04 | gn 0.54 | 291 img/s
  ep1 step 6800/19184 | loss_w 0.4256 raw 0.0555 | lr 1.99e-04 | gn 0.53 | 291 img/s
  ep1 step 7000/19184 | loss_w 0.4242 raw 0.0553 | lr 1.99e-04 | gn 0.53 | 291 img/s
  ep1 step 7200/19184 | loss_w 0.4228 raw 0.0552 | lr 1.99e-04 | gn 0.52 | 291 img/s
  ep1 step 7400/19184 | loss_w 0.4216 raw 0.0550 | lr 1.98e-04 | gn 0.51 | 291 img/s
  ep1 step 7600/19184 | loss_w 0.4205 raw 0.0548 | lr 1.98e-04 | gn 0.51 | 291 img/s
  ep1 step 7800/19184 | loss_w 0.4194 raw 0.0546 | lr 1.98e-04 | gn 0.50 | 291 img/s
  ep1 step 8000/19184 | loss_w 0.4183 raw 0.0545 | lr 1.98e-04 | gn 0.50 | 291 img/s
  ep1 step 8200/19184 | loss_w 0.4173 raw 0.0544 | lr 1.98e-04 | gn 0.49 | 291 img/s
  ep1 step 8400/19184 | loss_w 0.4162 raw 0.0543 | lr 1.98e-04 | gn 0.49 | 291 img/s
  ep1 step 8600/19184 | loss_w 0.4154 raw 0.0542 | lr 1.98e-04 | gn 0.49 | 291 img/s
  ep1 step 8800/19184 | loss_w 0.4144 raw 0.0540 | lr 1.98e-04 | gn 0.48 | 291 img/s
  ep1 step 9000/19184 | loss_w 0.4135 raw 0.0539 | lr 1.98e-04 | gn 0.48 | 291 img/s
  ep1 step 9200/19184 | loss_w 0.4126 raw 0.0538 | lr 1.97e-04 | gn 0.47 | 291 img/s
  ep1 step 9400/19184 | loss_w 0.4117 raw 0.0537 | lr 1.97e-04 | gn 0.47 | 291 img/s
  ep1 step 9600/19184 | loss_w 0.4110 raw 0.0536 | lr 1.97e-04 | gn 0.47 | 291 img/s
  ep1 step 9800/19184 | loss_w 0.4102 raw 0.0535 | lr 1.97e-04 | gn 0.46 | 291 img/s
  ep1 step 10000/19184 | loss_w 0.4095 raw 0.0534 | lr 1.97e-04 | gn 0.46 | 292 img/s
  ep1 step 10200/19184 | loss_w 0.4088 raw 0.0533 | lr 1.97e-04 | gn 0.45 | 292 img/s
  ep1 step 10400/19184 | loss_w 0.4081 raw 0.0532 | lr 1.97e-04 | gn 0.45 | 292 img/s
  ep1 step 10600/19184 | loss_w 0.4074 raw 0.0531 | lr 1.97e-04 | gn 0.45 | 292 img/s
  ep1 step 10800/19184 | loss_w 0.4067 raw 0.0530 | lr 1.96e-04 | gn 0.45 | 292 img/s
  ep1 step 11000/19184 | loss_w 0.4061 raw 0.0529 | lr 1.96e-04 | gn 0.44 | 292 img/s
  ep1 step 11200/19184 | loss_w 0.4055 raw 0.0528 | lr 1.96e-04 | gn 0.44 | 292 img/s
  ep1 step 11400/19184 | loss_w 0.4048 raw 0.0527 | lr 1.96e-04 | gn 0.44 | 292 img/s
  ep1 step 11600/19184 | loss_w 0.4042 raw 0.0526 | lr 1.96e-04 | gn 0.43 | 292 img/s
  ep1 step 11800/19184 | loss_w 0.4037 raw 0.0526 | lr 1.96e-04 | gn 0.43 | 292 img/s
  ep1 step 12000/19184 | loss_w 0.4031 raw 0.0525 | lr 1.95e-04 | gn 0.43 | 292 img/s
  ep1 step 12200/19184 | loss_w 0.4026 raw 0.0525 | lr 1.95e-04 | gn 0.43 | 292 img/s
  ep1 step 12400/19184 | loss_w 0.4020 raw 0.0524 | lr 1.95e-04 | gn 0.42 | 292 img/s
  ep1 step 12600/19184 | loss_w 0.4015 raw 0.0523 | lr 1.95e-04 | gn 0.42 | 292 img/s
  ep1 step 12800/19184 | loss_w 0.4010 raw 0.0522 | lr 1.95e-04 | gn 0.42 | 292 img/s
  ep1 step 13000/19184 | loss_w 0.4005 raw 0.0522 | lr 1.95e-04 | gn 0.42 | 292 img/s
  ep1 step 13200/19184 | loss_w 0.4000 raw 0.0521 | lr 1.94e-04 | gn 0.41 | 292 img/s
  ep1 step 13400/19184 | loss_w 0.3995 raw 0.0520 | lr 1.94e-04 | gn 0.41 | 292 img/s
  ep1 step 13600/19184 | loss_w 0.3991 raw 0.0520 | lr 1.94e-04 | gn 0.41 | 292 img/s
  ep1 step 13800/19184 | loss_w 0.3987 raw 0.0519 | lr 1.94e-04 | gn 0.41 | 292 img/s
  ep1 step 14000/19184 | loss_w 0.3983 raw 0.0518 | lr 1.94e-04 | gn 0.41 | 292 img/s
  ep1 step 14200/19184 | loss_w 0.3979 raw 0.0518 | lr 1.93e-04 | gn 0.40 | 292 img/s
  ep1 step 14400/19184 | loss_w 0.3974 raw 0.0517 | lr 1.93e-04 | gn 0.40 | 292 img/s
  ep1 step 14600/19184 | loss_w 0.3970 raw 0.0516 | lr 1.93e-04 | gn 0.40 | 292 img/s
  ep1 step 14800/19184 | loss_w 0.3967 raw 0.0516 | lr 1.93e-04 | gn 0.40 | 292 img/s
  ep1 step 15000/19184 | loss_w 0.3963 raw 0.0516 | lr 1.93e-04 | gn 0.39 | 292 img/s
  ep1 step 15200/19184 | loss_w 0.3958 raw 0.0515 | lr 1.92e-04 | gn 0.39 | 292 img/s
  ep1 step 15400/19184 | loss_w 0.3955 raw 0.0515 | lr 1.92e-04 | gn 0.39 | 292 img/s
  ep1 step 15600/19184 | loss_w 0.3951 raw 0.0514 | lr 1.92e-04 | gn 0.39 | 292 img/s
  ep1 step 15800/19184 | loss_w 0.3948 raw 0.0514 | lr 1.92e-04 | gn 0.39 | 292 img/s
  ep1 step 16000/19184 | loss_w 0.3945 raw 0.0513 | lr 1.92e-04 | gn 0.39 | 292 img/s
  ep1 step 16200/19184 | loss_w 0.3942 raw 0.0513 | lr 1.91e-04 | gn 0.38 | 292 img/s
  ep1 step 16400/19184 | loss_w 0.3938 raw 0.0513 | lr 1.91e-04 | gn 0.38 | 292 img/s
  ep1 step 16600/19184 | loss_w 0.3935 raw 0.0512 | lr 1.91e-04 | gn 0.38 | 292 img/s
  ep1 step 16800/19184 | loss_w 0.3932 raw 0.0512 | lr 1.91e-04 | gn 0.38 | 292 img/s
  ep1 step 17000/19184 | loss_w 0.3929 raw 0.0511 | lr 1.90e-04 | gn 0.38 | 292 img/s
  ep1 step 17200/19184 | loss_w 0.3926 raw 0.0511 | lr 1.90e-04 | gn 0.38 | 292 img/s
  ep1 step 17400/19184 | loss_w 0.3923 raw 0.0511 | lr 1.90e-04 | gn 0.37 | 292 img/s
  ep1 step 17600/19184 | loss_w 0.3919 raw 0.0510 | lr 1.90e-04 | gn 0.37 | 292 img/s
  ep1 step 17800/19184 | loss_w 0.3917 raw 0.0510 | lr 1.89e-04 | gn 0.37 | 292 img/s
  ep1 step 18000/19184 | loss_w 0.3914 raw 0.0510 | lr 1.89e-04 | gn 0.37 | 292 img/s
  ep1 step 18200/19184 | loss_w 0.3911 raw 0.0509 | lr 1.89e-04 | gn 0.37 | 292 img/s
  ep1 step 18400/19184 | loss_w 0.3909 raw 0.0509 | lr 1.89e-04 | gn 0.37 | 292 img/s
  ep1 step 18600/19184 | loss_w 0.3906 raw 0.0509 | lr 1.88e-04 | gn 0.37 | 292 img/s
  ep1 step 18800/19184 | loss_w 0.3904 raw 0.0509 | lr 1.88e-04 | gn 0.36 | 292 img/s
  ep1 step 19000/19184 | loss_w 0.3901 raw 0.0508 | lr 1.88e-04 | gn 0.36 | 292 img/s
epoch   1/6 | train 0.3899 | val 0.3525 (raw 0.0450) | 2103s | 292 img/s | GPU 7.8 GB
  new best (val loss_w 0.3525) -> diff_best.pt
  ep2 step 200/19184 | loss_w 0.3632 raw 0.0475 | lr 1.87e-04 | gn 0.23 | 289 img/s
  ep2 step 400/19184 | loss_w 0.3637 raw 0.0479 | lr 1.87e-04 | gn 0.22 | 291 img/s
  ep2 step 600/19184 | loss_w 0.3644 raw 0.0479 | lr 1.87e-04 | gn 0.22 | 291 img/s
  ep2 step 800/19184 | loss_w 0.3642 raw 0.0478 | lr 1.87e-04 | gn 0.22 | 291 img/s
  ep2 step 1000/19184 | loss_w 0.3646 raw 0.0479 | lr 1.86e-04 | gn 0.23 | 291 img/s
  ep2 step 1200/19184 | loss_w 0.3648 raw 0.0480 | lr 1.86e-04 | gn 0.23 | 292 img/s
  ep2 step 1400/19184 | loss_w 0.3641 raw 0.0479 | lr 1.86e-04 | gn 0.23 | 292 img/s
  ep2 step 1600/19184 | loss_w 0.3644 raw 0.0479 | lr 1.86e-04 | gn 0.23 | 292 img/s
  ep2 step 1800/19184 | loss_w 0.3644 raw 0.0478 | lr 1.85e-04 | gn 0.23 | 292 img/s
  ep2 step 2000/19184 | loss_w 0.3642 raw 0.0478 | lr 1.85e-04 | gn 0.23 | 292 img/s
  ep2 step 2200/19184 | loss_w 0.3644 raw 0.0478 | lr 1.85e-04 | gn 0.23 | 292 img/s
  ep2 step 2400/19184 | loss_w 0.3643 raw 0.0478 | lr 1.84e-04 | gn 0.22 | 292 img/s
  ep2 step 2600/19184 | loss_w 0.3643 raw 0.0477 | lr 1.84e-04 | gn 0.22 | 292 img/s
  ep2 step 2800/19184 | loss_w 0.3649 raw 0.0476 | lr 1.84e-04 | gn 0.22 | 292 img/s
  ep2 step 3000/19184 | loss_w 0.3650 raw 0.0476 | lr 1.83e-04 | gn 0.22 | 292 img/s
  ep2 step 3200/19184 | loss_w 0.3648 raw 0.0477 | lr 1.83e-04 | gn 0.22 | 292 img/s
  ep2 step 3400/19184 | loss_w 0.3650 raw 0.0477 | lr 1.83e-04 | gn 0.22 | 292 img/s
  ep2 step 3600/19184 | loss_w 0.3651 raw 0.0477 | lr 1.83e-04 | gn 0.22 | 292 img/s
  ep2 step 3800/19184 | loss_w 0.3652 raw 0.0478 | lr 1.82e-04 | gn 0.22 | 292 img/s
  ep2 step 4000/19184 | loss_w 0.3655 raw 0.0478 | lr 1.82e-04 | gn 0.22 | 292 img/s
  ep2 step 4200/19184 | loss_w 0.3654 raw 0.0478 | lr 1.82e-04 | gn 0.22 | 292 img/s
  ep2 step 4400/19184 | loss_w 0.3652 raw 0.0478 | lr 1.81e-04 | gn 0.22 | 292 img/s
  ep2 step 4600/19184 | loss_w 0.3650 raw 0.0478 | lr 1.81e-04 | gn 0.22 | 292 img/s
  ep2 step 4800/19184 | loss_w 0.3650 raw 0.0477 | lr 1.81e-04 | gn 0.22 | 292 img/s
  ep2 step 5000/19184 | loss_w 0.3648 raw 0.0477 | lr 1.80e-04 | gn 0.22 | 292 img/s
  ep2 step 5200/19184 | loss_w 0.3648 raw 0.0478 | lr 1.80e-04 | gn 0.22 | 292 img/s
  ep2 step 5400/19184 | loss_w 0.3646 raw 0.0478 | lr 1.80e-04 | gn 0.22 | 292 img/s
  ep2 step 5600/19184 | loss_w 0.3645 raw 0.0477 | lr 1.79e-04 | gn 0.22 | 292 img/s
  ep2 step 5800/19184 | loss_w 0.3646 raw 0.0477 | lr 1.79e-04 | gn 0.22 | 292 img/s
  ep2 step 6000/19184 | loss_w 0.3646 raw 0.0477 | lr 1.79e-04 | gn 0.22 | 292 img/s
  ep2 step 6200/19184 | loss_w 0.3646 raw 0.0478 | lr 1.78e-04 | gn 0.22 | 292 img/s
  ep2 step 6400/19184 | loss_w 0.3644 raw 0.0477 | lr 1.78e-04 | gn 0.22 | 292 img/s
  ep2 step 6600/19184 | loss_w 0.3644 raw 0.0477 | lr 1.78e-04 | gn 0.22 | 292 img/s
  ep2 step 6800/19184 | loss_w 0.3645 raw 0.0477 | lr 1.77e-04 | gn 0.22 | 292 img/s
  ep2 step 7000/19184 | loss_w 0.3644 raw 0.0477 | lr 1.77e-04 | gn 0.22 | 292 img/s
  ep2 step 7200/19184 | loss_w 0.3643 raw 0.0477 | lr 1.77e-04 | gn 0.22 | 292 img/s
  ep2 step 7400/19184 | loss_w 0.3642 raw 0.0477 | lr 1.76e-04 | gn 0.22 | 292 img/s
  ep2 step 7600/19184 | loss_w 0.3643 raw 0.0477 | lr 1.76e-04 | gn 0.22 | 292 img/s
  ep2 step 7800/19184 | loss_w 0.3642 raw 0.0476 | lr 1.75e-04 | gn 0.22 | 292 img/s
  ep2 step 8000/19184 | loss_w 0.3641 raw 0.0476 | lr 1.75e-04 | gn 0.21 | 292 img/s
  ep2 step 8200/19184 | loss_w 0.3641 raw 0.0476 | lr 1.75e-04 | gn 0.21 | 292 img/s
  ep2 step 8400/19184 | loss_w 0.3641 raw 0.0476 | lr 1.74e-04 | gn 0.21 | 292 img/s
  ep2 step 8600/19184 | loss_w 0.3641 raw 0.0475 | lr 1.74e-04 | gn 0.21 | 292 img/s
  ep2 step 8800/19184 | loss_w 0.3640 raw 0.0475 | lr 1.74e-04 | gn 0.21 | 292 img/s
  ep2 step 9000/19184 | loss_w 0.3639 raw 0.0475 | lr 1.73e-04 | gn 0.21 | 292 img/s
  ep2 step 9200/19184 | loss_w 0.3639 raw 0.0475 | lr 1.73e-04 | gn 0.21 | 292 img/s
  ep2 step 9400/19184 | loss_w 0.3638 raw 0.0475 | lr 1.73e-04 | gn 0.21 | 292 img/s
  ep2 step 9600/19184 | loss_w 0.3637 raw 0.0475 | lr 1.72e-04 | gn 0.21 | 292 img/s
  ep2 step 9800/19184 | loss_w 0.3636 raw 0.0475 | lr 1.72e-04 | gn 0.21 | 292 img/s
  ep2 step 10000/19184 | loss_w 0.3636 raw 0.0475 | lr 1.71e-04 | gn 0.21 | 292 img/s
  ep2 step 10200/19184 | loss_w 0.3635 raw 0.0475 | lr 1.71e-04 | gn 0.21 | 292 img/s
  ep2 step 10400/19184 | loss_w 0.3634 raw 0.0475 | lr 1.71e-04 | gn 0.21 | 292 img/s
  ep2 step 10600/19184 | loss_w 0.3634 raw 0.0475 | lr 1.70e-04 | gn 0.21 | 292 img/s
  ep2 step 10800/19184 | loss_w 0.3634 raw 0.0475 | lr 1.70e-04 | gn 0.21 | 292 img/s
  ep2 step 11000/19184 | loss_w 0.3634 raw 0.0475 | lr 1.69e-04 | gn 0.21 | 292 img/s
  ep2 step 11200/19184 | loss_w 0.3634 raw 0.0475 | lr 1.69e-04 | gn 0.21 | 292 img/s
  ep2 step 11400/19184 | loss_w 0.3633 raw 0.0474 | lr 1.69e-04 | gn 0.21 | 292 img/s
  ep2 step 11600/19184 | loss_w 0.3633 raw 0.0474 | lr 1.68e-04 | gn 0.21 | 292 img/s
  ep2 step 11800/19184 | loss_w 0.3632 raw 0.0474 | lr 1.68e-04 | gn 0.21 | 292 img/s
  ep2 step 12000/19184 | loss_w 0.3632 raw 0.0474 | lr 1.67e-04 | gn 0.21 | 292 img/s
  ep2 step 12200/19184 | loss_w 0.3631 raw 0.0474 | lr 1.67e-04 | gn 0.21 | 292 img/s
  ep2 step 12400/19184 | loss_w 0.3631 raw 0.0475 | lr 1.67e-04 | gn 0.21 | 292 img/s
  ep2 step 12600/19184 | loss_w 0.3631 raw 0.0475 | lr 1.66e-04 | gn 0.21 | 292 img/s
  ep2 step 12800/19184 | loss_w 0.3631 raw 0.0475 | lr 1.66e-04 | gn 0.21 | 292 img/s
  ep2 step 13000/19184 | loss_w 0.3631 raw 0.0474 | lr 1.65e-04 | gn 0.21 | 292 img/s
  ep2 step 13200/19184 | loss_w 0.3631 raw 0.0474 | lr 1.65e-04 | gn 0.21 | 292 img/s
  ep2 step 13400/19184 | loss_w 0.3630 raw 0.0474 | lr 1.65e-04 | gn 0.21 | 292 img/s
  ep2 step 13600/19184 | loss_w 0.3630 raw 0.0474 | lr 1.64e-04 | gn 0.21 | 292 img/s
  ep2 step 13800/19184 | loss_w 0.3630 raw 0.0474 | lr 1.64e-04 | gn 0.21 | 292 img/s
  ep2 step 14000/19184 | loss_w 0.3629 raw 0.0474 | lr 1.63e-04 | gn 0.21 | 292 img/s
  ep2 step 14200/19184 | loss_w 0.3629 raw 0.0474 | lr 1.63e-04 | gn 0.21 | 292 img/s
  ep2 step 14400/19184 | loss_w 0.3629 raw 0.0474 | lr 1.62e-04 | gn 0.21 | 292 img/s
  ep2 step 14600/19184 | loss_w 0.3628 raw 0.0474 | lr 1.62e-04 | gn 0.21 | 292 img/s
  ep2 step 14800/19184 | loss_w 0.3628 raw 0.0473 | lr 1.62e-04 | gn 0.21 | 292 img/s
  ep2 step 15000/19184 | loss_w 0.3628 raw 0.0473 | lr 1.61e-04 | gn 0.21 | 292 img/s
  ep2 step 15200/19184 | loss_w 0.3628 raw 0.0473 | lr 1.61e-04 | gn 0.21 | 292 img/s
  ep2 step 15400/19184 | loss_w 0.3628 raw 0.0473 | lr 1.60e-04 | gn 0.21 | 292 img/s
  ep2 step 15600/19184 | loss_w 0.3628 raw 0.0473 | lr 1.60e-04 | gn 0.21 | 292 img/s
  ep2 step 15800/19184 | loss_w 0.3627 raw 0.0473 | lr 1.59e-04 | gn 0.21 | 292 img/s
  ep2 step 16000/19184 | loss_w 0.3626 raw 0.0473 | lr 1.59e-04 | gn 0.21 | 292 img/s
  ep2 step 16200/19184 | loss_w 0.3626 raw 0.0472 | lr 1.58e-04 | gn 0.20 | 292 img/s
  ep2 step 16400/19184 | loss_w 0.3625 raw 0.0472 | lr 1.58e-04 | gn 0.20 | 292 img/s
  ep2 step 16600/19184 | loss_w 0.3625 raw 0.0472 | lr 1.58e-04 | gn 0.20 | 292 img/s
  ep2 step 16800/19184 | loss_w 0.3625 raw 0.0473 | lr 1.57e-04 | gn 0.20 | 292 img/s
  ep2 step 17000/19184 | loss_w 0.3625 raw 0.0472 | lr 1.57e-04 | gn 0.20 | 292 img/s
  ep2 step 17200/19184 | loss_w 0.3625 raw 0.0472 | lr 1.56e-04 | gn 0.20 | 292 img/s
  ep2 step 17400/19184 | loss_w 0.3624 raw 0.0472 | lr 1.56e-04 | gn 0.20 | 292 img/s
  ep2 step 17600/19184 | loss_w 0.3624 raw 0.0472 | lr 1.55e-04 | gn 0.20 | 292 img/s
  ep2 step 17800/19184 | loss_w 0.3623 raw 0.0472 | lr 1.55e-04 | gn 0.20 | 292 img/s
  ep2 step 18000/19184 | loss_w 0.3623 raw 0.0472 | lr 1.54e-04 | gn 0.20 | 292 img/s
  ep2 step 18200/19184 | loss_w 0.3623 raw 0.0472 | lr 1.54e-04 | gn 0.20 | 292 img/s
  ep2 step 18400/19184 | loss_w 0.3622 raw 0.0472 | lr 1.53e-04 | gn 0.20 | 292 img/s
  ep2 step 18600/19184 | loss_w 0.3622 raw 0.0472 | lr 1.53e-04 | gn 0.20 | 292 img/s
  ep2 step 18800/19184 | loss_w 0.3622 raw 0.0472 | lr 1.52e-04 | gn 0.20 | 292 img/s
  ep2 step 19000/19184 | loss_w 0.3622 raw 0.0472 | lr 1.52e-04 | gn 0.20 | 292 img/s
epoch   2/6 | train 0.3621 | val 0.3461 (raw 0.0442) | 2102s | 292 img/s | GPU 7.8 GB
  new best (val loss_w 0.3461) -> diff_best.pt
  ep3 step 200/19184 | loss_w 0.3571 raw 0.0463 | lr 1.51e-04 | gn 0.18 | 290 img/s
  ep3 step 400/19184 | loss_w 0.3591 raw 0.0461 | lr 1.51e-04 | gn 0.17 | 291 img/s
  ep3 step 600/19184 | loss_w 0.3585 raw 0.0462 | lr 1.50e-04 | gn 0.17 | 292 img/s
  ep3 step 800/19184 | loss_w 0.3593 raw 0.0462 | lr 1.50e-04 | gn 0.17 | 291 img/s
  ep3 step 1000/19184 | loss_w 0.3597 raw 0.0462 | lr 1.49e-04 | gn 0.18 | 291 img/s
  ep3 step 1200/19184 | loss_w 0.3595 raw 0.0463 | lr 1.49e-04 | gn 0.18 | 292 img/s
  ep3 step 1400/19184 | loss_w 0.3593 raw 0.0463 | lr 1.48e-04 | gn 0.18 | 292 img/s
  ep3 step 1600/19184 | loss_w 0.3594 raw 0.0463 | lr 1.48e-04 | gn 0.17 | 292 img/s
  ep3 step 1800/19184 | loss_w 0.3592 raw 0.0463 | lr 1.47e-04 | gn 0.17 | 292 img/s
  ep3 step 2000/19184 | loss_w 0.3594 raw 0.0463 | lr 1.47e-04 | gn 0.17 | 292 img/s
  ep3 step 2200/19184 | loss_w 0.3595 raw 0.0464 | lr 1.46e-04 | gn 0.18 | 292 img/s
  ep3 step 2400/19184 | loss_w 0.3595 raw 0.0463 | lr 1.46e-04 | gn 0.17 | 292 img/s
  ep3 step 2600/19184 | loss_w 0.3593 raw 0.0463 | lr 1.45e-04 | gn 0.17 | 292 img/s
  ep3 step 2800/19184 | loss_w 0.3591 raw 0.0463 | lr 1.45e-04 | gn 0.17 | 292 img/s
  ep3 step 3000/19184 | loss_w 0.3592 raw 0.0463 | lr 1.44e-04 | gn 0.18 | 292 img/s
  ep3 step 3200/19184 | loss_w 0.3593 raw 0.0464 | lr 1.44e-04 | gn 0.17 | 292 img/s
  ep3 step 3400/19184 | loss_w 0.3595 raw 0.0464 | lr 1.43e-04 | gn 0.17 | 292 img/s
  ep3 step 3600/19184 | loss_w 0.3593 raw 0.0463 | lr 1.43e-04 | gn 0.18 | 292 img/s
  ep3 step 3800/19184 | loss_w 0.3592 raw 0.0463 | lr 1.42e-04 | gn 0.18 | 292 img/s
  ep3 step 4000/19184 | loss_w 0.3591 raw 0.0464 | lr 1.42e-04 | gn 0.18 | 292 img/s
  ep3 step 4200/19184 | loss_w 0.3592 raw 0.0464 | lr 1.41e-04 | gn 0.18 | 292 img/s
  ep3 step 4400/19184 | loss_w 0.3592 raw 0.0463 | lr 1.41e-04 | gn 0.18 | 292 img/s
  ep3 step 4600/19184 | loss_w 0.3593 raw 0.0463 | lr 1.40e-04 | gn 0.18 | 292 img/s
  ep3 step 4800/19184 | loss_w 0.3593 raw 0.0464 | lr 1.40e-04 | gn 0.18 | 292 img/s
  ep3 step 5000/19184 | loss_w 0.3593 raw 0.0464 | lr 1.39e-04 | gn 0.17 | 292 img/s
  ep3 step 5200/19184 | loss_w 0.3593 raw 0.0465 | lr 1.39e-04 | gn 0.17 | 292 img/s
  ep3 step 5400/19184 | loss_w 0.3592 raw 0.0465 | lr 1.38e-04 | gn 0.17 | 292 img/s
  ep3 step 5600/19184 | loss_w 0.3592 raw 0.0465 | lr 1.38e-04 | gn 0.17 | 292 img/s
  ep3 step 5800/19184 | loss_w 0.3592 raw 0.0465 | lr 1.37e-04 | gn 0.17 | 292 img/s
  ep3 step 6000/19184 | loss_w 0.3593 raw 0.0465 | lr 1.37e-04 | gn 0.17 | 292 img/s
  ep3 step 6200/19184 | loss_w 0.3592 raw 0.0464 | lr 1.36e-04 | gn 0.17 | 292 img/s
  ep3 step 6400/19184 | loss_w 0.3591 raw 0.0464 | lr 1.36e-04 | gn 0.17 | 292 img/s
  ep3 step 6600/19184 | loss_w 0.3589 raw 0.0464 | lr 1.35e-04 | gn 0.17 | 292 img/s
  ep3 step 6800/19184 | loss_w 0.3589 raw 0.0464 | lr 1.35e-04 | gn 0.17 | 292 img/s
  ep3 step 7000/19184 | loss_w 0.3588 raw 0.0464 | lr 1.34e-04 | gn 0.17 | 292 img/s
  ep3 step 7200/19184 | loss_w 0.3587 raw 0.0464 | lr 1.34e-04 | gn 0.17 | 292 img/s
  ep3 step 7400/19184 | loss_w 0.3587 raw 0.0464 | lr 1.33e-04 | gn 0.17 | 292 img/s
  ep3 step 7600/19184 | loss_w 0.3586 raw 0.0464 | lr 1.33e-04 | gn 0.17 | 292 img/s
  ep3 step 7800/19184 | loss_w 0.3586 raw 0.0464 | lr 1.32e-04 | gn 0.17 | 292 img/s
  ep3 step 8000/19184 | loss_w 0.3585 raw 0.0463 | lr 1.32e-04 | gn 0.17 | 292 img/s
  ep3 step 8200/19184 | loss_w 0.3585 raw 0.0464 | lr 1.31e-04 | gn 0.17 | 292 img/s
  ep3 step 8400/19184 | loss_w 0.3585 raw 0.0464 | lr 1.31e-04 | gn 0.17 | 292 img/s
  ep3 step 8600/19184 | loss_w 0.3584 raw 0.0464 | lr 1.30e-04 | gn 0.17 | 292 img/s
  ep3 step 8800/19184 | loss_w 0.3583 raw 0.0463 | lr 1.30e-04 | gn 0.17 | 292 img/s
  ep3 step 9000/19184 | loss_w 0.3583 raw 0.0463 | lr 1.29e-04 | gn 0.17 | 292 img/s
  ep3 step 9200/19184 | loss_w 0.3583 raw 0.0463 | lr 1.28e-04 | gn 0.17 | 292 img/s
  ep3 step 9400/19184 | loss_w 0.3583 raw 0.0463 | lr 1.28e-04 | gn 0.17 | 292 img/s
  ep3 step 9600/19184 | loss_w 0.3583 raw 0.0463 | lr 1.27e-04 | gn 0.17 | 292 img/s
  ep3 step 9800/19184 | loss_w 0.3583 raw 0.0464 | lr 1.27e-04 | gn 0.17 | 292 img/s
  ep3 step 10000/19184 | loss_w 0.3583 raw 0.0464 | lr 1.26e-04 | gn 0.17 | 292 img/s
  ep3 step 10200/19184 | loss_w 0.3583 raw 0.0464 | lr 1.26e-04 | gn 0.17 | 292 img/s
  ep3 step 10400/19184 | loss_w 0.3583 raw 0.0464 | lr 1.25e-04 | gn 0.17 | 292 img/s
  ep3 step 10600/19184 | loss_w 0.3582 raw 0.0464 | lr 1.25e-04 | gn 0.17 | 292 img/s
  ep3 step 10800/19184 | loss_w 0.3582 raw 0.0464 | lr 1.24e-04 | gn 0.17 | 292 img/s
  ep3 step 11000/19184 | loss_w 0.3582 raw 0.0464 | lr 1.24e-04 | gn 0.17 | 292 img/s
  ep3 step 11200/19184 | loss_w 0.3582 raw 0.0464 | lr 1.23e-04 | gn 0.17 | 292 img/s
  ep3 step 11400/19184 | loss_w 0.3581 raw 0.0464 | lr 1.23e-04 | gn 0.17 | 292 img/s
  ep3 step 11600/19184 | loss_w 0.3581 raw 0.0464 | lr 1.22e-04 | gn 0.17 | 292 img/s
  ep3 step 11800/19184 | loss_w 0.3580 raw 0.0464 | lr 1.22e-04 | gn 0.17 | 292 img/s
  ep3 step 12000/19184 | loss_w 0.3581 raw 0.0464 | lr 1.21e-04 | gn 0.17 | 292 img/s
  ep3 step 12200/19184 | loss_w 0.3580 raw 0.0464 | lr 1.20e-04 | gn 0.17 | 292 img/s
  ep3 step 12400/19184 | loss_w 0.3580 raw 0.0464 | lr 1.20e-04 | gn 0.17 | 292 img/s
  ep3 step 12600/19184 | loss_w 0.3580 raw 0.0464 | lr 1.19e-04 | gn 0.17 | 292 img/s
  ep3 step 12800/19184 | loss_w 0.3578 raw 0.0464 | lr 1.19e-04 | gn 0.17 | 293 img/s
  ep3 step 13000/19184 | loss_w 0.3579 raw 0.0463 | lr 1.18e-04 | gn 0.17 | 292 img/s
  ep3 step 13200/19184 | loss_w 0.3578 raw 0.0463 | lr 1.18e-04 | gn 0.17 | 293 img/s
  ep3 step 13400/19184 | loss_w 0.3579 raw 0.0464 | lr 1.17e-04 | gn 0.17 | 293 img/s
  ep3 step 13600/19184 | loss_w 0.3579 raw 0.0464 | lr 1.17e-04 | gn 0.17 | 293 img/s
  ep3 step 13800/19184 | loss_w 0.3578 raw 0.0464 | lr 1.16e-04 | gn 0.17 | 292 img/s
  ep3 step 14000/19184 | loss_w 0.3578 raw 0.0464 | lr 1.16e-04 | gn 0.17 | 292 img/s
  ep3 step 14200/19184 | loss_w 0.3578 raw 0.0464 | lr 1.15e-04 | gn 0.17 | 292 img/s
  ep3 step 14400/19184 | loss_w 0.3578 raw 0.0464 | lr 1.14e-04 | gn 0.17 | 292 img/s
  ep3 step 14600/19184 | loss_w 0.3578 raw 0.0464 | lr 1.14e-04 | gn 0.17 | 293 img/s
  ep3 step 14800/19184 | loss_w 0.3578 raw 0.0464 | lr 1.13e-04 | gn 0.17 | 292 img/s
  ep3 step 15000/19184 | loss_w 0.3577 raw 0.0464 | lr 1.13e-04 | gn 0.17 | 292 img/s
  ep3 step 15200/19184 | loss_w 0.3577 raw 0.0464 | lr 1.12e-04 | gn 0.17 | 292 img/s
  ep3 step 15400/19184 | loss_w 0.3576 raw 0.0464 | lr 1.12e-04 | gn 0.17 | 292 img/s
  ep3 step 15600/19184 | loss_w 0.3576 raw 0.0464 | lr 1.11e-04 | gn 0.17 | 292 img/s
  ep3 step 15800/19184 | loss_w 0.3575 raw 0.0464 | lr 1.11e-04 | gn 0.17 | 292 img/s
  ep3 step 16000/19184 | loss_w 0.3574 raw 0.0463 | lr 1.10e-04 | gn 0.17 | 292 img/s
  ep3 step 16200/19184 | loss_w 0.3575 raw 0.0464 | lr 1.10e-04 | gn 0.17 | 292 img/s
  ep3 step 16400/19184 | loss_w 0.3575 raw 0.0464 | lr 1.09e-04 | gn 0.17 | 292 img/s
  ep3 step 16600/19184 | loss_w 0.3574 raw 0.0463 | lr 1.08e-04 | gn 0.17 | 292 img/s
  ep3 step 16800/19184 | loss_w 0.3574 raw 0.0463 | lr 1.08e-04 | gn 0.17 | 292 img/s
  ep3 step 17000/19184 | loss_w 0.3574 raw 0.0463 | lr 1.07e-04 | gn 0.17 | 292 img/s
  ep3 step 17200/19184 | loss_w 0.3573 raw 0.0463 | lr 1.07e-04 | gn 0.17 | 292 img/s
  ep3 step 17400/19184 | loss_w 0.3573 raw 0.0463 | lr 1.06e-04 | gn 0.16 | 292 img/s
  ep3 step 17600/19184 | loss_w 0.3573 raw 0.0463 | lr 1.06e-04 | gn 0.16 | 292 img/s
  ep3 step 17800/19184 | loss_w 0.3573 raw 0.0463 | lr 1.05e-04 | gn 0.16 | 292 img/s
  ep3 step 18000/19184 | loss_w 0.3572 raw 0.0463 | lr 1.05e-04 | gn 0.16 | 292 img/s
  ep3 step 18200/19184 | loss_w 0.3572 raw 0.0464 | lr 1.04e-04 | gn 0.16 | 292 img/s
  ep3 step 18400/19184 | loss_w 0.3572 raw 0.0463 | lr 1.04e-04 | gn 0.16 | 292 img/s
  ep3 step 18600/19184 | loss_w 0.3571 raw 0.0463 | lr 1.03e-04 | gn 0.16 | 292 img/s
  ep3 step 18800/19184 | loss_w 0.3571 raw 0.0463 | lr 1.02e-04 | gn 0.16 | 292 img/s
  ep3 step 19000/19184 | loss_w 0.3571 raw 0.0463 | lr 1.02e-04 | gn 0.16 | 292 img/s
epoch   3/6 | train 0.3571 | val 0.3427 (raw 0.0437) | 2100s | 292 img/s | GPU 7.8 GB
  new best (val loss_w 0.3427) -> diff_best.pt
  ep4 step 200/19184 | loss_w 0.3563 raw 0.0457 | lr 1.01e-04 | gn 0.15 | 289 img/s
  ep4 step 400/19184 | loss_w 0.3567 raw 0.0459 | lr 1.00e-04 | gn 0.15 | 291 img/s
  ep4 step 600/19184 | loss_w 0.3571 raw 0.0456 | lr 9.97e-05 | gn 0.15 | 291 img/s
  ep4 step 800/19184 | loss_w 0.3566 raw 0.0458 | lr 9.92e-05 | gn 0.15 | 291 img/s
  ep4 step 1000/19184 | loss_w 0.3565 raw 0.0460 | lr 9.86e-05 | gn 0.15 | 292 img/s
  ep4 step 1200/19184 | loss_w 0.3560 raw 0.0460 | lr 9.81e-05 | gn 0.15 | 292 img/s
  ep4 step 1400/19184 | loss_w 0.3559 raw 0.0461 | lr 9.75e-05 | gn 0.15 | 292 img/s
  ep4 step 1600/19184 | loss_w 0.3560 raw 0.0462 | lr 9.70e-05 | gn 0.15 | 292 img/s
  ep4 step 1800/19184 | loss_w 0.3556 raw 0.0462 | lr 9.64e-05 | gn 0.15 | 292 img/s
  ep4 step 2000/19184 | loss_w 0.3557 raw 0.0461 | lr 9.59e-05 | gn 0.15 | 292 img/s
  ep4 step 2200/19184 | loss_w 0.3553 raw 0.0460 | lr 9.53e-05 | gn 0.15 | 292 img/s
  ep4 step 2400/19184 | loss_w 0.3551 raw 0.0459 | lr 9.48e-05 | gn 0.15 | 292 img/s
  ep4 step 2600/19184 | loss_w 0.3550 raw 0.0459 | lr 9.42e-05 | gn 0.15 | 292 img/s
  ep4 step 2800/19184 | loss_w 0.3551 raw 0.0460 | lr 9.37e-05 | gn 0.15 | 292 img/s
  ep4 step 3000/19184 | loss_w 0.3551 raw 0.0459 | lr 9.31e-05 | gn 0.15 | 292 img/s
  ep4 step 3200/19184 | loss_w 0.3552 raw 0.0460 | lr 9.26e-05 | gn 0.15 | 292 img/s
  ep4 step 3400/19184 | loss_w 0.3549 raw 0.0459 | lr 9.20e-05 | gn 0.15 | 292 img/s
  ep4 step 3600/19184 | loss_w 0.3549 raw 0.0459 | lr 9.15e-05 | gn 0.15 | 292 img/s
  ep4 step 3800/19184 | loss_w 0.3546 raw 0.0459 | lr 9.09e-05 | gn 0.15 | 292 img/s
  ep4 step 4000/19184 | loss_w 0.3545 raw 0.0459 | lr 9.04e-05 | gn 0.15 | 292 img/s
  ep4 step 4200/19184 | loss_w 0.3546 raw 0.0459 | lr 8.98e-05 | gn 0.15 | 292 img/s
  ep4 step 4400/19184 | loss_w 0.3546 raw 0.0458 | lr 8.93e-05 | gn 0.15 | 292 img/s
  ep4 step 4600/19184 | loss_w 0.3545 raw 0.0459 | lr 8.87e-05 | gn 0.15 | 292 img/s
  ep4 step 4800/19184 | loss_w 0.3546 raw 0.0459 | lr 8.82e-05 | gn 0.15 | 292 img/s
  ep4 step 5000/19184 | loss_w 0.3545 raw 0.0460 | lr 8.76e-05 | gn 0.15 | 292 img/s
  ep4 step 5200/19184 | loss_w 0.3545 raw 0.0460 | lr 8.71e-05 | gn 0.15 | 292 img/s
  ep4 step 5400/19184 | loss_w 0.3544 raw 0.0460 | lr 8.66e-05 | gn 0.15 | 292 img/s
  ep4 step 5600/19184 | loss_w 0.3543 raw 0.0459 | lr 8.60e-05 | gn 0.15 | 292 img/s
  ep4 step 5800/19184 | loss_w 0.3544 raw 0.0459 | lr 8.55e-05 | gn 0.15 | 292 img/s
  ep4 step 6000/19184 | loss_w 0.3545 raw 0.0459 | lr 8.49e-05 | gn 0.15 | 292 img/s
  ep4 step 6200/19184 | loss_w 0.3545 raw 0.0459 | lr 8.44e-05 | gn 0.14 | 292 img/s
  ep4 step 6400/19184 | loss_w 0.3543 raw 0.0459 | lr 8.38e-05 | gn 0.14 | 292 img/s
  ep4 step 6600/19184 | loss_w 0.3544 raw 0.0459 | lr 8.33e-05 | gn 0.14 | 292 img/s
  ep4 step 6800/19184 | loss_w 0.3546 raw 0.0459 | lr 8.27e-05 | gn 0.14 | 292 img/s
  ep4 step 7000/19184 | loss_w 0.3547 raw 0.0459 | lr 8.22e-05 | gn 0.14 | 292 img/s
  ep4 step 7200/19184 | loss_w 0.3546 raw 0.0459 | lr 8.17e-05 | gn 0.14 | 292 img/s
  ep4 step 7400/19184 | loss_w 0.3545 raw 0.0459 | lr 8.11e-05 | gn 0.14 | 292 img/s
  ep4 step 7600/19184 | loss_w 0.3545 raw 0.0458 | lr 8.06e-05 | gn 0.14 | 292 img/s
  ep4 step 7800/19184 | loss_w 0.3544 raw 0.0458 | lr 8.00e-05 | gn 0.14 | 292 img/s
  ep4 step 8000/19184 | loss_w 0.3544 raw 0.0459 | lr 7.95e-05 | gn 0.14 | 292 img/s
  ep4 step 8200/19184 | loss_w 0.3544 raw 0.0459 | lr 7.90e-05 | gn 0.14 | 292 img/s
  ep4 step 8400/19184 | loss_w 0.3543 raw 0.0459 | lr 7.84e-05 | gn 0.14 | 292 img/s
  ep4 step 8600/19184 | loss_w 0.3544 raw 0.0458 | lr 7.79e-05 | gn 0.14 | 292 img/s
  ep4 step 8800/19184 | loss_w 0.3543 raw 0.0458 | lr 7.73e-05 | gn 0.14 | 292 img/s
  ep4 step 9000/19184 | loss_w 0.3543 raw 0.0458 | lr 7.68e-05 | gn 0.14 | 292 img/s
  ep4 step 9200/19184 | loss_w 0.3542 raw 0.0458 | lr 7.63e-05 | gn 0.14 | 292 img/s
  ep4 step 9400/19184 | loss_w 0.3542 raw 0.0458 | lr 7.57e-05 | gn 0.14 | 292 img/s
  ep4 step 9600/19184 | loss_w 0.3542 raw 0.0458 | lr 7.52e-05 | gn 0.14 | 292 img/s
  ep4 step 9800/19184 | loss_w 0.3541 raw 0.0458 | lr 7.47e-05 | gn 0.14 | 292 img/s
  ep4 step 10000/19184 | loss_w 0.3541 raw 0.0458 | lr 7.41e-05 | gn 0.14 | 292 img/s
  ep4 step 10200/19184 | loss_w 0.3542 raw 0.0458 | lr 7.36e-05 | gn 0.14 | 292 img/s
  ep4 step 10400/19184 | loss_w 0.3541 raw 0.0458 | lr 7.31e-05 | gn 0.14 | 292 img/s
  ep4 step 10600/19184 | loss_w 0.3542 raw 0.0458 | lr 7.26e-05 | gn 0.14 | 292 img/s
  ep4 step 10800/19184 | loss_w 0.3541 raw 0.0458 | lr 7.20e-05 | gn 0.14 | 292 img/s
  ep4 step 11000/19184 | loss_w 0.3541 raw 0.0458 | lr 7.15e-05 | gn 0.14 | 292 img/s
  ep4 step 11200/19184 | loss_w 0.3542 raw 0.0458 | lr 7.10e-05 | gn 0.14 | 292 img/s
  ep4 step 11400/19184 | loss_w 0.3541 raw 0.0458 | lr 7.04e-05 | gn 0.14 | 292 img/s
  ep4 step 11600/19184 | loss_w 0.3541 raw 0.0458 | lr 6.99e-05 | gn 0.14 | 292 img/s
  ep4 step 11800/19184 | loss_w 0.3541 raw 0.0458 | lr 6.94e-05 | gn 0.14 | 292 img/s
  ep4 step 12000/19184 | loss_w 0.3541 raw 0.0458 | lr 6.89e-05 | gn 0.14 | 292 img/s
  ep4 step 12200/19184 | loss_w 0.3541 raw 0.0458 | lr 6.83e-05 | gn 0.14 | 292 img/s
  ep4 step 12400/19184 | loss_w 0.3541 raw 0.0458 | lr 6.78e-05 | gn 0.14 | 292 img/s
  ep4 step 12600/19184 | loss_w 0.3541 raw 0.0458 | lr 6.73e-05 | gn 0.14 | 292 img/s
  ep4 step 12800/19184 | loss_w 0.3540 raw 0.0458 | lr 6.68e-05 | gn 0.14 | 292 img/s
  ep4 step 13000/19184 | loss_w 0.3540 raw 0.0458 | lr 6.63e-05 | gn 0.14 | 292 img/s
  ep4 step 13200/19184 | loss_w 0.3540 raw 0.0458 | lr 6.57e-05 | gn 0.14 | 292 img/s
  ep4 step 13400/19184 | loss_w 0.3540 raw 0.0458 | lr 6.52e-05 | gn 0.14 | 292 img/s
  ep4 step 13600/19184 | loss_w 0.3540 raw 0.0458 | lr 6.47e-05 | gn 0.14 | 292 img/s
  ep4 step 13800/19184 | loss_w 0.3539 raw 0.0458 | lr 6.42e-05 | gn 0.14 | 292 img/s
  ep4 step 14000/19184 | loss_w 0.3540 raw 0.0458 | lr 6.37e-05 | gn 0.14 | 292 img/s
  ep4 step 14200/19184 | loss_w 0.3539 raw 0.0458 | lr 6.32e-05 | gn 0.14 | 292 img/s
  ep4 step 14400/19184 | loss_w 0.3539 raw 0.0458 | lr 6.27e-05 | gn 0.14 | 292 img/s
  ep4 step 14600/19184 | loss_w 0.3539 raw 0.0458 | lr 6.21e-05 | gn 0.14 | 292 img/s
  ep4 step 14800/19184 | loss_w 0.3539 raw 0.0458 | lr 6.16e-05 | gn 0.14 | 292 img/s
  ep4 step 15000/19184 | loss_w 0.3539 raw 0.0458 | lr 6.11e-05 | gn 0.14 | 292 img/s
  ep4 step 15200/19184 | loss_w 0.3539 raw 0.0458 | lr 6.06e-05 | gn 0.14 | 292 img/s
  ep4 step 15400/19184 | loss_w 0.3538 raw 0.0458 | lr 6.01e-05 | gn 0.14 | 292 img/s
  ep4 step 15600/19184 | loss_w 0.3538 raw 0.0458 | lr 5.96e-05 | gn 0.14 | 292 img/s
  ep4 step 15800/19184 | loss_w 0.3538 raw 0.0458 | lr 5.91e-05 | gn 0.14 | 292 img/s
  ep4 step 16000/19184 | loss_w 0.3538 raw 0.0458 | lr 5.86e-05 | gn 0.14 | 292 img/s
  ep4 step 16200/19184 | loss_w 0.3538 raw 0.0458 | lr 5.81e-05 | gn 0.14 | 292 img/s
  ep4 step 16400/19184 | loss_w 0.3538 raw 0.0458 | lr 5.76e-05 | gn 0.14 | 292 img/s
  ep4 step 16600/19184 | loss_w 0.3538 raw 0.0458 | lr 5.71e-05 | gn 0.14 | 292 img/s
  ep4 step 16800/19184 | loss_w 0.3538 raw 0.0458 | lr 5.66e-05 | gn 0.14 | 292 img/s
  ep4 step 17000/19184 | loss_w 0.3537 raw 0.0458 | lr 5.61e-05 | gn 0.14 | 292 img/s
  ep4 step 17200/19184 | loss_w 0.3537 raw 0.0458 | lr 5.56e-05 | gn 0.14 | 292 img/s
  ep4 step 17400/19184 | loss_w 0.3537 raw 0.0458 | lr 5.51e-05 | gn 0.14 | 292 img/s
  ep4 step 17600/19184 | loss_w 0.3537 raw 0.0458 | lr 5.46e-05 | gn 0.14 | 292 img/s
  ep4 step 17800/19184 | loss_w 0.3537 raw 0.0458 | lr 5.42e-05 | gn 0.14 | 292 img/s
  ep4 step 18000/19184 | loss_w 0.3537 raw 0.0457 | lr 5.37e-05 | gn 0.14 | 292 img/s
  ep4 step 18200/19184 | loss_w 0.3538 raw 0.0458 | lr 5.32e-05 | gn 0.14 | 292 img/s
  ep4 step 18400/19184 | loss_w 0.3537 raw 0.0458 | lr 5.27e-05 | gn 0.14 | 292 img/s
  ep4 step 18600/19184 | loss_w 0.3537 raw 0.0458 | lr 5.22e-05 | gn 0.14 | 292 img/s
  ep4 step 18800/19184 | loss_w 0.3537 raw 0.0458 | lr 5.17e-05 | gn 0.14 | 292 img/s
  ep4 step 19000/19184 | loss_w 0.3537 raw 0.0458 | lr 5.12e-05 | gn 0.14 | 292 img/s
epoch   4/6 | train 0.3537 | val 0.3408 (raw 0.0433) | 2102s | 292 img/s | GPU 7.8 GB
  new best (val loss_w 0.3408) -> diff_best.pt
  ep5 step 200/19184 | loss_w 0.3535 raw 0.0457 | lr 5.03e-05 | gn 0.13 | 289 img/s
  ep5 step 400/19184 | loss_w 0.3534 raw 0.0463 | lr 4.98e-05 | gn 0.13 | 291 img/s
  ep5 step 600/19184 | loss_w 0.3511 raw 0.0464 | lr 4.94e-05 | gn 0.13 | 291 img/s
  ep5 step 800/19184 | loss_w 0.3517 raw 0.0462 | lr 4.89e-05 | gn 0.12 | 291 img/s
  ep5 step 1000/19184 | loss_w 0.3519 raw 0.0459 | lr 4.84e-05 | gn 0.12 | 291 img/s
  ep5 step 1200/19184 | loss_w 0.3524 raw 0.0459 | lr 4.80e-05 | gn 0.12 | 292 img/s
  ep5 step 1400/19184 | loss_w 0.3528 raw 0.0458 | lr 4.75e-05 | gn 0.12 | 292 img/s
  ep5 step 1600/19184 | loss_w 0.3527 raw 0.0457 | lr 4.70e-05 | gn 0.12 | 292 img/s
  ep5 step 1800/19184 | loss_w 0.3529 raw 0.0456 | lr 4.65e-05 | gn 0.12 | 292 img/s
  ep5 step 2000/19184 | loss_w 0.3529 raw 0.0456 | lr 4.61e-05 | gn 0.12 | 292 img/s
  ep5 step 2200/19184 | loss_w 0.3526 raw 0.0456 | lr 4.56e-05 | gn 0.12 | 292 img/s
  ep5 step 2400/19184 | loss_w 0.3525 raw 0.0456 | lr 4.52e-05 | gn 0.12 | 292 img/s
  ep5 step 2600/19184 | loss_w 0.3525 raw 0.0456 | lr 4.47e-05 | gn 0.12 | 292 img/s
  ep5 step 2800/19184 | loss_w 0.3525 raw 0.0455 | lr 4.42e-05 | gn 0.12 | 292 img/s
  ep5 step 3000/19184 | loss_w 0.3525 raw 0.0455 | lr 4.38e-05 | gn 0.12 | 292 img/s
  ep5 step 3200/19184 | loss_w 0.3527 raw 0.0455 | lr 4.33e-05 | gn 0.12 | 292 img/s
  ep5 step 3400/19184 | loss_w 0.3524 raw 0.0454 | lr 4.29e-05 | gn 0.12 | 292 img/s
  ep5 step 3600/19184 | loss_w 0.3525 raw 0.0454 | lr 4.24e-05 | gn 0.12 | 292 img/s
  ep5 step 3800/19184 | loss_w 0.3525 raw 0.0454 | lr 4.20e-05 | gn 0.12 | 292 img/s
  ep5 step 4000/19184 | loss_w 0.3524 raw 0.0454 | lr 4.15e-05 | gn 0.12 | 292 img/s
  ep5 step 4200/19184 | loss_w 0.3522 raw 0.0455 | lr 4.11e-05 | gn 0.12 | 292 img/s
  ep5 step 4400/19184 | loss_w 0.3523 raw 0.0455 | lr 4.06e-05 | gn 0.12 | 292 img/s
  ep5 step 4600/19184 | loss_w 0.3522 raw 0.0454 | lr 4.02e-05 | gn 0.12 | 292 img/s
  ep5 step 4800/19184 | loss_w 0.3523 raw 0.0455 | lr 3.98e-05 | gn 0.12 | 292 img/s
  ep5 step 5000/19184 | loss_w 0.3520 raw 0.0455 | lr 3.93e-05 | gn 0.12 | 292 img/s
  ep5 step 5200/19184 | loss_w 0.3519 raw 0.0454 | lr 3.89e-05 | gn 0.12 | 292 img/s
  ep5 step 5400/19184 | loss_w 0.3518 raw 0.0454 | lr 3.84e-05 | gn 0.12 | 292 img/s
  ep5 step 5600/19184 | loss_w 0.3517 raw 0.0454 | lr 3.80e-05 | gn 0.12 | 292 img/s
  ep5 step 5800/19184 | loss_w 0.3515 raw 0.0454 | lr 3.76e-05 | gn 0.12 | 292 img/s
  ep5 step 6000/19184 | loss_w 0.3516 raw 0.0454 | lr 3.72e-05 | gn 0.12 | 292 img/s
  ep5 step 6200/19184 | loss_w 0.3516 raw 0.0454 | lr 3.67e-05 | gn 0.12 | 292 img/s
  ep5 step 6400/19184 | loss_w 0.3517 raw 0.0454 | lr 3.63e-05 | gn 0.12 | 292 img/s
  ep5 step 6600/19184 | loss_w 0.3516 raw 0.0454 | lr 3.59e-05 | gn 0.12 | 292 img/s
  ep5 step 6800/19184 | loss_w 0.3516 raw 0.0454 | lr 3.55e-05 | gn 0.12 | 292 img/s
  ep5 step 7000/19184 | loss_w 0.3517 raw 0.0455 | lr 3.50e-05 | gn 0.12 | 292 img/s
  ep5 step 7200/19184 | loss_w 0.3516 raw 0.0455 | lr 3.46e-05 | gn 0.12 | 292 img/s
  ep5 step 7400/19184 | loss_w 0.3516 raw 0.0455 | lr 3.42e-05 | gn 0.12 | 292 img/s
  ep5 step 7600/19184 | loss_w 0.3517 raw 0.0455 | lr 3.38e-05 | gn 0.12 | 292 img/s
  ep5 step 7800/19184 | loss_w 0.3517 raw 0.0455 | lr 3.34e-05 | gn 0.12 | 292 img/s
  ep5 step 8000/19184 | loss_w 0.3517 raw 0.0455 | lr 3.30e-05 | gn 0.12 | 292 img/s
  ep5 step 8200/19184 | loss_w 0.3517 raw 0.0455 | lr 3.26e-05 | gn 0.12 | 292 img/s
  ep5 step 8400/19184 | loss_w 0.3516 raw 0.0455 | lr 3.22e-05 | gn 0.12 | 292 img/s
  ep5 step 8600/19184 | loss_w 0.3516 raw 0.0455 | lr 3.18e-05 | gn 0.12 | 292 img/s
  ep5 step 8800/19184 | loss_w 0.3516 raw 0.0455 | lr 3.13e-05 | gn 0.12 | 292 img/s
  ep5 step 9000/19184 | loss_w 0.3516 raw 0.0455 | lr 3.09e-05 | gn 0.12 | 292 img/s
  ep5 step 9200/19184 | loss_w 0.3516 raw 0.0455 | lr 3.06e-05 | gn 0.12 | 292 img/s
  ep5 step 9400/19184 | loss_w 0.3515 raw 0.0455 | lr 3.02e-05 | gn 0.12 | 292 img/s
  ep5 step 9600/19184 | loss_w 0.3516 raw 0.0455 | lr 2.98e-05 | gn 0.12 | 292 img/s
  ep5 step 9800/19184 | loss_w 0.3515 raw 0.0455 | lr 2.94e-05 | gn 0.12 | 292 img/s
  ep5 step 10000/19184 | loss_w 0.3516 raw 0.0455 | lr 2.90e-05 | gn 0.12 | 292 img/s
  ep5 step 10200/19184 | loss_w 0.3516 raw 0.0455 | lr 2.86e-05 | gn 0.12 | 292 img/s
  ep5 step 10400/19184 | loss_w 0.3515 raw 0.0455 | lr 2.82e-05 | gn 0.12 | 292 img/s
  ep5 step 10600/19184 | loss_w 0.3515 raw 0.0455 | lr 2.78e-05 | gn 0.12 | 292 img/s
  ep5 step 10800/19184 | loss_w 0.3514 raw 0.0455 | lr 2.75e-05 | gn 0.12 | 292 img/s
  ep5 step 11000/19184 | loss_w 0.3514 raw 0.0454 | lr 2.71e-05 | gn 0.12 | 292 img/s
  ep5 step 11200/19184 | loss_w 0.3514 raw 0.0455 | lr 2.67e-05 | gn 0.12 | 292 img/s
  ep5 step 11400/19184 | loss_w 0.3514 raw 0.0454 | lr 2.63e-05 | gn 0.12 | 292 img/s
  ep5 step 11600/19184 | loss_w 0.3514 raw 0.0454 | lr 2.60e-05 | gn 0.12 | 292 img/s
  ep5 step 11800/19184 | loss_w 0.3514 raw 0.0454 | lr 2.56e-05 | gn 0.12 | 292 img/s
  ep5 step 12000/19184 | loss_w 0.3514 raw 0.0454 | lr 2.52e-05 | gn 0.12 | 292 img/s
  ep5 step 12200/19184 | loss_w 0.3514 raw 0.0454 | lr 2.49e-05 | gn 0.12 | 292 img/s
  ep5 step 12400/19184 | loss_w 0.3515 raw 0.0454 | lr 2.45e-05 | gn 0.12 | 292 img/s
  ep5 step 12600/19184 | loss_w 0.3515 raw 0.0454 | lr 2.41e-05 | gn 0.12 | 292 img/s
  ep5 step 12800/19184 | loss_w 0.3515 raw 0.0454 | lr 2.38e-05 | gn 0.12 | 292 img/s
  ep5 step 13000/19184 | loss_w 0.3515 raw 0.0454 | lr 2.34e-05 | gn 0.12 | 292 img/s
  ep5 step 13200/19184 | loss_w 0.3514 raw 0.0454 | lr 2.31e-05 | gn 0.12 | 292 img/s
  ep5 step 13400/19184 | loss_w 0.3514 raw 0.0454 | lr 2.27e-05 | gn 0.12 | 292 img/s
  ep5 step 13600/19184 | loss_w 0.3514 raw 0.0454 | lr 2.24e-05 | gn 0.12 | 292 img/s
  ep5 step 13800/19184 | loss_w 0.3514 raw 0.0454 | lr 2.20e-05 | gn 0.12 | 292 img/s
  ep5 step 14000/19184 | loss_w 0.3514 raw 0.0454 | lr 2.17e-05 | gn 0.12 | 292 img/s
  ep5 step 14200/19184 | loss_w 0.3514 raw 0.0454 | lr 2.13e-05 | gn 0.12 | 292 img/s
  ep5 step 14400/19184 | loss_w 0.3514 raw 0.0454 | lr 2.10e-05 | gn 0.12 | 292 img/s
  ep5 step 14600/19184 | loss_w 0.3515 raw 0.0454 | lr 2.07e-05 | gn 0.12 | 292 img/s
  ep5 step 14800/19184 | loss_w 0.3515 raw 0.0454 | lr 2.03e-05 | gn 0.12 | 292 img/s
  ep5 step 15000/19184 | loss_w 0.3515 raw 0.0454 | lr 2.00e-05 | gn 0.12 | 292 img/s
  ep5 step 15200/19184 | loss_w 0.3515 raw 0.0454 | lr 1.97e-05 | gn 0.12 | 292 img/s
  ep5 step 15400/19184 | loss_w 0.3515 raw 0.0454 | lr 1.93e-05 | gn 0.12 | 292 img/s
  ep5 step 15600/19184 | loss_w 0.3515 raw 0.0454 | lr 1.90e-05 | gn 0.12 | 292 img/s
  ep5 step 15800/19184 | loss_w 0.3515 raw 0.0454 | lr 1.87e-05 | gn 0.12 | 292 img/s
  ep5 step 16000/19184 | loss_w 0.3514 raw 0.0454 | lr 1.84e-05 | gn 0.12 | 292 img/s
  ep5 step 16200/19184 | loss_w 0.3514 raw 0.0454 | lr 1.81e-05 | gn 0.12 | 292 img/s
  ep5 step 16400/19184 | loss_w 0.3514 raw 0.0454 | lr 1.77e-05 | gn 0.11 | 292 img/s
  ep5 step 16600/19184 | loss_w 0.3514 raw 0.0454 | lr 1.74e-05 | gn 0.11 | 292 img/s
  ep5 step 16800/19184 | loss_w 0.3514 raw 0.0454 | lr 1.71e-05 | gn 0.11 | 292 img/s
  ep5 step 17000/19184 | loss_w 0.3514 raw 0.0454 | lr 1.68e-05 | gn 0.11 | 292 img/s
  ep5 step 17200/19184 | loss_w 0.3515 raw 0.0454 | lr 1.65e-05 | gn 0.11 | 292 img/s
  ep5 step 17400/19184 | loss_w 0.3514 raw 0.0454 | lr 1.62e-05 | gn 0.11 | 292 img/s
  ep5 step 17600/19184 | loss_w 0.3514 raw 0.0454 | lr 1.59e-05 | gn 0.11 | 292 img/s
  ep5 step 17800/19184 | loss_w 0.3515 raw 0.0454 | lr 1.56e-05 | gn 0.11 | 292 img/s
  ep5 step 18000/19184 | loss_w 0.3515 raw 0.0454 | lr 1.53e-05 | gn 0.11 | 292 img/s
  ep5 step 18200/19184 | loss_w 0.3514 raw 0.0454 | lr 1.50e-05 | gn 0.11 | 292 img/s
  ep5 step 18400/19184 | loss_w 0.3515 raw 0.0454 | lr 1.47e-05 | gn 0.11 | 292 img/s
  ep5 step 18600/19184 | loss_w 0.3515 raw 0.0454 | lr 1.45e-05 | gn 0.11 | 292 img/s
  ep5 step 18800/19184 | loss_w 0.3514 raw 0.0454 | lr 1.42e-05 | gn 0.11 | 292 img/s
  ep5 step 19000/19184 | loss_w 0.3514 raw 0.0454 | lr 1.39e-05 | gn 0.11 | 292 img/s
epoch   5/6 | train 0.3515 | val 0.3398 (raw 0.0432) | 2099s | 292 img/s | GPU 7.8 GB
  new best (val loss_w 0.3398) -> diff_best.pt
  ep6 step 200/19184 | loss_w 0.3486 raw 0.0454 | lr 1.34e-05 | gn 0.10 | 291 img/s
  ep6 step 400/19184 | loss_w 0.3488 raw 0.0452 | lr 1.31e-05 | gn 0.10 | 291 img/s
  ep6 step 600/19184 | loss_w 0.3495 raw 0.0455 | lr 1.28e-05 | gn 0.10 | 292 img/s
  ep6 step 800/19184 | loss_w 0.3502 raw 0.0455 | lr 1.25e-05 | gn 0.10 | 292 img/s
  ep6 step 1000/19184 | loss_w 0.3502 raw 0.0454 | lr 1.23e-05 | gn 0.10 | 292 img/s
  ep6 step 1200/19184 | loss_w 0.3502 raw 0.0453 | lr 1.20e-05 | gn 0.10 | 293 img/s
  ep6 step 1400/19184 | loss_w 0.3503 raw 0.0452 | lr 1.18e-05 | gn 0.10 | 293 img/s
  ep6 step 1600/19184 | loss_w 0.3504 raw 0.0453 | lr 1.15e-05 | gn 0.10 | 293 img/s
  ep6 step 1800/19184 | loss_w 0.3502 raw 0.0453 | lr 1.12e-05 | gn 0.10 | 293 img/s
  ep6 step 2000/19184 | loss_w 0.3497 raw 0.0453 | lr 1.10e-05 | gn 0.10 | 293 img/s
  ep6 step 2200/19184 | loss_w 0.3499 raw 0.0453 | lr 1.07e-05 | gn 0.10 | 293 img/s
  ep6 step 2400/19184 | loss_w 0.3496 raw 0.0453 | lr 1.05e-05 | gn 0.10 | 293 img/s
  ep6 step 2600/19184 | loss_w 0.3496 raw 0.0453 | lr 1.02e-05 | gn 0.10 | 293 img/s
  ep6 step 2800/19184 | loss_w 0.3498 raw 0.0453 | lr 1.00e-05 | gn 0.10 | 293 img/s
  ep6 step 3000/19184 | loss_w 0.3500 raw 0.0453 | lr 9.77e-06 | gn 0.10 | 293 img/s
  ep6 step 3200/19184 | loss_w 0.3500 raw 0.0453 | lr 9.53e-06 | gn 0.10 | 293 img/s
  ep6 step 3400/19184 | loss_w 0.3498 raw 0.0453 | lr 9.30e-06 | gn 0.10 | 293 img/s
  ep6 step 3600/19184 | loss_w 0.3499 raw 0.0452 | lr 9.07e-06 | gn 0.10 | 293 img/s
  ep6 step 3800/19184 | loss_w 0.3498 raw 0.0452 | lr 8.84e-06 | gn 0.10 | 293 img/s
  ep6 step 4000/19184 | loss_w 0.3497 raw 0.0452 | lr 8.61e-06 | gn 0.10 | 293 img/s
  ep6 step 4200/19184 | loss_w 0.3497 raw 0.0452 | lr 8.39e-06 | gn 0.10 | 293 img/s
  ep6 step 4400/19184 | loss_w 0.3497 raw 0.0452 | lr 8.17e-06 | gn 0.10 | 293 img/s
  ep6 step 4600/19184 | loss_w 0.3498 raw 0.0452 | lr 7.95e-06 | gn 0.10 | 293 img/s
  ep6 step 4800/19184 | loss_w 0.3497 raw 0.0452 | lr 7.74e-06 | gn 0.10 | 293 img/s
  ep6 step 5000/19184 | loss_w 0.3498 raw 0.0452 | lr 7.53e-06 | gn 0.10 | 293 img/s
  ep6 step 5200/19184 | loss_w 0.3499 raw 0.0452 | lr 7.32e-06 | gn 0.10 | 293 img/s
  ep6 step 5400/19184 | loss_w 0.3500 raw 0.0452 | lr 7.12e-06 | gn 0.10 | 293 img/s
  ep6 step 5600/19184 | loss_w 0.3499 raw 0.0452 | lr 6.91e-06 | gn 0.10 | 293 img/s
  ep6 step 5800/19184 | loss_w 0.3500 raw 0.0452 | lr 6.71e-06 | gn 0.10 | 293 img/s
  ep6 step 6000/19184 | loss_w 0.3501 raw 0.0452 | lr 6.52e-06 | gn 0.10 | 293 img/s
  ep6 step 6200/19184 | loss_w 0.3501 raw 0.0452 | lr 6.32e-06 | gn 0.10 | 293 img/s
  ep6 step 6400/19184 | loss_w 0.3501 raw 0.0452 | lr 6.13e-06 | gn 0.10 | 293 img/s
  ep6 step 6600/19184 | loss_w 0.3500 raw 0.0452 | lr 5.94e-06 | gn 0.10 | 293 img/s
  ep6 step 6800/19184 | loss_w 0.3499 raw 0.0452 | lr 5.76e-06 | gn 0.09 | 293 img/s
  ep6 step 7000/19184 | loss_w 0.3499 raw 0.0452 | lr 5.57e-06 | gn 0.09 | 293 img/s
  ep6 step 7200/19184 | loss_w 0.3499 raw 0.0452 | lr 5.40e-06 | gn 0.09 | 293 img/s
  ep6 step 7400/19184 | loss_w 0.3498 raw 0.0452 | lr 5.22e-06 | gn 0.09 | 293 img/s
  ep6 step 7600/19184 | loss_w 0.3500 raw 0.0452 | lr 5.04e-06 | gn 0.09 | 293 img/s
  ep6 step 7800/19184 | loss_w 0.3500 raw 0.0452 | lr 4.87e-06 | gn 0.09 | 293 img/s
  ep6 step 8000/19184 | loss_w 0.3501 raw 0.0452 | lr 4.70e-06 | gn 0.09 | 293 img/s
  ep6 step 8200/19184 | loss_w 0.3502 raw 0.0452 | lr 4.54e-06 | gn 0.09 | 293 img/s
  ep6 step 8400/19184 | loss_w 0.3502 raw 0.0452 | lr 4.38e-06 | gn 0.09 | 293 img/s
  ep6 step 8600/19184 | loss_w 0.3502 raw 0.0451 | lr 4.22e-06 | gn 0.09 | 293 img/s
  ep6 step 8800/19184 | loss_w 0.3503 raw 0.0451 | lr 4.06e-06 | gn 0.09 | 293 img/s
  ep6 step 9000/19184 | loss_w 0.3503 raw 0.0451 | lr 3.91e-06 | gn 0.09 | 293 img/s
  ep6 step 9200/19184 | loss_w 0.3503 raw 0.0451 | lr 3.76e-06 | gn 0.09 | 293 img/s
  ep6 step 9400/19184 | loss_w 0.3502 raw 0.0451 | lr 3.61e-06 | gn 0.09 | 293 img/s
  ep6 step 9600/19184 | loss_w 0.3503 raw 0.0452 | lr 3.46e-06 | gn 0.09 | 293 img/s
  ep6 step 9800/19184 | loss_w 0.3502 raw 0.0451 | lr 3.32e-06 | gn 0.09 | 293 img/s
  ep6 step 10000/19184 | loss_w 0.3500 raw 0.0451 | lr 3.18e-06 | gn 0.09 | 293 img/s
  ep6 step 10200/19184 | loss_w 0.3500 raw 0.0452 | lr 3.04e-06 | gn 0.09 | 293 img/s
  ep6 step 10400/19184 | loss_w 0.3500 raw 0.0452 | lr 2.91e-06 | gn 0.09 | 293 img/s
  ep6 step 10600/19184 | loss_w 0.3500 raw 0.0451 | lr 2.78e-06 | gn 0.09 | 293 img/s
  ep6 step 10800/19184 | loss_w 0.3500 raw 0.0452 | lr 2.65e-06 | gn 0.09 | 293 img/s
  ep6 step 11000/19184 | loss_w 0.3501 raw 0.0452 | lr 2.53e-06 | gn 0.09 | 293 img/s
  ep6 step 11200/19184 | loss_w 0.3501 raw 0.0452 | lr 2.41e-06 | gn 0.09 | 293 img/s
  ep6 step 11400/19184 | loss_w 0.3502 raw 0.0452 | lr 2.29e-06 | gn 0.09 | 293 img/s
  ep6 step 11600/19184 | loss_w 0.3502 raw 0.0452 | lr 2.17e-06 | gn 0.09 | 293 img/s
  ep6 step 11800/19184 | loss_w 0.3502 raw 0.0451 | lr 2.06e-06 | gn 0.09 | 293 img/s
  ep6 step 12000/19184 | loss_w 0.3501 raw 0.0451 | lr 1.95e-06 | gn 0.09 | 293 img/s
  ep6 step 12200/19184 | loss_w 0.3502 raw 0.0451 | lr 1.84e-06 | gn 0.09 | 293 img/s
  ep6 step 12400/19184 | loss_w 0.3502 raw 0.0451 | lr 1.74e-06 | gn 0.09 | 293 img/s
  ep6 step 12600/19184 | loss_w 0.3501 raw 0.0451 | lr 1.64e-06 | gn 0.09 | 293 img/s
  ep6 step 12800/19184 | loss_w 0.3502 raw 0.0451 | lr 1.54e-06 | gn 0.09 | 293 img/s
  ep6 step 13000/19184 | loss_w 0.3502 raw 0.0451 | lr 1.45e-06 | gn 0.09 | 293 img/s
  ep6 step 13200/19184 | loss_w 0.3502 raw 0.0452 | lr 1.35e-06 | gn 0.09 | 293 img/s
  ep6 step 13400/19184 | loss_w 0.3503 raw 0.0452 | lr 1.27e-06 | gn 0.09 | 293 img/s
  ep6 step 13600/19184 | loss_w 0.3504 raw 0.0452 | lr 1.18e-06 | gn 0.09 | 293 img/s
  ep6 step 13800/19184 | loss_w 0.3504 raw 0.0452 | lr 1.10e-06 | gn 0.09 | 293 img/s
  ep6 step 14000/19184 | loss_w 0.3503 raw 0.0451 | lr 1.02e-06 | gn 0.09 | 293 img/s
  ep6 step 14200/19184 | loss_w 0.3503 raw 0.0452 | lr 9.40e-07 | gn 0.09 | 293 img/s
  ep6 step 14400/19184 | loss_w 0.3502 raw 0.0451 | lr 8.67e-07 | gn 0.09 | 293 img/s
  ep6 step 14600/19184 | loss_w 0.3503 raw 0.0452 | lr 7.96e-07 | gn 0.09 | 293 img/s
  ep6 step 14800/19184 | loss_w 0.3503 raw 0.0452 | lr 7.28e-07 | gn 0.09 | 293 img/s
  ep6 step 15000/19184 | loss_w 0.3502 raw 0.0452 | lr 6.63e-07 | gn 0.09 | 293 img/s
  ep6 step 15200/19184 | loss_w 0.3502 raw 0.0452 | lr 6.01e-07 | gn 0.09 | 293 img/s
  ep6 step 15400/19184 | loss_w 0.3502 raw 0.0452 | lr 5.43e-07 | gn 0.09 | 293 img/s
  ep6 step 15600/19184 | loss_w 0.3502 raw 0.0452 | lr 4.87e-07 | gn 0.09 | 293 img/s
  ep6 step 15800/19184 | loss_w 0.3503 raw 0.0452 | lr 4.34e-07 | gn 0.09 | 293 img/s
  ep6 step 16000/19184 | loss_w 0.3503 raw 0.0452 | lr 3.84e-07 | gn 0.09 | 293 img/s
  ep6 step 16200/19184 | loss_w 0.3503 raw 0.0452 | lr 3.38e-07 | gn 0.09 | 293 img/s
  ep6 step 16400/19184 | loss_w 0.3503 raw 0.0452 | lr 2.94e-07 | gn 0.09 | 293 img/s
  ep6 step 16600/19184 | loss_w 0.3503 raw 0.0452 | lr 2.53e-07 | gn 0.09 | 293 img/s
  ep6 step 16800/19184 | loss_w 0.3503 raw 0.0452 | lr 2.16e-07 | gn 0.09 | 293 img/s
  ep6 step 17000/19184 | loss_w 0.3503 raw 0.0452 | lr 1.81e-07 | gn 0.09 | 293 img/s
  ep6 step 17200/19184 | loss_w 0.3503 raw 0.0452 | lr 1.49e-07 | gn 0.09 | 293 img/s
  ep6 step 17400/19184 | loss_w 0.3503 raw 0.0452 | lr 1.21e-07 | gn 0.09 | 293 img/s
  ep6 step 17600/19184 | loss_w 0.3504 raw 0.0452 | lr 9.52e-08 | gn 0.09 | 293 img/s
  ep6 step 17800/19184 | loss_w 0.3503 raw 0.0452 | lr 7.27e-08 | gn 0.09 | 293 img/s
  ep6 step 18000/19184 | loss_w 0.3503 raw 0.0452 | lr 5.32e-08 | gn 0.09 | 293 img/s
  ep6 step 18200/19184 | loss_w 0.3504 raw 0.0452 | lr 3.68e-08 | gn 0.09 | 293 img/s
  ep6 step 18400/19184 | loss_w 0.3504 raw 0.0452 | lr 2.34e-08 | gn 0.09 | 293 img/s
  ep6 step 18600/19184 | loss_w 0.3503 raw 0.0452 | lr 1.30e-08 | gn 0.09 | 293 img/s
  ep6 step 18800/19184 | loss_w 0.3503 raw 0.0452 | lr 5.62e-09 | gn 0.09 | 293 img/s
  ep6 step 19000/19184 | loss_w 0.3503 raw 0.0452 | lr 1.30e-09 | gn 0.09 | 293 img/s
epoch   6/6 | train 0.3504 | val 0.3396 (raw 0.0431) | 2097s | 293 img/s | GPU 18.2 GB
  sampled: MAE 0.240 (adv 0.267) | CSI@1 0.448 (adv 0.403) | CSI@8 0.075 (adv 0.058) | CRPS 0.166 (adv 0.267) | PSD 2-8km 1.12
  new best (val loss_w 0.3396) -> diff_best.pt

completed: total 218.4 min | best val loss_w 0.3396 (ep6) | DONE written -> the sbatch chain will stop
