GPU 0: NVIDIA A100-SXM4-40GB (UUID: GPU-ee251011-af7c-cee8-5f10-127f70ad06c4)
host gpuhost015.jc.rl.ac.uk | CUDA ok | Mon 10 Aug 23:38:42 BST 2026
args: python /home/users/dv321/dissertation/Code/3 - Diffusion stage/train_regression.py --dropout 0.05 --lr 0.0001 --weight-decay 0.0 --width 128 --limit 60000 --epochs 2 --warmup 187 --psd-crops 96 --patience 0 --no-keep-sampled --diag-every 2 --diag-crops 96 --seed 0 --out /home/users/dv321/dissertation_outputs/hpo/reg_coarse/trial_008_r0 --latents-dir /work/scratch-nopw2/dv321/dissertation/latents_ml_ep17 --vae /home/users/dv321/dissertation_outputs/vae_v2/vae_ep17.pt --leads 15,30,45,60 --target delta --cond-mode full
target=delta | pooled std 0.7407 | mean +0.0619 | E[target^2] train 0.5525 val 0.5604
  per shard: [+15min sd 0.5800 E[t^2] 0.3395, +30min sd 0.7073 E[t^2] 0.5038, +45min sd 0.7921 E[t^2] 0.6314, +60min sd 0.8546 E[t^2] 0.7352]
diagnostics: 96 fixed val crops (rows 0..5999)
device=cuda | R_phi 65.7M params | cond=full (20ch) -> 4ch | latent_scale=0.784
train rows 60000 | val rows 6000 | 937 steps/epoch (batch 64)
data-path check: batch E[target^2] 0.3890 vs pack meta 0.5604 (ratio 0.694) | untrained MSE 0.3890 -> EV +0.0000 (must be ~0.000 on a fresh start)
  ep1 step 187/937 | mse 0.4661 (win 0.4661) | EV 0.156 (win 0.156) | lr 9.95e-05 | gn 0.84 | 299 img/s
  ep1 step 374/937 | mse 0.4213 (win 0.3766) | EV 0.237 (win 0.318) | lr 9.70e-05 | gn 0.75 | 309 img/s
  ep1 step 561/937 | mse 0.3966 (win 0.3472) | EV 0.282 (win 0.372) | lr 8.84e-05 | gn 0.70 | 312 img/s
  ep1 step 748/937 | mse 0.3829 (win 0.3415) | EV 0.307 (win 0.382) | lr 7.52e-05 | gn 0.66 | 314 img/s
  ep1 step 935/937 | mse 0.3729 (win 0.3331) | EV 0.325 (win 0.397) | lr 5.89e-05 | gn 0.63 | 315 img/s
epoch   1/2 | train mse 0.37283 (EV 0.3252) | val mse 0.42212 (EV 0.2468) | 191s | 315 img/s | GPU 14.4 GB
  val EV per lead: +15min 0.2219, +30min 0.2451, +45min 0.2457, +60min 0.2599
  ABORT-B (PASS) after epoch 1: val EV 0.2468 against threshold 0.020
  new best (val MSE 0.42212, EV 0.2468) -> reg_best.pt
  ep2 step 187/937 | mse 0.3316 (win 0.3316) | EV 0.400 (win 0.400) | lr 4.14e-05 | gn 0.46 | 318 img/s
  ep2 step 374/937 | mse 0.3299 (win 0.3281) | EV 0.403 (win 0.406) | lr 2.51e-05 | gn 0.45 | 318 img/s
  ep2 step 561/937 | mse 0.3277 (win 0.3234) | EV 0.407 (win 0.415) | lr 1.18e-05 | gn 0.43 | 319 img/s
  ep2 step 748/937 | mse 0.3263 (win 0.3223) | EV 0.409 (win 0.417) | lr 3.10e-06 | gn 0.40 | 319 img/s
  ep2 step 935/937 | mse 0.3253 (win 0.3211) | EV 0.411 (win 0.419) | lr 7.80e-10 | gn 0.38 | 319 img/s
epoch   2/2 | train mse 0.32529 (EV 0.4112) | val mse 0.35078 (EV 0.3741) | 188s | 319 img/s | GPU 14.4 GB
  val EV per lead: +15min 0.3357, +30min 0.3698, +45min 0.3773, +60min 0.3913
  decoded: MAE 0.219 (adv 0.280) | CSI@1 0.466 (adv 0.428) | CSI@8 0.052 (adv 0.057) | PSD 2-8km band power 0.07 (adv 0.77)
  new best (val MSE 0.35078, EV 0.3741) -> reg_best.pt

GATE-C (PASS): pooled val EV 0.3741 against threshold 0.10. sigma_data would fall 0.7407 -> 0.5860 (20.9%).

completed: total 6.8 min | best val MSE 0.35078 (ep2) | DONE written -> the sbatch chain will stop
