GPU 0: NVIDIA A100-SXM4-40GB (UUID: GPU-ee251011-af7c-cee8-5f10-127f70ad06c4)
host gpuhost015.jc.rl.ac.uk | CUDA ok | Mon 10 Aug 20:00:56 BST 2026
args: /home/users/dv321/miniforge3/envs/nowcast/bin/python /home/users/dv321/dissertation/Code/3 - Diffusion stage/evaluate_diffusion.py --churn 0.0 --guidance 1.0 --members 4 --steps 25 --limit 3000 --seed 0 --out /home/users/dv321/dissertation_outputs/hpo/sampler/eval --tag _trial_003_r0 --ckpt /home/users/dv321/dissertation_outputs/diffusion_ml_v2/ckpt_ep050.pt --vae /home/users/dv321/dissertation_outputs/vae_v2/vae_ep17.pt --latents-dir /work/scratch-nopw2/dv321/dissertation/latents_ml_ep17 --split val --lead 60 --batch 16
  crops 3000/13281 (stride) | first 20241121 | last 20251202
denoiser: /home/users/dv321/dissertation_outputs/diffusion_ml_v2/ckpt_ep050.pt
  epoch 50 | val_loss 0.3314 | 65.7M params | cond=full | in_ch=24 | sigma_data=0.7407 | leads [15, 30, 45, 60]
  16/3000 crops | 2.55 crops/s | eta 20 min
  32/3000 crops | 2.64 crops/s | eta 19 min
  48/3000 crops | 2.69 crops/s | eta 18 min
  64/3000 crops | 2.70 crops/s | eta 18 min
  80/3000 crops | 2.72 crops/s | eta 18 min
  96/3000 crops | 2.74 crops/s | eta 18 min
  112/3000 crops | 2.74 crops/s | eta 18 min
  128/3000 crops | 2.74 crops/s | eta 17 min
  144/3000 crops | 2.74 crops/s | eta 17 min
  160/3000 crops | 2.74 crops/s | eta 17 min
  176/3000 crops | 2.74 crops/s | eta 17 min
  192/3000 crops | 2.75 crops/s | eta 17 min
  208/3000 crops | 2.75 crops/s | eta 17 min
  224/3000 crops | 2.76 crops/s | eta 17 min
  240/3000 crops | 2.76 crops/s | eta 17 min
  256/3000 crops | 2.76 crops/s | eta 17 min
  272/3000 crops | 2.76 crops/s | eta 16 min
  288/3000 crops | 2.76 crops/s | eta 16 min
  304/3000 crops | 2.76 crops/s | eta 16 min
  320/3000 crops | 2.76 crops/s | eta 16 min
  336/3000 crops | 2.76 crops/s | eta 16 min
  352/3000 crops | 2.76 crops/s | eta 16 min
  368/3000 crops | 2.76 crops/s | eta 16 min
  384/3000 crops | 2.77 crops/s | eta 16 min
  400/3000 crops | 2.77 crops/s | eta 16 min
  416/3000 crops | 2.77 crops/s | eta 16 min
  432/3000 crops | 2.77 crops/s | eta 15 min
  448/3000 crops | 2.77 crops/s | eta 15 min
  464/3000 crops | 2.77 crops/s | eta 15 min
  480/3000 crops | 2.77 crops/s | eta 15 min
  496/3000 crops | 2.77 crops/s | eta 15 min
  512/3000 crops | 2.77 crops/s | eta 15 min
  528/3000 crops | 2.77 crops/s | eta 15 min
  544/3000 crops | 2.77 crops/s | eta 15 min
  560/3000 crops | 2.77 crops/s | eta 15 min
  576/3000 crops | 2.77 crops/s | eta 15 min
  592/3000 crops | 2.77 crops/s | eta 14 min
  608/3000 crops | 2.77 crops/s | eta 14 min
  624/3000 crops | 2.77 crops/s | eta 14 min
  640/3000 crops | 2.77 crops/s | eta 14 min
  656/3000 crops | 2.77 crops/s | eta 14 min
  672/3000 crops | 2.77 crops/s | eta 14 min
  688/3000 crops | 2.77 crops/s | eta 14 min
  704/3000 crops | 2.77 crops/s | eta 14 min
  720/3000 crops | 2.77 crops/s | eta 14 min
  736/3000 crops | 2.77 crops/s | eta 14 min
  752/3000 crops | 2.77 crops/s | eta 14 min
  768/3000 crops | 2.77 crops/s | eta 13 min
  784/3000 crops | 2.77 crops/s | eta 13 min
  800/3000 crops | 2.77 crops/s | eta 13 min
  816/3000 crops | 2.77 crops/s | eta 13 min
  832/3000 crops | 2.77 crops/s | eta 13 min
  848/3000 crops | 2.77 crops/s | eta 13 min
  864/3000 crops | 2.77 crops/s | eta 13 min
  880/3000 crops | 2.77 crops/s | eta 13 min
  896/3000 crops | 2.77 crops/s | eta 13 min
  912/3000 crops | 2.77 crops/s | eta 13 min
  928/3000 crops | 2.77 crops/s | eta 12 min
  944/3000 crops | 2.77 crops/s | eta 12 min
  960/3000 crops | 2.77 crops/s | eta 12 min
  976/3000 crops | 2.77 crops/s | eta 12 min
  992/3000 crops | 2.77 crops/s | eta 12 min
  1008/3000 crops | 2.77 crops/s | eta 12 min
  1024/3000 crops | 2.77 crops/s | eta 12 min
  1040/3000 crops | 2.77 crops/s | eta 12 min
  1056/3000 crops | 2.77 crops/s | eta 12 min
  1072/3000 crops | 2.77 crops/s | eta 12 min
  1088/3000 crops | 2.77 crops/s | eta 12 min
  1104/3000 crops | 2.77 crops/s | eta 11 min
  1120/3000 crops | 2.77 crops/s | eta 11 min
  1136/3000 crops | 2.77 crops/s | eta 11 min
  1152/3000 crops | 2.77 crops/s | eta 11 min
  1168/3000 crops | 2.77 crops/s | eta 11 min
  1184/3000 crops | 2.77 crops/s | eta 11 min
  1200/3000 crops | 2.77 crops/s | eta 11 min
  1216/3000 crops | 2.77 crops/s | eta 11 min
  1232/3000 crops | 2.77 crops/s | eta 11 min
  1248/3000 crops | 2.77 crops/s | eta 11 min
  1264/3000 crops | 2.77 crops/s | eta 10 min
  1280/3000 crops | 2.78 crops/s | eta 10 min
  1296/3000 crops | 2.77 crops/s | eta 10 min
  1312/3000 crops | 2.77 crops/s | eta 10 min
  1328/3000 crops | 2.77 crops/s | eta 10 min
  1344/3000 crops | 2.77 crops/s | eta 10 min
  1360/3000 crops | 2.77 crops/s | eta 10 min
  1376/3000 crops | 2.77 crops/s | eta 10 min
  1392/3000 crops | 2.78 crops/s | eta 10 min
  1408/3000 crops | 2.78 crops/s | eta 10 min
  1424/3000 crops | 2.78 crops/s | eta 9 min
  1440/3000 crops | 2.78 crops/s | eta 9 min
  1456/3000 crops | 2.78 crops/s | eta 9 min
  1472/3000 crops | 2.78 crops/s | eta 9 min
  1488/3000 crops | 2.78 crops/s | eta 9 min
  1504/3000 crops | 2.78 crops/s | eta 9 min
  1520/3000 crops | 2.78 crops/s | eta 9 min
  1536/3000 crops | 2.78 crops/s | eta 9 min
  1552/3000 crops | 2.78 crops/s | eta 9 min
  1568/3000 crops | 2.78 crops/s | eta 9 min
  1584/3000 crops | 2.78 crops/s | eta 9 min
  1600/3000 crops | 2.78 crops/s | eta 8 min
  1616/3000 crops | 2.78 crops/s | eta 8 min
  1632/3000 crops | 2.78 crops/s | eta 8 min
  1648/3000 crops | 2.78 crops/s | eta 8 min
  1664/3000 crops | 2.78 crops/s | eta 8 min
  1680/3000 crops | 2.78 crops/s | eta 8 min
  1696/3000 crops | 2.78 crops/s | eta 8 min
  1712/3000 crops | 2.78 crops/s | eta 8 min
  1728/3000 crops | 2.78 crops/s | eta 8 min
  1744/3000 crops | 2.78 crops/s | eta 8 min
  1760/3000 crops | 2.78 crops/s | eta 7 min
  1776/3000 crops | 2.78 crops/s | eta 7 min
  1792/3000 crops | 2.78 crops/s | eta 7 min
  1808/3000 crops | 2.77 crops/s | eta 7 min
  1824/3000 crops | 2.77 crops/s | eta 7 min
  1840/3000 crops | 2.77 crops/s | eta 7 min
  1856/3000 crops | 2.77 crops/s | eta 7 min
  1872/3000 crops | 2.77 crops/s | eta 7 min
  1888/3000 crops | 2.77 crops/s | eta 7 min
  1904/3000 crops | 2.77 crops/s | eta 7 min
  1920/3000 crops | 2.77 crops/s | eta 6 min
  1936/3000 crops | 2.77 crops/s | eta 6 min
  1952/3000 crops | 2.77 crops/s | eta 6 min
  1968/3000 crops | 2.77 crops/s | eta 6 min
  1984/3000 crops | 2.77 crops/s | eta 6 min
  2000/3000 crops | 2.77 crops/s | eta 6 min
  2016/3000 crops | 2.77 crops/s | eta 6 min
  2032/3000 crops | 2.77 crops/s | eta 6 min
  2048/3000 crops | 2.77 crops/s | eta 6 min
  2064/3000 crops | 2.77 crops/s | eta 6 min
  2080/3000 crops | 2.77 crops/s | eta 6 min
  2096/3000 crops | 2.77 crops/s | eta 5 min
  2112/3000 crops | 2.77 crops/s | eta 5 min
  2128/3000 crops | 2.77 crops/s | eta 5 min
  2144/3000 crops | 2.77 crops/s | eta 5 min
  2160/3000 crops | 2.77 crops/s | eta 5 min
  2176/3000 crops | 2.77 crops/s | eta 5 min
  2192/3000 crops | 2.77 crops/s | eta 5 min
  2208/3000 crops | 2.77 crops/s | eta 5 min
  2224/3000 crops | 2.77 crops/s | eta 5 min
  2240/3000 crops | 2.77 crops/s | eta 5 min
  2256/3000 crops | 2.77 crops/s | eta 4 min
  2272/3000 crops | 2.77 crops/s | eta 4 min
  2288/3000 crops | 2.77 crops/s | eta 4 min
  2304/3000 crops | 2.77 crops/s | eta 4 min
  2320/3000 crops | 2.77 crops/s | eta 4 min
  2336/3000 crops | 2.77 crops/s | eta 4 min
  2352/3000 crops | 2.77 crops/s | eta 4 min
  2368/3000 crops | 2.77 crops/s | eta 4 min
  2384/3000 crops | 2.77 crops/s | eta 4 min
  2400/3000 crops | 2.77 crops/s | eta 4 min
  2416/3000 crops | 2.77 crops/s | eta 4 min
  2432/3000 crops | 2.77 crops/s | eta 3 min
  2448/3000 crops | 2.77 crops/s | eta 3 min
  2464/3000 crops | 2.77 crops/s | eta 3 min
  2480/3000 crops | 2.77 crops/s | eta 3 min
  2496/3000 crops | 2.77 crops/s | eta 3 min
  2512/3000 crops | 2.77 crops/s | eta 3 min
  2528/3000 crops | 2.77 crops/s | eta 3 min
  2544/3000 crops | 2.77 crops/s | eta 3 min
  2560/3000 crops | 2.77 crops/s | eta 3 min
  2576/3000 crops | 2.77 crops/s | eta 3 min
  2592/3000 crops | 2.77 crops/s | eta 2 min
  2608/3000 crops | 2.77 crops/s | eta 2 min
  2624/3000 crops | 2.77 crops/s | eta 2 min
  2640/3000 crops | 2.76 crops/s | eta 2 min
  2656/3000 crops | 2.76 crops/s | eta 2 min
  2672/3000 crops | 2.76 crops/s | eta 2 min
  2688/3000 crops | 2.76 crops/s | eta 2 min
  2704/3000 crops | 2.76 crops/s | eta 2 min
  2720/3000 crops | 2.76 crops/s | eta 2 min
  2736/3000 crops | 2.76 crops/s | eta 2 min
  2752/3000 crops | 2.76 crops/s | eta 1 min
  2768/3000 crops | 2.76 crops/s | eta 1 min
  2784/3000 crops | 2.76 crops/s | eta 1 min
  2800/3000 crops | 2.76 crops/s | eta 1 min
  2816/3000 crops | 2.76 crops/s | eta 1 min
  2832/3000 crops | 2.76 crops/s | eta 1 min
  2848/3000 crops | 2.76 crops/s | eta 1 min
  2864/3000 crops | 2.76 crops/s | eta 1 min
  2880/3000 crops | 2.76 crops/s | eta 1 min
  2896/3000 crops | 2.76 crops/s | eta 1 min
  2912/3000 crops | 2.76 crops/s | eta 1 min
  2928/3000 crops | 2.76 crops/s | eta 0 min
  2944/3000 crops | 2.76 crops/s | eta 0 min
  2960/3000 crops | 2.76 crops/s | eta 0 min
  2976/3000 crops | 2.76 crops/s | eta 0 min
  2992/3000 crops | 2.76 crops/s | eta 0 min
  3000/3000 crops | 2.76 crops/s | eta 0 min

=== val split, 3000 crops, 4 members ===
  model_mean     MAE 0.286 | RMSE 0.931 | CSI@1 0.384 | CSI@8 0.080
  model_member   MAE 0.332 | RMSE 1.166 | CSI@1 0.323 | CSI@8 0.064
  advection      MAE 0.323 | RMSE 1.129 | CSI@1 0.326 | CSI@8 0.040
  persistence    MAE 0.379 | RMSE 1.261 | CSI@1 0.246 | CSI@8 0.050
  CRPS (fair)    0.1690  (advection MAE 0.323)
  spread/RMSE    0.871 | outliers 0.459 (ideal 0.400)
  PSD 2-8 km     band power 0.964 (mean-of-ratios 0.894) | advection 0.747 / 0.610, member field, 200 crops
plots -> /home/users/dv321/dissertation_outputs/hpo/sampler/eval/diffusion_eval_trial_003_r0.png
tables -> /home/users/dv321/dissertation_outputs/hpo/sampler/eval/diffusion_eval_trial_003_r0.md

done in 18.1 min
