GPU 0: NVIDIA A100-SXM4-40GB (UUID: GPU-bf0e754e-6fb3-7c5c-2d42-76e3ecfa52ec)
host gpuhost012.jc.rl.ac.uk | CUDA ok | Tue 11 Aug 10:56:19 BST 2026
args: python /home/users/dv321/dissertation/Code/3 - Diffusion stage/train_ldm.py --attn 16 --batch 128 --cond-drop 0.1 --cond-mode full --dropout 0.0 --lr 0.0002 --mults 1,2,4 --p-mean -1.2 --p-std 1.2 --weight-decay 0.0 --width 128 --limit 60000 --epochs 3 --warmup 140 --psd-crops 96 --patience 0 --no-keep-sampled --sample-every 3 --sample-crops 96 --seed 0 --out /home/users/dv321/dissertation_outputs/hpo/ldm_coarse/trial_019_r0 --latents-dir /work/scratch-nopw2/dv321/dissertation/latents_ml_ep17 --vae /home/users/dv321/dissertation_outputs/vae_v2/vae_ep17.pt --leads 15,30,45,60
pooled sigma_data 0.7407 from [+15min 0.5800, +30min 0.7073, +45min 0.7921, +60min 0.8546]
diagnostics: 96 fixed val crops (rows 0..5999), 8 members, 25 steps
device=cuda | denoiser 65.7M params | cond=full (20ch) | sigma_data=0.7407 | latent_scale=0.784
train rows 60000 | val rows 6000 | 468 steps/epoch (batch 128) | weighted loss starts near 1.0 by construction
GPU: NVIDIA A100-SXM4-40GB | 42 GB total
  ep1 step 93/468 | loss_w 0.9312 raw 0.1290 | lr 1.31e-04 | gn 0.80 | 314 img/s
  ep1 step 186/468 | loss_w 0.7969 raw 0.1079 | lr 1.99e-04 | gn 0.94 | 330 img/s
  ep1 step 279/468 | loss_w 0.6970 raw 0.0935 | lr 1.94e-04 | gn 0.88 | 336 img/s
  ep1 step 372/468 | loss_w 0.6376 raw 0.0848 | lr 1.84e-04 | gn 0.84 | 339 img/s
  ep1 step 465/468 | loss_w 0.5972 raw 0.0792 | lr 1.69e-04 | gn 0.80 | 341 img/s
epoch   1/3 | train 0.5961 | val 0.9107 (raw 0.1281) | 176s | 341 img/s | GPU 26.7 GB
  new best (val loss_w 0.9107) -> diff_best.pt
  ep2 step 93/468 | loss_w 0.4250 raw 0.0540 | lr 1.50e-04 | gn 0.67 | 346 img/s
  ep2 step 186/468 | loss_w 0.4226 raw 0.0540 | lr 1.29e-04 | gn 0.58 | 346 img/s
  ep2 step 279/468 | loss_w 0.4192 raw 0.0536 | lr 1.06e-04 | gn 0.55 | 347 img/s
  ep2 step 372/468 | loss_w 0.4162 raw 0.0534 | lr 8.34e-05 | gn 0.52 | 347 img/s
  ep2 step 465/468 | loss_w 0.4143 raw 0.0531 | lr 6.13e-05 | gn 0.49 | 347 img/s
epoch   2/3 | train 0.4142 | val 0.7088 (raw 0.0888) | 172s | 347 img/s | GPU 26.7 GB
  new best (val loss_w 0.7088) -> diff_best.pt
  ep3 step 93/468 | loss_w 0.4055 raw 0.0514 | lr 4.06e-05 | gn 0.34 | 346 img/s
  ep3 step 186/468 | loss_w 0.4043 raw 0.0518 | lr 2.37e-05 | gn 0.30 | 347 img/s
  ep3 step 279/468 | loss_w 0.4027 raw 0.0518 | lr 1.09e-05 | gn 0.27 | 347 img/s
  ep3 step 372/468 | loss_w 0.4020 raw 0.0521 | lr 2.89e-06 | gn 0.24 | 347 img/s
  ep3 step 465/468 | loss_w 0.4024 raw 0.0519 | lr 4.94e-09 | gn 0.22 | 348 img/s
epoch   3/3 | train 0.4025 | val 0.5568 (raw 0.0675) | 172s | 348 img/s | GPU 26.7 GB
  sampled: MAE 0.264 (adv 0.280) | CSI@1 0.448 (adv 0.428) | CSI@8 0.045 (adv 0.057) | CRPS 0.200 (adv 0.280) | PSD 2-8km 0.65
  new best (val loss_w 0.5568) -> diff_best.pt

completed: total 10.1 min | best val loss_w 0.5568 (ep3) | DONE written -> the sbatch chain will stop
