GPU 0: NVIDIA A100-SXM4-40GB (UUID: GPU-ed4895e1-5b96-c2d1-cf62-5d9e625aba0c)
host gpuhost009.jc.rl.ac.uk | CUDA ok | Tue 11 Aug 10:48:20 BST 2026
args: python /home/users/dv321/dissertation/Code/3 - Diffusion stage/train_ldm.py --attn 16 --batch 128 --cond-drop 0.1 --cond-mode full --dropout 0.0 --lr 0.0001 --mults 1,2,4 --p-mean -1.2 --p-std 1.2 --weight-decay 0.0 --width 128 --limit 60000 --epochs 3 --warmup 140 --psd-crops 96 --patience 0 --no-keep-sampled --sample-every 3 --sample-crops 96 --seed 0 --out /home/users/dv321/dissertation_outputs/hpo/ldm_coarse/trial_016_r0 --latents-dir /work/scratch-nopw2/dv321/dissertation/latents_ml_ep17 --vae /home/users/dv321/dissertation_outputs/vae_v2/vae_ep17.pt --leads 15,30,45,60
pooled sigma_data 0.7407 from [+15min 0.5800, +30min 0.7073, +45min 0.7921, +60min 0.8546]
diagnostics: 96 fixed val crops (rows 0..5999), 8 members, 25 steps
device=cuda | denoiser 65.7M params | cond=full (20ch) | sigma_data=0.7407 | latent_scale=0.784
train rows 60000 | val rows 6000 | 468 steps/epoch (batch 128) | weighted loss starts near 1.0 by construction
GPU: NVIDIA A100-SXM4-40GB | 42 GB total
  ep1 step 93/468 | loss_w 0.9489 raw 0.1338 | lr 6.57e-05 | gn 0.98 | 314 img/s
  ep1 step 186/468 | loss_w 0.8730 raw 0.1180 | lr 9.97e-05 | gn 1.00 | 330 img/s
  ep1 step 279/468 | loss_w 0.7739 raw 0.1038 | lr 9.71e-05 | gn 1.00 | 336 img/s
  ep1 step 372/468 | loss_w 0.7079 raw 0.0944 | lr 9.20e-05 | gn 0.97 | 339 img/s
  ep1 step 465/468 | loss_w 0.6616 raw 0.0880 | lr 8.46e-05 | gn 0.93 | 341 img/s
epoch   1/3 | train 0.6603 | val 0.9340 (raw 0.1328) | 176s | 341 img/s | GPU 26.7 GB
  new best (val loss_w 0.9340) -> diff_best.pt
  ep2 step 93/468 | loss_w 0.4580 raw 0.0579 | lr 7.51e-05 | gn 0.77 | 346 img/s
  ep2 step 186/468 | loss_w 0.4542 raw 0.0577 | lr 6.46e-05 | gn 0.77 | 347 img/s
  ep2 step 279/468 | loss_w 0.4492 raw 0.0570 | lr 5.32e-05 | gn 0.71 | 348 img/s
  ep2 step 372/468 | loss_w 0.4449 raw 0.0567 | lr 4.17e-05 | gn 0.68 | 348 img/s
  ep2 step 465/468 | loss_w 0.4419 raw 0.0562 | lr 3.06e-05 | gn 0.64 | 348 img/s
epoch   2/3 | train 0.4419 | val 0.7460 (raw 0.0945) | 172s | 348 img/s | GPU 26.7 GB
  new best (val loss_w 0.7460) -> diff_best.pt
  ep3 step 93/468 | loss_w 0.4278 raw 0.0537 | lr 2.03e-05 | gn 0.35 | 346 img/s
  ep3 step 186/468 | loss_w 0.4267 raw 0.0541 | lr 1.19e-05 | gn 0.36 | 347 img/s
  ep3 step 279/468 | loss_w 0.4248 raw 0.0541 | lr 5.47e-06 | gn 0.33 | 348 img/s
  ep3 step 372/468 | loss_w 0.4241 raw 0.0544 | lr 1.45e-06 | gn 0.30 | 348 img/s
  ep3 step 465/468 | loss_w 0.4245 raw 0.0542 | lr 2.47e-09 | gn 0.28 | 348 img/s
epoch   3/3 | train 0.4246 | val 0.5803 (raw 0.0708) | 172s | 348 img/s | GPU 26.7 GB
  sampled: MAE 0.281 (adv 0.280) | CSI@1 0.437 (adv 0.428) | CSI@8 0.049 (adv 0.057) | CRPS 0.206 (adv 0.280) | PSD 2-8km 0.82
  new best (val loss_w 0.5803) -> diff_best.pt

completed: total 10.1 min | best val loss_w 0.5803 (ep3) | DONE written -> the sbatch chain will stop
