GPU 0: NVIDIA A100-SXM4-40GB (UUID: GPU-473309de-1d4b-ef1d-5b23-76aa0d2b7946)
host gpuhost015.jc.rl.ac.uk | CUDA ok | Mon 10 Aug 23:28:42 BST 2026
args: python /home/users/dv321/dissertation/Code/3 - Diffusion stage/train_regression.py --dropout 0.0 --lr 0.0002 --weight-decay 0.0 --width 128 --limit 60000 --epochs 2 --warmup 187 --psd-crops 96 --patience 0 --no-keep-sampled --diag-every 2 --diag-crops 96 --seed 0 --out /home/users/dv321/dissertation_outputs/hpo/reg_coarse/trial_002_r0 --latents-dir /work/scratch-nopw2/dv321/dissertation/latents_ml_ep17 --vae /home/users/dv321/dissertation_outputs/vae_v2/vae_ep17.pt --leads 15,30,45,60 --target delta --cond-mode full
target=delta | pooled std 0.7407 | mean +0.0619 | E[target^2] train 0.5525 val 0.5604
  per shard: [+15min sd 0.5800 E[t^2] 0.3395, +30min sd 0.7073 E[t^2] 0.5038, +45min sd 0.7921 E[t^2] 0.6314, +60min sd 0.8546 E[t^2] 0.7352]
diagnostics: 96 fixed val crops (rows 0..5999)
device=cuda | R_phi 65.7M params | cond=full (20ch) -> 4ch | latent_scale=0.784
train rows 60000 | val rows 6000 | 937 steps/epoch (batch 64)
data-path check: batch E[target^2] 0.3890 vs pack meta 0.5604 (ratio 0.694) | untrained MSE 0.3890 -> EV +0.0000 (must be ~0.000 on a fresh start)
  ep1 step 187/937 | mse 0.4481 (win 0.4481) | EV 0.189 (win 0.189) | lr 1.99e-04 | gn 0.83 | 305 img/s
  ep1 step 374/937 | mse 0.4039 (win 0.3598) | EV 0.269 (win 0.349) | lr 1.94e-04 | gn 0.72 | 316 img/s
  ep1 step 561/937 | mse 0.3828 (win 0.3405) | EV 0.307 (win 0.384) | lr 1.77e-04 | gn 0.67 | 319 img/s
  ep1 step 748/937 | mse 0.3716 (win 0.3381) | EV 0.327 (win 0.388) | lr 1.50e-04 | gn 0.62 | 321 img/s
  ep1 step 935/937 | mse 0.3633 (win 0.3300) | EV 0.342 (win 0.403) | lr 1.18e-04 | gn 0.59 | 322 img/s
epoch   1/2 | train mse 0.36322 (EV 0.3426) | val mse 0.40982 (EV 0.2687) | 186s | 322 img/s | GPU 14.1 GB
  val EV per lead: +15min 0.2459, +30min 0.2685, +45min 0.2676, +60min 0.2801
  ABORT-B (PASS) after epoch 1: val EV 0.2687 against threshold 0.020
  new best (val MSE 0.40982, EV 0.2687) -> reg_best.pt
  ep2 step 187/937 | mse 0.3286 (win 0.3286) | EV 0.405 (win 0.405) | lr 8.29e-05 | gn 0.39 | 325 img/s
  ep2 step 374/937 | mse 0.3271 (win 0.3256) | EV 0.408 (win 0.411) | lr 5.03e-05 | gn 0.40 | 326 img/s
  ep2 step 561/937 | mse 0.3249 (win 0.3204) | EV 0.412 (win 0.420) | lr 2.36e-05 | gn 0.38 | 326 img/s
  ep2 step 748/937 | mse 0.3235 (win 0.3191) | EV 0.415 (win 0.422) | lr 6.19e-06 | gn 0.35 | 326 img/s
  ep2 step 935/937 | mse 0.3224 (win 0.3180) | EV 0.417 (win 0.424) | lr 1.56e-09 | gn 0.33 | 326 img/s
epoch   2/2 | train mse 0.32237 (EV 0.4165) | val mse 0.34459 (EV 0.3851) | 184s | 326 img/s | GPU 14.1 GB
  val EV per lead: +15min 0.3471, +30min 0.3817, +45min 0.3886, +60min 0.4014
  decoded: MAE 0.218 (adv 0.280) | CSI@1 0.463 (adv 0.428) | CSI@8 0.058 (adv 0.057) | PSD 2-8km band power 0.06 (adv 0.77)
  new best (val MSE 0.34459, EV 0.3851) -> reg_best.pt

GATE-C (PASS): pooled val EV 0.3851 against threshold 0.10. sigma_data would fall 0.7407 -> 0.5808 (21.6%).

completed: total 6.6 min | best val MSE 0.34459 (ep2) | DONE written -> the sbatch chain will stop
