GPU 0: NVIDIA A100-SXM4-40GB (UUID: GPU-8ef7864b-2851-3ee1-e47b-f343efac2a8f)
host gpuhost016.jc.rl.ac.uk | CUDA ok | Mon 10 Aug 20:24:17 BST 2026
args: python /home/users/dv321/dissertation/Code/3 - Diffusion stage/train_regression.py --dropout 0.0 --lr 5e-05 --weight-decay 0.0 --width 128 --limit 60000 --epochs 2 --warmup 187 --psd-crops 96 --patience 0 --no-keep-sampled --diag-every 2 --diag-crops 96 --seed 0 --out /home/users/dv321/dissertation_outputs/hpo/reg_coarse/trial_001_r0 --latents-dir /work/scratch-nopw2/dv321/dissertation/latents_ml_ep17 --vae /home/users/dv321/dissertation_outputs/vae_v2/vae_ep17.pt --leads 15,30,45,60 --target delta --cond-mode full
target=delta | pooled std 0.7407 | mean +0.0619 | E[target^2] train 0.5525 val 0.5604
  per shard: [+15min sd 0.5800 E[t^2] 0.3395, +30min sd 0.7073 E[t^2] 0.5038, +45min sd 0.7921 E[t^2] 0.6314, +60min sd 0.8546 E[t^2] 0.7352]
diagnostics: 96 fixed val crops (rows 0..5999)
device=cuda | R_phi 65.7M params | cond=full (20ch) -> 4ch | latent_scale=0.784
train rows 60000 | val rows 6000 | 937 steps/epoch (batch 64)
data-path check: batch E[target^2] 0.3890 vs pack meta 0.5604 (ratio 0.694) | untrained MSE 0.3890 -> EV +0.0000 (must be ~0.000 on a fresh start)
  ep1 step 187/937 | mse 0.4806 (win 0.4806) | EV 0.130 (win 0.130) | lr 4.97e-05 | gn 1.01 | 300 img/s
  ep1 step 374/937 | mse 0.4386 (win 0.3967) | EV 0.206 (win 0.282) | lr 4.85e-05 | gn 0.89 | 312 img/s
  ep1 step 561/937 | mse 0.4126 (win 0.3607) | EV 0.253 (win 0.347) | lr 4.42e-05 | gn 0.84 | 316 img/s
  ep1 step 748/937 | mse 0.3968 (win 0.3491) | EV 0.282 (win 0.368) | lr 3.76e-05 | gn 0.81 | 319 img/s
  ep1 step 935/937 | mse 0.3849 (win 0.3377) | EV 0.303 (win 0.389) | lr 2.95e-05 | gn 0.77 | 320 img/s
epoch   1/2 | train mse 0.38486 (EV 0.3034) | val mse 0.44151 (EV 0.2122) | 188s | 320 img/s | GPU 14.1 GB
  val EV per lead: +15min 0.1797, +30min 0.2068, +45min 0.2120, +60min 0.2305
  ABORT-B (PASS) after epoch 1: val EV 0.2122 against threshold 0.020
  new best (val MSE 0.44151, EV 0.2122) -> reg_best.pt
  ep2 step 187/937 | mse 0.3353 (win 0.3353) | EV 0.393 (win 0.393) | lr 2.07e-05 | gn 0.65 | 325 img/s
  ep2 step 374/937 | mse 0.3334 (win 0.3315) | EV 0.397 (win 0.400) | lr 1.26e-05 | gn 0.64 | 325 img/s
  ep2 step 561/937 | mse 0.3311 (win 0.3264) | EV 0.401 (win 0.409) | lr 5.91e-06 | gn 0.60 | 325 img/s
  ep2 step 748/937 | mse 0.3296 (win 0.3252) | EV 0.403 (win 0.411) | lr 1.55e-06 | gn 0.57 | 325 img/s
  ep2 step 935/937 | mse 0.3285 (win 0.3239) | EV 0.405 (win 0.414) | lr 3.90e-10 | gn 0.54 | 325 img/s
epoch   2/2 | train mse 0.32849 (EV 0.4054) | val mse 0.35631 (EV 0.3642) | 184s | 325 img/s | GPU 14.1 GB
  val EV per lead: +15min 0.3178, +30min 0.3571, +45min 0.3689, +60min 0.3858
  decoded: MAE 0.217 (adv 0.280) | CSI@1 0.460 (adv 0.428) | CSI@8 0.052 (adv 0.057) | PSD 2-8km band power 0.08 (adv 0.77)
  new best (val MSE 0.35631, EV 0.3642) -> reg_best.pt

GATE-C (PASS): pooled val EV 0.3642 against threshold 0.10. sigma_data would fall 0.7407 -> 0.5906 (20.3%).

completed: total 6.7 min | best val MSE 0.35631 (ep2) | DONE written -> the sbatch chain will stop
