GPU 0: NVIDIA A100-SXM4-40GB (UUID: GPU-8472c74f-11bc-9f02-ff88-b08670a2f8aa)
host gpuhost010.jc.rl.ac.uk | CUDA ok | Tue 11 Aug 11:01:22 BST 2026
args: python /home/users/dv321/dissertation/Code/3 - Diffusion stage/train_ldm.py --attn 16 --batch 64 --cond-drop 0.0 --cond-mode a-only --dropout 0.0 --lr 0.0001 --mults 1,2,4 --p-mean -1.2 --p-std 1.2 --weight-decay 0.0 --width 128 --limit 60000 --epochs 3 --warmup 281 --psd-crops 96 --patience 0 --no-keep-sampled --sample-every 3 --sample-crops 96 --seed 0 --out /home/users/dv321/dissertation_outputs/hpo/ldm_coarse/trial_022_r0 --latents-dir /work/scratch-nopw2/dv321/dissertation/latents_ml_ep17 --vae /home/users/dv321/dissertation_outputs/vae_v2/vae_ep17.pt --leads 15,30,45,60
pooled sigma_data 0.7407 from [+15min 0.5800, +30min 0.7073, +45min 0.7921, +60min 0.8546]
diagnostics: 96 fixed val crops (rows 0..5999), 8 members, 25 steps
device=cuda | denoiser 65.7M params | cond=a-only (4ch) | sigma_data=0.7407 | latent_scale=0.784
train rows 60000 | val rows 6000 | 937 steps/epoch (batch 64) | weighted loss starts near 1.0 by construction
GPU: NVIDIA A100-SXM4-40GB | 42 GB total
  ep1 step 187/937 | loss_w 0.8959 raw 0.1218 | lr 6.62e-05 | gn 1.26 | 303 img/s
  ep1 step 374/937 | loss_w 0.7336 raw 0.0976 | lr 9.97e-05 | gn 1.31 | 314 img/s
  ep1 step 561/937 | loss_w 0.6373 raw 0.0842 | lr 9.70e-05 | gn 1.14 | 318 img/s
  ep1 step 748/937 | loss_w 0.5832 raw 0.0765 | lr 9.19e-05 | gn 1.04 | 319 img/s
  ep1 step 935/937 | loss_w 0.5479 raw 0.0718 | lr 8.44e-05 | gn 0.95 | 321 img/s
epoch   1/3 | train 0.5476 | val 0.7035 (raw 0.0887) | 187s | 321 img/s | GPU 14.1 GB
  new best (val loss_w 0.7035) -> diff_best.pt
  ep2 step 187/937 | loss_w 0.3999 raw 0.0506 | lr 7.51e-05 | gn 0.55 | 324 img/s
  ep2 step 374/937 | loss_w 0.3995 raw 0.0504 | lr 6.44e-05 | gn 0.53 | 325 img/s
  ep2 step 561/937 | loss_w 0.3979 raw 0.0504 | lr 5.30e-05 | gn 0.51 | 325 img/s
  ep2 step 748/937 | loss_w 0.3961 raw 0.0505 | lr 4.15e-05 | gn 0.49 | 325 img/s
  ep2 step 935/937 | loss_w 0.3947 raw 0.0504 | lr 3.04e-05 | gn 0.46 | 325 img/s
epoch   2/3 | train 0.3946 | val 0.4506 (raw 0.0572) | 184s | 325 img/s | GPU 14.1 GB
  new best (val loss_w 0.4506) -> diff_best.pt
  ep3 step 187/937 | loss_w 0.3897 raw 0.0502 | lr 2.02e-05 | gn 0.33 | 325 img/s
  ep3 step 374/937 | loss_w 0.3885 raw 0.0499 | lr 1.18e-05 | gn 0.31 | 325 img/s
  ep3 step 561/937 | loss_w 0.3878 raw 0.0496 | lr 5.38e-06 | gn 0.28 | 325 img/s
  ep3 step 748/937 | loss_w 0.3861 raw 0.0492 | lr 1.39e-06 | gn 0.25 | 325 img/s
  ep3 step 935/937 | loss_w 0.3864 raw 0.0491 | lr 3.47e-10 | gn 0.24 | 325 img/s
epoch   3/3 | train 0.3864 | val 0.4031 (raw 0.0521) | 184s | 325 img/s | GPU 17.8 GB
  sampled: MAE 0.267 (adv 0.280) | CSI@1 0.435 (adv 0.428) | CSI@8 0.026 (adv 0.057) | CRPS 0.193 (adv 0.280) | PSD 2-8km 0.54
  new best (val loss_w 0.4031) -> diff_best.pt

completed: total 10.8 min | best val loss_w 0.4031 (ep3) | DONE written -> the sbatch chain will stop
