GPU 0: NVIDIA A100-SXM4-40GB (UUID: GPU-ed4895e1-5b96-c2d1-cf62-5d9e625aba0c)
host gpuhost009.jc.rl.ac.uk | CUDA ok | Tue 11 Aug 11:11:22 BST 2026
args: python /home/users/dv321/dissertation/Code/3 - Diffusion stage/train_ldm.py --attn 16 --batch 64 --cond-drop 0.2 --cond-mode a-only --dropout 0.0 --lr 0.0001 --mults 1,2,4 --p-mean -1.2 --p-std 1.2 --weight-decay 0.0 --width 128 --limit 60000 --epochs 3 --warmup 281 --psd-crops 96 --patience 0 --no-keep-sampled --sample-every 3 --sample-crops 96 --seed 0 --out /home/users/dv321/dissertation_outputs/hpo/ldm_coarse/trial_024_r0 --latents-dir /work/scratch-nopw2/dv321/dissertation/latents_ml_ep17 --vae /home/users/dv321/dissertation_outputs/vae_v2/vae_ep17.pt --leads 15,30,45,60
pooled sigma_data 0.7407 from [+15min 0.5800, +30min 0.7073, +45min 0.7921, +60min 0.8546]
diagnostics: 96 fixed val crops (rows 0..5999), 8 members, 25 steps
device=cuda | denoiser 65.7M params | cond=a-only (4ch) | sigma_data=0.7407 | latent_scale=0.784
train rows 60000 | val rows 6000 | 937 steps/epoch (batch 64) | weighted loss starts near 1.0 by construction
GPU: NVIDIA A100-SXM4-40GB | 42 GB total
  ep1 step 187/937 | loss_w 0.9035 raw 0.1236 | lr 6.62e-05 | gn 1.13 | 304 img/s
  ep1 step 374/937 | loss_w 0.7454 raw 0.1006 | lr 9.97e-05 | gn 1.14 | 315 img/s
  ep1 step 561/937 | loss_w 0.6535 raw 0.0882 | lr 9.70e-05 | gn 1.00 | 318 img/s
  ep1 step 748/937 | loss_w 0.6020 raw 0.0808 | lr 9.19e-05 | gn 0.92 | 320 img/s
  ep1 step 935/937 | loss_w 0.5681 raw 0.0764 | lr 8.44e-05 | gn 0.84 | 321 img/s
epoch   1/3 | train 0.5678 | val 0.7189 (raw 0.0900) | 187s | 321 img/s | GPU 14.1 GB
  new best (val loss_w 0.7189) -> diff_best.pt
  ep2 step 187/937 | loss_w 0.4258 raw 0.0557 | lr 7.51e-05 | gn 0.52 | 324 img/s
  ep2 step 374/937 | loss_w 0.4259 raw 0.0557 | lr 6.44e-05 | gn 0.50 | 325 img/s
  ep2 step 561/937 | loss_w 0.4237 raw 0.0556 | lr 5.30e-05 | gn 0.46 | 325 img/s
  ep2 step 748/937 | loss_w 0.4217 raw 0.0557 | lr 4.15e-05 | gn 0.44 | 325 img/s
  ep2 step 935/937 | loss_w 0.4204 raw 0.0556 | lr 3.04e-05 | gn 0.43 | 325 img/s
epoch   2/3 | train 0.4203 | val 0.4565 (raw 0.0575) | 184s | 325 img/s | GPU 14.1 GB
  new best (val loss_w 0.4565) -> diff_best.pt
  ep3 step 187/937 | loss_w 0.4149 raw 0.0554 | lr 2.02e-05 | gn 0.32 | 325 img/s
  ep3 step 374/937 | loss_w 0.4135 raw 0.0550 | lr 1.18e-05 | gn 0.30 | 325 img/s
  ep3 step 561/937 | loss_w 0.4130 raw 0.0548 | lr 5.38e-06 | gn 0.26 | 326 img/s
  ep3 step 748/937 | loss_w 0.4109 raw 0.0542 | lr 1.39e-06 | gn 0.24 | 326 img/s
  ep3 step 935/937 | loss_w 0.4111 raw 0.0541 | lr 3.47e-10 | gn 0.23 | 326 img/s
epoch   3/3 | train 0.4111 | val 0.4055 (raw 0.0524) | 184s | 326 img/s | GPU 17.8 GB
  sampled: MAE 0.269 (adv 0.280) | CSI@1 0.441 (adv 0.428) | CSI@8 0.030 (adv 0.057) | CRPS 0.195 (adv 0.280) | PSD 2-8km 0.52
  new best (val loss_w 0.4055) -> diff_best.pt

completed: total 10.8 min | best val loss_w 0.4055 (ep3) | DONE written -> the sbatch chain will stop
