GPU 0: NVIDIA A100-SXM4-40GB (UUID: GPU-dc52e76f-1e5b-ce89-3e88-e43932092702)
host gpuhost016.jc.rl.ac.uk | CUDA ok | Tue 11 Aug 10:31:17 BST 2026
args: python /home/users/dv321/dissertation/Code/3 - Diffusion stage/train_ldm.py --attn 16 --batch 64 --cond-drop 0.1 --cond-mode full --dropout 0.0 --lr 0.0001 --mults 1,2,4 --p-mean -1.2 --p-std 1.6 --weight-decay 0.0 --width 128 --limit 60000 --epochs 3 --warmup 281 --psd-crops 96 --patience 0 --no-keep-sampled --sample-every 3 --sample-crops 96 --seed 0 --out /home/users/dv321/dissertation_outputs/hpo/ldm_coarse/trial_011_r0 --latents-dir /work/scratch-nopw2/dv321/dissertation/latents_ml_ep17 --vae /home/users/dv321/dissertation_outputs/vae_v2/vae_ep17.pt --leads 15,30,45,60
pooled sigma_data 0.7407 from [+15min 0.5800, +30min 0.7073, +45min 0.7921, +60min 0.8546]
diagnostics: 96 fixed val crops (rows 0..5999), 8 members, 25 steps
device=cuda | denoiser 65.7M params | cond=full (20ch) | sigma_data=0.7407 | latent_scale=0.784
train rows 60000 | val rows 6000 | 937 steps/epoch (batch 64) | weighted loss starts near 1.0 by construction
GPU: NVIDIA A100-SXM4-40GB | 42 GB total
  ep1 step 187/937 | loss_w 0.9292 raw 0.1470 | lr 6.62e-05 | gn 0.99 | 304 img/s
  ep1 step 374/937 | loss_w 0.8162 raw 0.1242 | lr 9.97e-05 | gn 1.06 | 315 img/s
  ep1 step 561/937 | loss_w 0.7201 raw 0.1092 | lr 9.70e-05 | gn 1.03 | 318 img/s
  ep1 step 748/937 | loss_w 0.6628 raw 0.0997 | lr 9.19e-05 | gn 0.98 | 320 img/s
  ep1 step 935/937 | loss_w 0.6249 raw 0.0941 | lr 8.44e-05 | gn 0.96 | 321 img/s
epoch   1/3 | train 0.6245 | val 0.8345 (raw 0.1210) | 187s | 321 img/s | GPU 14.1 GB
  new best (val loss_w 0.8345) -> diff_best.pt
  ep2 step 187/937 | loss_w 0.4585 raw 0.0674 | lr 7.51e-05 | gn 0.77 | 325 img/s
  ep2 step 374/937 | loss_w 0.4572 raw 0.0673 | lr 6.44e-05 | gn 0.78 | 325 img/s
  ep2 step 561/937 | loss_w 0.4532 raw 0.0671 | lr 5.30e-05 | gn 0.74 | 326 img/s
  ep2 step 748/937 | loss_w 0.4508 raw 0.0671 | lr 4.15e-05 | gn 0.70 | 326 img/s
  ep2 step 935/937 | loss_w 0.4493 raw 0.0669 | lr 3.04e-05 | gn 0.67 | 326 img/s
epoch   2/3 | train 0.4493 | val 0.5219 (raw 0.0752) | 184s | 326 img/s | GPU 14.1 GB
  new best (val loss_w 0.5219) -> diff_best.pt
  ep3 step 187/937 | loss_w 0.4377 raw 0.0656 | lr 2.02e-05 | gn 0.48 | 325 img/s
  ep3 step 374/937 | loss_w 0.4361 raw 0.0651 | lr 1.18e-05 | gn 0.45 | 326 img/s
  ep3 step 561/937 | loss_w 0.4354 raw 0.0651 | lr 5.38e-06 | gn 0.42 | 326 img/s
  ep3 step 748/937 | loss_w 0.4340 raw 0.0647 | lr 1.39e-06 | gn 0.39 | 326 img/s
  ep3 step 935/937 | loss_w 0.4344 raw 0.0647 | lr 3.47e-10 | gn 0.36 | 326 img/s
epoch   3/3 | train 0.4345 | val 0.4487 (raw 0.0660) | 184s | 326 img/s | GPU 18.1 GB
  sampled: MAE 0.258 (adv 0.280) | CSI@1 0.452 (adv 0.428) | CSI@8 0.039 (adv 0.057) | CRPS 0.188 (adv 0.280) | PSD 2-8km 0.50
  new best (val loss_w 0.4487) -> diff_best.pt

completed: total 10.7 min | best val loss_w 0.4487 (ep3) | DONE written -> the sbatch chain will stop
