GPU 0: NVIDIA A100-SXM4-40GB (UUID: GPU-f6ac4e31-0f21-8a2c-742d-1a58e374264d)
host gpuhost003.jc.rl.ac.uk | CUDA ok | Tue 11 Aug 11:01:20 BST 2026
args: python /home/users/dv321/dissertation/Code/3 - Diffusion stage/train_ldm.py --attn 16 --batch 64 --cond-drop 0.2 --cond-mode full --dropout 0.0 --lr 0.0001 --mults 1,2,4 --p-mean -1.2 --p-std 1.2 --weight-decay 0.0 --width 128 --limit 60000 --epochs 3 --warmup 281 --psd-crops 96 --patience 0 --no-keep-sampled --sample-every 3 --sample-crops 96 --seed 0 --out /home/users/dv321/dissertation_outputs/hpo/ldm_coarse/trial_021_r0 --latents-dir /work/scratch-nopw2/dv321/dissertation/latents_ml_ep17 --vae /home/users/dv321/dissertation_outputs/vae_v2/vae_ep17.pt --leads 15,30,45,60
pooled sigma_data 0.7407 from [+15min 0.5800, +30min 0.7073, +45min 0.7921, +60min 0.8546]
diagnostics: 96 fixed val crops (rows 0..5999), 8 members, 25 steps
device=cuda | denoiser 65.7M params | cond=full (20ch) | sigma_data=0.7407 | latent_scale=0.784
train rows 60000 | val rows 6000 | 937 steps/epoch (batch 64) | weighted loss starts near 1.0 by construction
GPU: NVIDIA A100-SXM4-40GB | 42 GB total
  ep1 step 187/937 | loss_w 0.9193 raw 0.1271 | lr 6.62e-05 | gn 0.96 | 304 img/s
  ep1 step 374/937 | loss_w 0.7761 raw 0.1050 | lr 9.97e-05 | gn 1.06 | 314 img/s
  ep1 step 561/937 | loss_w 0.6830 raw 0.0918 | lr 9.70e-05 | gn 0.97 | 317 img/s
  ep1 step 748/937 | loss_w 0.6289 raw 0.0838 | lr 9.19e-05 | gn 0.91 | 319 img/s
  ep1 step 935/937 | loss_w 0.5925 raw 0.0790 | lr 8.44e-05 | gn 0.87 | 320 img/s
epoch   1/3 | train 0.5922 | val 0.7674 (raw 0.1003) | 188s | 320 img/s | GPU 14.1 GB
  new best (val loss_w 0.7674) -> diff_best.pt
  ep2 step 187/937 | loss_w 0.4367 raw 0.0564 | lr 7.51e-05 | gn 0.70 | 322 img/s
  ep2 step 374/937 | loss_w 0.4350 raw 0.0562 | lr 6.44e-05 | gn 0.66 | 322 img/s
  ep2 step 561/937 | loss_w 0.4311 raw 0.0560 | lr 5.30e-05 | gn 0.61 | 323 img/s
  ep2 step 748/937 | loss_w 0.4291 raw 0.0560 | lr 4.15e-05 | gn 0.58 | 323 img/s
  ep2 step 935/937 | loss_w 0.4278 raw 0.0559 | lr 3.04e-05 | gn 0.56 | 323 img/s
epoch   2/3 | train 0.4278 | val 0.4850 (raw 0.0608) | 186s | 323 img/s | GPU 14.1 GB
  new best (val loss_w 0.4850) -> diff_best.pt
  ep3 step 187/937 | loss_w 0.4185 raw 0.0551 | lr 2.02e-05 | gn 0.39 | 322 img/s
  ep3 step 374/937 | loss_w 0.4177 raw 0.0547 | lr 1.18e-05 | gn 0.36 | 323 img/s
  ep3 step 561/937 | loss_w 0.4168 raw 0.0547 | lr 5.38e-06 | gn 0.33 | 323 img/s
  ep3 step 748/937 | loss_w 0.4156 raw 0.0544 | lr 1.39e-06 | gn 0.30 | 324 img/s
  ep3 step 935/937 | loss_w 0.4160 raw 0.0543 | lr 3.47e-10 | gn 0.28 | 324 img/s
epoch   3/3 | train 0.4160 | val 0.4177 (raw 0.0531) | 185s | 324 img/s | GPU 18.1 GB
  sampled: MAE 0.264 (adv 0.280) | CSI@1 0.448 (adv 0.428) | CSI@8 0.039 (adv 0.057) | CRPS 0.192 (adv 0.280) | PSD 2-8km 0.54
  new best (val loss_w 0.4177) -> diff_best.pt

completed: total 10.8 min | best val loss_w 0.4177 (ep3) | DONE written -> the sbatch chain will stop
