GPU 0: NVIDIA A100-SXM4-40GB (UUID: GPU-ee251011-af7c-cee8-5f10-127f70ad06c4)
host gpuhost015.jc.rl.ac.uk | CUDA ok | Mon 10 Aug 23:28:42 BST 2026
args: python /home/users/dv321/dissertation/Code/3 - Diffusion stage/train_regression.py --dropout 0.0 --lr 0.0001 --weight-decay 0.0 --width 96 --limit 60000 --epochs 2 --warmup 187 --psd-crops 96 --patience 0 --no-keep-sampled --diag-every 2 --diag-crops 96 --seed 0 --out /home/users/dv321/dissertation_outputs/hpo/reg_coarse/trial_004_r0 --latents-dir /work/scratch-nopw2/dv321/dissertation/latents_ml_ep17 --vae /home/users/dv321/dissertation_outputs/vae_v2/vae_ep17.pt --leads 15,30,45,60 --target delta --cond-mode full
target=delta | pooled std 0.7407 | mean +0.0619 | E[target^2] train 0.5525 val 0.5604
  per shard: [+15min sd 0.5800 E[t^2] 0.3395, +30min sd 0.7073 E[t^2] 0.5038, +45min sd 0.7921 E[t^2] 0.6314, +60min sd 0.8546 E[t^2] 0.7352]
diagnostics: 96 fixed val crops (rows 0..5999)
device=cuda | R_phi 38.2M params | cond=full (20ch) -> 4ch | latent_scale=0.784
train rows 60000 | val rows 6000 | 937 steps/epoch (batch 64)
data-path check: batch E[target^2] 0.3890 vs pack meta 0.5604 (ratio 0.694) | untrained MSE 0.3890 -> EV +0.0000 (must be ~0.000 on a fresh start)
  ep1 step 187/937 | mse 0.4732 (win 0.4732) | EV 0.144 (win 0.144) | lr 9.95e-05 | gn 0.86 | 399 img/s
  ep1 step 374/937 | mse 0.4294 (win 0.3855) | EV 0.223 (win 0.302) | lr 9.70e-05 | gn 0.75 | 417 img/s
  ep1 step 561/937 | mse 0.4043 (win 0.3542) | EV 0.268 (win 0.359) | lr 8.84e-05 | gn 0.72 | 424 img/s
  ep1 step 748/937 | mse 0.3887 (win 0.3419) | EV 0.296 (win 0.381) | lr 7.52e-05 | gn 0.70 | 427 img/s
  ep1 step 935/937 | mse 0.3785 (win 0.3377) | EV 0.315 (win 0.389) | lr 5.89e-05 | gn 0.67 | 429 img/s
epoch   1/2 | train mse 0.37842 (EV 0.3151) | val mse 0.43259 (EV 0.2281) | 140s | 429 img/s | GPU 10.4 GB
  val EV per lead: +15min 0.1939, +30min 0.2248, +45min 0.2286, +60min 0.2451
  ABORT-B (PASS) after epoch 1: val EV 0.2281 against threshold 0.020
  new best (val MSE 0.43259, EV 0.2281) -> reg_best.pt
  ep2 step 187/937 | mse 0.3315 (win 0.3315) | EV 0.400 (win 0.400) | lr 4.14e-05 | gn 0.52 | 436 img/s
  ep2 step 374/937 | mse 0.3295 (win 0.3274) | EV 0.404 (win 0.407) | lr 2.51e-05 | gn 0.50 | 436 img/s
  ep2 step 561/937 | mse 0.3286 (win 0.3269) | EV 0.405 (win 0.408) | lr 1.18e-05 | gn 0.50 | 437 img/s
  ep2 step 748/937 | mse 0.3270 (win 0.3223) | EV 0.408 (win 0.417) | lr 3.10e-06 | gn 0.47 | 437 img/s
  ep2 step 935/937 | mse 0.3271 (win 0.3273) | EV 0.408 (win 0.408) | lr 7.80e-10 | gn 0.44 | 437 img/s
epoch   2/2 | train mse 0.32706 (EV 0.4080) | val mse 0.35381 (EV 0.3687) | 137s | 437 img/s | GPU 12.5 GB
  val EV per lead: +15min 0.3230, +30min 0.3635, +45min 0.3730, +60min 0.3888
  decoded: MAE 0.219 (adv 0.280) | CSI@1 0.456 (adv 0.428) | CSI@8 0.053 (adv 0.057) | PSD 2-8km band power 0.08 (adv 0.77)
  new best (val MSE 0.35381, EV 0.3687) -> reg_best.pt

GATE-C (PASS): pooled val EV 0.3687 against threshold 0.10. sigma_data would fall 0.7407 -> 0.5885 (20.5%).

completed: total 5.0 min | best val MSE 0.35381 (ep2) | DONE written -> the sbatch chain will stop
