GPU 0: NVIDIA A100-SXM4-40GB (UUID: GPU-f6ac4e31-0f21-8a2c-742d-1a58e374264d)
host gpuhost003.jc.rl.ac.uk | CUDA ok | Tue 11 Aug 10:49:20 BST 2026
args: python /home/users/dv321/dissertation/Code/3 - Diffusion stage/train_ldm.py --attn 16 --batch 64 --cond-drop 0.1 --cond-mode full --dropout 0.0 --lr 0.0002 --mults 1,2,4 --p-mean -1.2 --p-std 1.2 --weight-decay 0.0 --width 128 --limit 60000 --epochs 3 --warmup 281 --psd-crops 96 --patience 0 --no-keep-sampled --sample-every 3 --sample-crops 96 --seed 0 --out /home/users/dv321/dissertation_outputs/hpo/ldm_coarse/trial_018_r0 --latents-dir /work/scratch-nopw2/dv321/dissertation/latents_ml_ep17 --vae /home/users/dv321/dissertation_outputs/vae_v2/vae_ep17.pt --leads 15,30,45,60
pooled sigma_data 0.7407 from [+15min 0.5800, +30min 0.7073, +45min 0.7921, +60min 0.8546]
diagnostics: 96 fixed val crops (rows 0..5999), 8 members, 25 steps
device=cuda | denoiser 65.7M params | cond=full (20ch) | sigma_data=0.7407 | latent_scale=0.784
train rows 60000 | val rows 6000 | 937 steps/epoch (batch 64) | weighted loss starts near 1.0 by construction
GPU: NVIDIA A100-SXM4-40GB | 42 GB total
  ep1 step 187/937 | loss_w 0.8719 raw 0.1189 | lr 1.32e-04 | gn 1.00 | 304 img/s
  ep1 step 374/937 | loss_w 0.7026 raw 0.0945 | lr 1.99e-04 | gn 0.99 | 314 img/s
  ep1 step 561/937 | loss_w 0.6177 raw 0.0823 | lr 1.94e-04 | gn 0.90 | 317 img/s
  ep1 step 748/937 | loss_w 0.5699 raw 0.0751 | lr 1.84e-04 | gn 0.83 | 319 img/s
  ep1 step 935/937 | loss_w 0.5389 raw 0.0710 | lr 1.69e-04 | gn 0.79 | 320 img/s
epoch   1/3 | train 0.5386 | val 0.7188 (raw 0.0922) | 187s | 320 img/s | GPU 14.1 GB
  new best (val loss_w 0.7188) -> diff_best.pt
  ep2 step 187/937 | loss_w 0.4068 raw 0.0520 | lr 1.50e-04 | gn 0.52 | 323 img/s
  ep2 step 374/937 | loss_w 0.4054 raw 0.0518 | lr 1.29e-04 | gn 0.50 | 324 img/s
  ep2 step 561/937 | loss_w 0.4024 raw 0.0517 | lr 1.06e-04 | gn 0.48 | 324 img/s
  ep2 step 748/937 | loss_w 0.4011 raw 0.0518 | lr 8.29e-05 | gn 0.45 | 324 img/s
  ep2 step 935/937 | loss_w 0.4003 raw 0.0518 | lr 6.07e-05 | gn 0.43 | 324 img/s
epoch   2/3 | train 0.4003 | val 0.4553 (raw 0.0579) | 185s | 324 img/s | GPU 14.1 GB
  new best (val loss_w 0.4553) -> diff_best.pt
  ep3 step 187/937 | loss_w 0.3932 raw 0.0511 | lr 4.04e-05 | gn 0.33 | 323 img/s
  ep3 step 374/937 | loss_w 0.3920 raw 0.0507 | lr 2.35e-05 | gn 0.30 | 324 img/s
  ep3 step 561/937 | loss_w 0.3911 raw 0.0507 | lr 1.08e-05 | gn 0.27 | 324 img/s
  ep3 step 748/937 | loss_w 0.3900 raw 0.0504 | lr 2.77e-06 | gn 0.25 | 324 img/s
  ep3 step 935/937 | loss_w 0.3904 raw 0.0504 | lr 6.94e-10 | gn 0.23 | 324 img/s
epoch   3/3 | train 0.3905 | val 0.3973 (raw 0.0511) | 185s | 324 img/s | GPU 18.1 GB
  sampled: MAE 0.252 (adv 0.280) | CSI@1 0.452 (adv 0.428) | CSI@8 0.040 (adv 0.057) | CRPS 0.188 (adv 0.280) | PSD 2-8km 0.47
  new best (val loss_w 0.3973) -> diff_best.pt

completed: total 10.8 min | best val loss_w 0.3973 (ep3) | DONE written -> the sbatch chain will stop
