GPU 0: NVIDIA A100-SXM4-40GB (UUID: GPU-804b9d03-ffcd-7def-68ce-4a60edab9e22)
host gpuhost012.jc.rl.ac.uk | CUDA ok | Tue 11 Aug 11:55:20 BST 2026
args: python /home/users/dv321/dissertation/Code/3 - Diffusion stage/train_ldm.py --attn 16 --batch 64 --cond-drop 0.1 --cond-mode full --dropout 0.0 --lr 5e-05 --mults 1,2,4 --p-mean -1.2 --p-std 1.2 --weight-decay 0.0 --width 128 --limit 150000 --epochs 4 --warmup 937 --psd-crops 96 --patience 0 --no-keep-sampled --sample-every 4 --sample-crops 96 --seed 0 --out /home/users/dv321/dissertation_outputs/hpo/ldm_coarse/trial_013_r1 --latents-dir /work/scratch-nopw2/dv321/dissertation/latents_ml_ep17 --vae /home/users/dv321/dissertation_outputs/vae_v2/vae_ep17.pt --leads 15,30,45,60
pooled sigma_data 0.7407 from [+15min 0.5800, +30min 0.7073, +45min 0.7921, +60min 0.8546]
diagnostics: 96 fixed val crops (rows 0..14999), 8 members, 25 steps
device=cuda | denoiser 65.7M params | cond=full (20ch) | sigma_data=0.7407 | latent_scale=0.784
train rows 150000 | val rows 15000 | 2343 steps/epoch (batch 64) | weighted loss starts near 1.0 by construction
GPU: NVIDIA A100-SXM4-40GB | 42 GB total
  ep1 step 200/2343 | loss_w 0.9651 raw 0.1405 | lr 1.06e-05 | gn 1.54 | 307 img/s
  ep1 step 400/2343 | loss_w 0.9268 raw 0.1278 | lr 2.13e-05 | gn 1.44 | 316 img/s
  ep1 step 600/2343 | loss_w 0.8700 raw 0.1173 | lr 3.20e-05 | gn 1.50 | 319 img/s
  ep1 step 800/2343 | loss_w 0.8015 raw 0.1073 | lr 4.26e-05 | gn 1.51 | 321 img/s
  ep1 step 1000/2343 | loss_w 0.7444 raw 0.0993 | lr 5.00e-05 | gn 1.47 | 322 img/s
  ep1 step 1200/2343 | loss_w 0.7008 raw 0.0929 | lr 4.99e-05 | gn 1.41 | 322 img/s
  ep1 step 1400/2343 | loss_w 0.6663 raw 0.0878 | lr 4.96e-05 | gn 1.37 | 323 img/s
  ep1 step 1600/2343 | loss_w 0.6390 raw 0.0840 | lr 4.92e-05 | gn 1.32 | 323 img/s
  ep1 step 1800/2343 | loss_w 0.6170 raw 0.0810 | lr 4.87e-05 | gn 1.28 | 324 img/s
  ep1 step 2000/2343 | loss_w 0.5988 raw 0.0783 | lr 4.81e-05 | gn 1.26 | 324 img/s
  ep1 step 2200/2343 | loss_w 0.5831 raw 0.0762 | lr 4.73e-05 | gn 1.23 | 324 img/s
epoch   1/4 | train 0.5735 | val 0.4794 (raw 0.0598) | 463s | 324 img/s | GPU 14.1 GB
  new best (val loss_w 0.4794) -> diff_best.pt
  ep2 step 200/2343 | loss_w 0.4205 raw 0.0535 | lr 4.57e-05 | gn 0.85 | 324 img/s
  ep2 step 400/2343 | loss_w 0.4181 raw 0.0534 | lr 4.46e-05 | gn 0.82 | 325 img/s
  ep2 step 600/2343 | loss_w 0.4172 raw 0.0530 | lr 4.33e-05 | gn 0.81 | 325 img/s
  ep2 step 800/2343 | loss_w 0.4153 raw 0.0529 | lr 4.20e-05 | gn 0.79 | 325 img/s
  ep2 step 1000/2343 | loss_w 0.4143 raw 0.0527 | lr 4.06e-05 | gn 0.79 | 325 img/s
  ep2 step 1200/2343 | loss_w 0.4132 raw 0.0526 | lr 3.91e-05 | gn 0.78 | 325 img/s
  ep2 step 1400/2343 | loss_w 0.4124 raw 0.0525 | lr 3.76e-05 | gn 0.77 | 325 img/s
  ep2 step 1600/2343 | loss_w 0.4115 raw 0.0525 | lr 3.59e-05 | gn 0.75 | 325 img/s
  ep2 step 1800/2343 | loss_w 0.4109 raw 0.0524 | lr 3.42e-05 | gn 0.74 | 325 img/s
  ep2 step 2000/2343 | loss_w 0.4099 raw 0.0524 | lr 3.25e-05 | gn 0.73 | 325 img/s
  ep2 step 2200/2343 | loss_w 0.4092 raw 0.0523 | lr 3.07e-05 | gn 0.72 | 326 img/s
epoch   2/4 | train 0.4086 | val 0.3967 (raw 0.0505) | 461s | 326 img/s | GPU 14.1 GB
  new best (val loss_w 0.3967) -> diff_best.pt
  ep3 step 200/2343 | loss_w 0.3997 raw 0.0506 | lr 2.75e-05 | gn 0.56 | 325 img/s
  ep3 step 400/2343 | loss_w 0.4000 raw 0.0509 | lr 2.56e-05 | gn 0.59 | 325 img/s
  ep3 step 600/2343 | loss_w 0.3996 raw 0.0510 | lr 2.38e-05 | gn 0.56 | 325 img/s
  ep3 step 800/2343 | loss_w 0.3996 raw 0.0509 | lr 2.19e-05 | gn 0.56 | 325 img/s
  ep3 step 1000/2343 | loss_w 0.3992 raw 0.0507 | lr 2.01e-05 | gn 0.55 | 325 img/s
  ep3 step 1200/2343 | loss_w 0.3987 raw 0.0507 | lr 1.83e-05 | gn 0.55 | 325 img/s
  ep3 step 1400/2343 | loss_w 0.3983 raw 0.0507 | lr 1.65e-05 | gn 0.54 | 325 img/s
  ep3 step 1600/2343 | loss_w 0.3978 raw 0.0507 | lr 1.48e-05 | gn 0.53 | 325 img/s
  ep3 step 1800/2343 | loss_w 0.3975 raw 0.0508 | lr 1.31e-05 | gn 0.52 | 325 img/s
  ep3 step 2000/2343 | loss_w 0.3969 raw 0.0507 | lr 1.15e-05 | gn 0.51 | 325 img/s
  ep3 step 2200/2343 | loss_w 0.3967 raw 0.0506 | lr 9.98e-06 | gn 0.51 | 325 img/s
epoch   3/4 | train 0.3965 | val 0.3855 (raw 0.0493) | 461s | 325 img/s | GPU 14.1 GB
  new best (val loss_w 0.3855) -> diff_best.pt
  ep4 step 200/2343 | loss_w 0.3945 raw 0.0512 | lr 7.56e-06 | gn 0.41 | 324 img/s
  ep4 step 400/2343 | loss_w 0.3938 raw 0.0507 | lr 6.27e-06 | gn 0.39 | 325 img/s
  ep4 step 600/2343 | loss_w 0.3937 raw 0.0507 | lr 5.09e-06 | gn 0.39 | 325 img/s
  ep4 step 800/2343 | loss_w 0.3933 raw 0.0507 | lr 4.02e-06 | gn 0.38 | 325 img/s
  ep4 step 1000/2343 | loss_w 0.3934 raw 0.0507 | lr 3.07e-06 | gn 0.36 | 325 img/s
  ep4 step 1200/2343 | loss_w 0.3933 raw 0.0508 | lr 2.24e-06 | gn 0.35 | 325 img/s
  ep4 step 1400/2343 | loss_w 0.3932 raw 0.0506 | lr 1.53e-06 | gn 0.34 | 325 img/s
  ep4 step 1600/2343 | loss_w 0.3927 raw 0.0506 | lr 9.54e-07 | gn 0.33 | 325 img/s
  ep4 step 1800/2343 | loss_w 0.3928 raw 0.0506 | lr 5.11e-07 | gn 0.32 | 325 img/s
  ep4 step 2000/2343 | loss_w 0.3925 raw 0.0505 | lr 2.05e-07 | gn 0.31 | 325 img/s
  ep4 step 2200/2343 | loss_w 0.3925 raw 0.0506 | lr 3.59e-08 | gn 0.30 | 325 img/s
epoch   4/4 | train 0.3922 | val 0.3825 (raw 0.0490) | 461s | 325 img/s | GPU 18.1 GB
  sampled: MAE 0.261 (adv 0.270) | CSI@1 0.446 (adv 0.422) | CSI@8 0.083 (adv 0.103) | CRPS 0.190 (adv 0.270) | PSD 2-8km 0.46
  new best (val loss_w 0.3825) -> diff_best.pt

completed: total 33.1 min | best val loss_w 0.3825 (ep4) | DONE written -> the sbatch chain will stop
