GPU 0: NVIDIA A100-SXM4-40GB (UUID: GPU-fb373b1d-a0e6-d79f-9c84-44159c67bbcc)
host gpuhost009.jc.rl.ac.uk | CUDA ok | Tue 11 Aug 10:09:18 BST 2026
args: python /home/users/dv321/dissertation/Code/3 - Diffusion stage/train_ldm.py --attn 16,32 --batch 64 --cond-drop 0.1 --cond-mode full --dropout 0.0 --lr 0.0001 --mults 1,2,4 --p-mean -1.2 --p-std 1.2 --weight-decay 0.0 --width 128 --limit 60000 --epochs 3 --warmup 281 --psd-crops 96 --patience 0 --no-keep-sampled --sample-every 3 --sample-crops 96 --seed 0 --out /home/users/dv321/dissertation_outputs/hpo/ldm_coarse/trial_004_r0 --latents-dir /work/scratch-nopw2/dv321/dissertation/latents_ml_ep17 --vae /home/users/dv321/dissertation_outputs/vae_v2/vae_ep17.pt --leads 15,30,45,60
pooled sigma_data 0.7407 from [+15min 0.5800, +30min 0.7073, +45min 0.7921, +60min 0.8546]
diagnostics: 96 fixed val crops (rows 0..5999), 8 members, 25 steps
device=cuda | denoiser 67.1M params | cond=full (20ch) | sigma_data=0.7407 | latent_scale=0.784
train rows 60000 | val rows 6000 | 937 steps/epoch (batch 64) | weighted loss starts near 1.0 by construction
GPU: NVIDIA A100-SXM4-40GB | 42 GB total
  ep1 step 187/937 | loss_w 0.9217 raw 0.1275 | lr 6.62e-05 | gn 1.06 | 210 img/s
  ep1 step 374/937 | loss_w 0.7835 raw 0.1056 | lr 9.97e-05 | gn 1.14 | 214 img/s
  ep1 step 561/937 | loss_w 0.6860 raw 0.0919 | lr 9.70e-05 | gn 1.05 | 216 img/s
  ep1 step 748/937 | loss_w 0.6284 raw 0.0833 | lr 9.19e-05 | gn 0.98 | 217 img/s
  ep1 step 935/937 | loss_w 0.5898 raw 0.0780 | lr 8.44e-05 | gn 0.93 | 217 img/s
epoch   1/3 | train 0.5895 | val 0.7549 (raw 0.0970) | 276s | 217 img/s | GPU 17.5 GB
  new best (val loss_w 0.7549) -> diff_best.pt
  ep2 step 187/937 | loss_w 0.4260 raw 0.0543 | lr 7.51e-05 | gn 0.65 | 218 img/s
  ep2 step 374/937 | loss_w 0.4228 raw 0.0539 | lr 6.44e-05 | gn 0.66 | 219 img/s
  ep2 step 561/937 | loss_w 0.4187 raw 0.0536 | lr 5.30e-05 | gn 0.61 | 219 img/s
  ep2 step 748/937 | loss_w 0.4180 raw 0.0536 | lr 4.15e-05 | gn 0.59 | 219 img/s
  ep2 step 935/937 | loss_w 0.4162 raw 0.0536 | lr 3.04e-05 | gn 0.57 | 219 img/s
epoch   2/3 | train 0.4162 | val 0.4779 (raw 0.0599) | 274s | 219 img/s | GPU 17.5 GB
  new best (val loss_w 0.4779) -> diff_best.pt
  ep3 step 187/937 | loss_w 0.4083 raw 0.0528 | lr 2.02e-05 | gn 0.43 | 219 img/s
  ep3 step 374/937 | loss_w 0.4063 raw 0.0522 | lr 1.18e-05 | gn 0.38 | 219 img/s
  ep3 step 561/937 | loss_w 0.4058 raw 0.0523 | lr 5.38e-06 | gn 0.35 | 219 img/s
  ep3 step 748/937 | loss_w 0.4054 raw 0.0521 | lr 1.39e-06 | gn 0.31 | 219 img/s
  ep3 step 935/937 | loss_w 0.4051 raw 0.0519 | lr 3.47e-10 | gn 0.29 | 219 img/s
epoch   3/3 | train 0.4051 | val 0.4148 (raw 0.0528) | 273s | 219 img/s | GPU 18.1 GB
  sampled: MAE 0.254 (adv 0.280) | CSI@1 0.444 (adv 0.428) | CSI@8 0.031 (adv 0.057) | CRPS 0.190 (adv 0.280) | PSD 2-8km 0.42
  new best (val loss_w 0.4148) -> diff_best.pt

completed: total 15.7 min | best val loss_w 0.4148 (ep3) | DONE written -> the sbatch chain will stop
