GPU 0: NVIDIA A100-SXM4-40GB (UUID: GPU-dc4d53b8-6207-bce6-954d-c04b69b268eb)
host gpuhost013 | CUDA ok | Tue Aug 11 11:23:45 BST 2026
args: python /home/users/dv321/dissertation/Code/3 - Diffusion stage/train_ldm.py --attn 16 --batch 128 --cond-drop 0.1 --cond-mode full --dropout 0.0 --lr 0.0001 --mults 1,2,4 --p-mean -1.2 --p-std 1.2 --weight-decay 0.0 --width 128 --limit 150000 --epochs 4 --warmup 468 --psd-crops 96 --patience 0 --no-keep-sampled --sample-every 4 --sample-crops 96 --seed 0 --out /home/users/dv321/dissertation_outputs/hpo/ldm_coarse/trial_016_r1 --latents-dir /work/scratch-nopw2/dv321/dissertation/latents_ml_ep17 --vae /home/users/dv321/dissertation_outputs/vae_v2/vae_ep17.pt --leads 15,30,45,60
pooled sigma_data 0.7407 from [+15min 0.5800, +30min 0.7073, +45min 0.7921, +60min 0.8546]
diagnostics: 96 fixed val crops (rows 0..14999), 8 members, 25 steps
device=cuda | denoiser 65.7M params | cond=full (20ch) | sigma_data=0.7407 | latent_scale=0.784
train rows 150000 | val rows 15000 | 1171 steps/epoch (batch 128) | weighted loss starts near 1.0 by construction
GPU: NVIDIA A100-SXM4-40GB | 42 GB total
  ep1 step 200/1171 | loss_w 0.9283 raw 0.1286 | lr 4.25e-05 | gn 1.04 | 331 img/s
  ep1 step 400/1171 | loss_w 0.8068 raw 0.1078 | lr 8.53e-05 | gn 1.18 | 340 img/s
  ep1 step 600/1171 | loss_w 0.7055 raw 0.0937 | lr 9.98e-05 | gn 1.15 | 343 img/s
  ep1 step 800/1171 | loss_w 0.6429 raw 0.0848 | lr 9.85e-05 | gn 1.09 | 345 img/s
  ep1 step 1000/1171 | loss_w 0.6017 raw 0.0790 | lr 9.61e-05 | gn 1.05 | 346 img/s
epoch   1/4 | train 0.5759 | val 0.6795 (raw 0.0857) | 433s | 346 img/s | GPU 26.7 GB
  new best (val loss_w 0.6795) -> diff_best.pt
  ep2 step 200/1171 | loss_w 0.4174 raw 0.0541 | lr 8.91e-05 | gn 0.77 | 348 img/s
  ep2 step 400/1171 | loss_w 0.4142 raw 0.0535 | lr 8.41e-05 | gn 0.70 | 349 img/s
  ep2 step 600/1171 | loss_w 0.4114 raw 0.0531 | lr 7.83e-05 | gn 0.68 | 349 img/s
  ep2 step 800/1171 | loss_w 0.4097 raw 0.0528 | lr 7.18e-05 | gn 0.65 | 349 img/s
  ep2 step 1000/1171 | loss_w 0.4084 raw 0.0526 | lr 6.49e-05 | gn 0.63 | 349 img/s
epoch   2/4 | train 0.4071 | val 0.4316 (raw 0.0541) | 429s | 349 img/s | GPU 26.7 GB
  new best (val loss_w 0.4316) -> diff_best.pt
  ep3 step 200/1171 | loss_w 0.3979 raw 0.0510 | lr 5.13e-05 | gn 0.46 | 348 img/s
  ep3 step 400/1171 | loss_w 0.3976 raw 0.0511 | lr 4.39e-05 | gn 0.46 | 349 img/s
  ep3 step 600/1171 | loss_w 0.3970 raw 0.0511 | lr 3.66e-05 | gn 0.46 | 349 img/s
  ep3 step 800/1171 | loss_w 0.3963 raw 0.0510 | lr 2.96e-05 | gn 0.44 | 349 img/s
  ep3 step 1000/1171 | loss_w 0.3956 raw 0.0509 | lr 2.30e-05 | gn 0.43 | 349 img/s
epoch   3/4 | train 0.3951 | val 0.3928 (raw 0.0501) | 429s | 349 img/s | GPU 26.7 GB
  new best (val loss_w 0.3928) -> diff_best.pt
  ep4 step 200/1171 | loss_w 0.3931 raw 0.0501 | lr 1.26e-05 | gn 0.28 | 349 img/s
  ep4 step 400/1171 | loss_w 0.3926 raw 0.0506 | lr 8.05e-06 | gn 0.27 | 349 img/s
  ep4 step 600/1171 | loss_w 0.3925 raw 0.0506 | lr 4.47e-06 | gn 0.25 | 349 img/s
  ep4 step 800/1171 | loss_w 0.3917 raw 0.0505 | lr 1.91e-06 | gn 0.24 | 349 img/s
  ep4 step 1000/1171 | loss_w 0.3914 raw 0.0504 | lr 4.10e-07 | gn 0.22 | 349 img/s
epoch   4/4 | train 0.3911 | val 0.3840 (raw 0.0492) | 429s | 349 img/s | GPU 26.7 GB
  sampled: MAE 0.257 (adv 0.270) | CSI@1 0.449 (adv 0.422) | CSI@8 0.088 (adv 0.103) | CRPS 0.190 (adv 0.270) | PSD 2-8km 0.45
  new best (val loss_w 0.3840) -> diff_best.pt

completed: total 31.0 min | best val loss_w 0.3840 (ep4) | DONE written -> the sbatch chain will stop
