GPU 0: NVIDIA A100-SXM4-40GB (UUID: GPU-09e83d89-7d69-f1aa-a9c6-29d120f5832c)
host gpuhost010.jc.rl.ac.uk | CUDA ok | Tue 11 Aug 10:23:22 BST 2026
args: python /home/users/dv321/dissertation/Code/3 - Diffusion stage/train_ldm.py --attn 16 --batch 64 --cond-drop 0.1 --cond-mode full --dropout 0.0 --lr 0.0001 --mults 1,2,4 --p-mean -1.2 --p-std 1.2 --weight-decay 0.01 --width 128 --limit 60000 --epochs 3 --warmup 281 --psd-crops 96 --patience 0 --no-keep-sampled --sample-every 3 --sample-crops 96 --seed 0 --out /home/users/dv321/dissertation_outputs/hpo/ldm_coarse/trial_008_r0 --latents-dir /work/scratch-nopw2/dv321/dissertation/latents_ml_ep17 --vae /home/users/dv321/dissertation_outputs/vae_v2/vae_ep17.pt --leads 15,30,45,60
pooled sigma_data 0.7407 from [+15min 0.5800, +30min 0.7073, +45min 0.7921, +60min 0.8546]
diagnostics: 96 fixed val crops (rows 0..5999), 8 members, 25 steps
device=cuda | denoiser 65.7M params | cond=full (20ch) | sigma_data=0.7407 | latent_scale=0.784
train rows 60000 | val rows 6000 | 937 steps/epoch (batch 64) | weighted loss starts near 1.0 by construction
GPU: NVIDIA A100-SXM4-40GB | 42 GB total
  ep1 step 187/937 | loss_w 0.9211 raw 0.1273 | lr 6.62e-05 | gn 0.97 | 300 img/s
  ep1 step 374/937 | loss_w 0.7761 raw 0.1045 | lr 9.97e-05 | gn 1.11 | 311 img/s
  ep1 step 561/937 | loss_w 0.6810 raw 0.0910 | lr 9.70e-05 | gn 1.03 | 315 img/s
  ep1 step 748/937 | loss_w 0.6249 raw 0.0825 | lr 9.19e-05 | gn 0.97 | 317 img/s
  ep1 step 935/937 | loss_w 0.5873 raw 0.0774 | lr 8.44e-05 | gn 0.93 | 318 img/s
epoch   1/3 | train 0.5869 | val 0.7735 (raw 0.1010) | 189s | 318 img/s | GPU 14.1 GB
  new best (val loss_w 0.7735) -> diff_best.pt
  ep2 step 187/937 | loss_w 0.4257 raw 0.0539 | lr 7.51e-05 | gn 0.74 | 322 img/s
  ep2 step 374/937 | loss_w 0.4239 raw 0.0537 | lr 6.44e-05 | gn 0.73 | 322 img/s
  ep2 step 561/937 | loss_w 0.4201 raw 0.0535 | lr 5.30e-05 | gn 0.69 | 323 img/s
  ep2 step 748/937 | loss_w 0.4181 raw 0.0535 | lr 4.15e-05 | gn 0.65 | 323 img/s
  ep2 step 935/937 | loss_w 0.4168 raw 0.0534 | lr 3.04e-05 | gn 0.62 | 323 img/s
epoch   2/3 | train 0.4168 | val 0.4801 (raw 0.0603) | 186s | 323 img/s | GPU 14.1 GB
  new best (val loss_w 0.4801) -> diff_best.pt
  ep3 step 187/937 | loss_w 0.4074 raw 0.0526 | lr 2.02e-05 | gn 0.45 | 322 img/s
  ep3 step 374/937 | loss_w 0.4062 raw 0.0522 | lr 1.18e-05 | gn 0.39 | 323 img/s
  ep3 step 561/937 | loss_w 0.4053 raw 0.0522 | lr 5.38e-06 | gn 0.36 | 323 img/s
  ep3 step 748/937 | loss_w 0.4042 raw 0.0519 | lr 1.39e-06 | gn 0.32 | 323 img/s
  ep3 step 935/937 | loss_w 0.4047 raw 0.0519 | lr 3.47e-10 | gn 0.30 | 323 img/s
epoch   3/3 | train 0.4047 | val 0.4155 (raw 0.0528) | 186s | 323 img/s | GPU 18.1 GB
  sampled: MAE 0.265 (adv 0.280) | CSI@1 0.447 (adv 0.428) | CSI@8 0.037 (adv 0.057) | CRPS 0.191 (adv 0.280) | PSD 2-8km 0.57
  new best (val loss_w 0.4155) -> diff_best.pt

completed: total 10.9 min | best val loss_w 0.4155 (ep3) | DONE written -> the sbatch chain will stop
