GPU 0: NVIDIA A100-SXM4-40GB (UUID: GPU-e3883126-d41d-c007-e678-7574858270e2)
host gpuhost015.jc.rl.ac.uk | CUDA ok | Mon 10 Aug 23:28:42 BST 2026
args: python /home/users/dv321/dissertation/Code/3 - Diffusion stage/train_regression.py --dropout 0.0 --lr 0.0004 --weight-decay 0.0 --width 128 --limit 60000 --epochs 2 --warmup 187 --psd-crops 96 --patience 0 --no-keep-sampled --diag-every 2 --diag-crops 96 --seed 0 --out /home/users/dv321/dissertation_outputs/hpo/reg_coarse/trial_003_r0 --latents-dir /work/scratch-nopw2/dv321/dissertation/latents_ml_ep17 --vae /home/users/dv321/dissertation_outputs/vae_v2/vae_ep17.pt --leads 15,30,45,60 --target delta --cond-mode full
target=delta | pooled std 0.7407 | mean +0.0619 | E[target^2] train 0.5525 val 0.5604
  per shard: [+15min sd 0.5800 E[t^2] 0.3395, +30min sd 0.7073 E[t^2] 0.5038, +45min sd 0.7921 E[t^2] 0.6314, +60min sd 0.8546 E[t^2] 0.7352]
diagnostics: 96 fixed val crops (rows 0..5999)
device=cuda | R_phi 65.7M params | cond=full (20ch) -> 4ch | latent_scale=0.784
train rows 60000 | val rows 6000 | 937 steps/epoch (batch 64)
data-path check: batch E[target^2] 0.3890 vs pack meta 0.5604 (ratio 0.694) | untrained MSE 0.3890 -> EV +0.0000 (must be ~0.000 on a fresh start)
  ep1 step 187/937 | mse 0.4322 (win 0.4322) | EV 0.218 (win 0.218) | lr 3.98e-04 | gn 0.77 | 304 img/s
  ep1 step 374/937 | mse 0.3920 (win 0.3518) | EV 0.291 (win 0.363) | lr 3.88e-04 | gn 0.65 | 315 img/s
  ep1 step 561/937 | mse 0.3747 (win 0.3400) | EV 0.322 (win 0.385) | lr 3.54e-04 | gn 0.60 | 318 img/s
  ep1 step 748/937 | mse 0.3657 (win 0.3388) | EV 0.338 (win 0.387) | lr 3.01e-04 | gn 0.55 | 320 img/s
  ep1 step 935/937 | mse 0.3587 (win 0.3306) | EV 0.351 (win 0.402) | lr 2.36e-04 | gn 0.53 | 321 img/s
epoch   1/2 | train mse 0.35864 (EV 0.3509) | val mse 0.40667 (EV 0.2743) | 187s | 321 img/s | GPU 14.1 GB
  val EV per lead: +15min 0.2562, +30min 0.2748, +45min 0.2727, +60min 0.2835
  ABORT-B (PASS) after epoch 1: val EV 0.2743 against threshold 0.020
  new best (val MSE 0.40667, EV 0.2743) -> reg_best.pt
  ep2 step 187/937 | mse 0.3294 (win 0.3294) | EV 0.404 (win 0.404) | lr 1.66e-04 | gn 0.39 | 324 img/s
  ep2 step 374/937 | mse 0.3277 (win 0.3259) | EV 0.407 (win 0.410) | lr 1.01e-04 | gn 0.39 | 325 img/s
  ep2 step 561/937 | mse 0.3253 (win 0.3207) | EV 0.411 (win 0.420) | lr 4.73e-05 | gn 0.35 | 325 img/s
  ep2 step 748/937 | mse 0.3238 (win 0.3193) | EV 0.414 (win 0.422) | lr 1.24e-05 | gn 0.33 | 325 img/s
  ep2 step 935/937 | mse 0.3226 (win 0.3178) | EV 0.416 (win 0.425) | lr 3.12e-09 | gn 0.30 | 325 img/s
epoch   2/2 | train mse 0.32265 (EV 0.4160) | val mse 0.34512 (EV 0.3842) | 184s | 325 img/s | GPU 14.1 GB
  val EV per lead: +15min 0.3484, +30min 0.3802, +45min 0.3869, +60min 0.4006
  decoded: MAE 0.218 (adv 0.280) | CSI@1 0.464 (adv 0.428) | CSI@8 0.060 (adv 0.057) | PSD 2-8km band power 0.06 (adv 0.77)
  new best (val MSE 0.34512, EV 0.3842) -> reg_best.pt

GATE-C (PASS): pooled val EV 0.3842 against threshold 0.10. sigma_data would fall 0.7407 -> 0.5813 (21.5%).

completed: total 6.6 min | best val MSE 0.34512 (ep2) | DONE written -> the sbatch chain will stop
