GPU 0: NVIDIA A100-SXM4-40GB (UUID: GPU-fb373b1d-a0e6-d79f-9c84-44159c67bbcc)
host gpuhost009.jc.rl.ac.uk | CUDA ok | Tue 11 Aug 10:43:19 BST 2026
args: python /home/users/dv321/dissertation/Code/3 - Diffusion stage/train_ldm.py --attn 16 --batch 32 --cond-drop 0.1 --cond-mode full --dropout 0.0 --lr 0.0001 --mults 1,2,4 --p-mean -1.2 --p-std 1.2 --weight-decay 0.0 --width 128 --limit 60000 --epochs 3 --warmup 562 --psd-crops 96 --patience 0 --no-keep-sampled --sample-every 3 --sample-crops 96 --seed 0 --out /home/users/dv321/dissertation_outputs/hpo/ldm_coarse/trial_015_r0 --latents-dir /work/scratch-nopw2/dv321/dissertation/latents_ml_ep17 --vae /home/users/dv321/dissertation_outputs/vae_v2/vae_ep17.pt --leads 15,30,45,60
pooled sigma_data 0.7407 from [+15min 0.5800, +30min 0.7073, +45min 0.7921, +60min 0.8546]
diagnostics: 96 fixed val crops (rows 0..5999), 8 members, 25 steps
device=cuda | denoiser 65.7M params | cond=full (20ch) | sigma_data=0.7407 | latent_scale=0.784
train rows 60000 | val rows 6000 | 1875 steps/epoch (batch 32) | weighted loss starts near 1.0 by construction
GPU: NVIDIA A100-SXM4-40GB | 42 GB total
  ep1 step 200/1875 | loss_w 0.9432 raw 0.1337 | lr 3.54e-05 | gn 1.10 | 271 img/s
  ep1 step 400/1875 | loss_w 0.8488 raw 0.1160 | lr 7.10e-05 | gn 1.12 | 281 img/s
  ep1 step 600/1875 | loss_w 0.7453 raw 0.1010 | lr 1.00e-04 | gn 1.14 | 285 img/s
  ep1 step 800/1875 | loss_w 0.6786 raw 0.0909 | lr 9.95e-05 | gn 1.09 | 287 img/s
  ep1 step 1000/1875 | loss_w 0.6336 raw 0.0848 | lr 9.82e-05 | gn 1.05 | 288 img/s
  ep1 step 1200/1875 | loss_w 0.6009 raw 0.0801 | lr 9.61e-05 | gn 1.01 | 289 img/s
  ep1 step 1400/1875 | loss_w 0.5765 raw 0.0765 | lr 9.34e-05 | gn 0.97 | 290 img/s
  ep1 step 1600/1875 | loss_w 0.5570 raw 0.0738 | lr 9.00e-05 | gn 0.94 | 290 img/s
  ep1 step 1800/1875 | loss_w 0.5416 raw 0.0717 | lr 8.60e-05 | gn 0.91 | 290 img/s
epoch   1/3 | train 0.5361 | val 0.4973 (raw 0.0619) | 207s | 290 img/s | GPU 7.8 GB
  new best (val loss_w 0.4973) -> diff_best.pt
  ep2 step 200/1875 | loss_w 0.4075 raw 0.0524 | lr 7.96e-05 | gn 0.58 | 290 img/s
  ep2 step 400/1875 | loss_w 0.4081 raw 0.0528 | lr 7.43e-05 | gn 0.61 | 292 img/s
  ep2 step 600/1875 | loss_w 0.4067 raw 0.0525 | lr 6.88e-05 | gn 0.58 | 292 img/s
  ep2 step 800/1875 | loss_w 0.4065 raw 0.0525 | lr 6.29e-05 | gn 0.57 | 293 img/s
  ep2 step 1000/1875 | loss_w 0.4057 raw 0.0522 | lr 5.68e-05 | gn 0.56 | 293 img/s
  ep2 step 1200/1875 | loss_w 0.4046 raw 0.0519 | lr 5.06e-05 | gn 0.55 | 293 img/s
  ep2 step 1400/1875 | loss_w 0.4037 raw 0.0519 | lr 4.44e-05 | gn 0.54 | 293 img/s
  ep2 step 1600/1875 | loss_w 0.4025 raw 0.0517 | lr 3.83e-05 | gn 0.52 | 293 img/s
  ep2 step 1800/1875 | loss_w 0.4017 raw 0.0516 | lr 3.24e-05 | gn 0.52 | 293 img/s
epoch   2/3 | train 0.4015 | val 0.3943 (raw 0.0502) | 205s | 293 img/s | GPU 7.8 GB
  new best (val loss_w 0.3943) -> diff_best.pt
  ep3 step 200/1875 | loss_w 0.3924 raw 0.0497 | lr 2.47e-05 | gn 0.38 | 292 img/s
  ep3 step 400/1875 | loss_w 0.3944 raw 0.0500 | lr 1.95e-05 | gn 0.38 | 292 img/s
  ep3 step 600/1875 | loss_w 0.3942 raw 0.0503 | lr 1.49e-05 | gn 0.39 | 292 img/s
  ep3 step 800/1875 | loss_w 0.3944 raw 0.0506 | lr 1.07e-05 | gn 0.37 | 292 img/s
  ep3 step 1000/1875 | loss_w 0.3936 raw 0.0506 | lr 7.21e-06 | gn 0.36 | 292 img/s
  ep3 step 1200/1875 | loss_w 0.3932 raw 0.0503 | lr 4.33e-06 | gn 0.34 | 293 img/s
  ep3 step 1400/1875 | loss_w 0.3925 raw 0.0503 | lr 2.17e-06 | gn 0.33 | 293 img/s
  ep3 step 1600/1875 | loss_w 0.3922 raw 0.0504 | lr 7.31e-07 | gn 0.32 | 293 img/s
  ep3 step 1800/1875 | loss_w 0.3922 raw 0.0505 | lr 5.56e-08 | gn 0.31 | 293 img/s
epoch   3/3 | train 0.3923 | val 0.3840 (raw 0.0490) | 205s | 293 img/s | GPU 18.1 GB
  sampled: MAE 0.271 (adv 0.280) | CSI@1 0.446 (adv 0.428) | CSI@8 0.044 (adv 0.057) | CRPS 0.190 (adv 0.280) | PSD 2-8km 0.58
  new best (val loss_w 0.3840) -> diff_best.pt

completed: total 11.8 min | best val loss_w 0.3840 (ep3) | DONE written -> the sbatch chain will stop
