GPU 0: NVIDIA A100-SXM4-40GB (UUID: GPU-ed4895e1-5b96-c2d1-cf62-5d9e625aba0c)
host gpuhost009.jc.rl.ac.uk | CUDA ok | Tue 11 Aug 10:12:17 BST 2026
args: python /home/users/dv321/dissertation/Code/3 - Diffusion stage/train_ldm.py --attn 16 --batch 64 --cond-drop 0.1 --cond-mode full --dropout 0.1 --lr 0.0001 --mults 1,2,4 --p-mean -1.2 --p-std 1.2 --weight-decay 0.0 --width 128 --limit 60000 --epochs 3 --warmup 281 --psd-crops 96 --patience 0 --no-keep-sampled --sample-every 3 --sample-crops 96 --seed 0 --out /home/users/dv321/dissertation_outputs/hpo/ldm_coarse/trial_006_r0 --latents-dir /work/scratch-nopw2/dv321/dissertation/latents_ml_ep17 --vae /home/users/dv321/dissertation_outputs/vae_v2/vae_ep17.pt --leads 15,30,45,60
pooled sigma_data 0.7407 from [+15min 0.5800, +30min 0.7073, +45min 0.7921, +60min 0.8546]
diagnostics: 96 fixed val crops (rows 0..5999), 8 members, 25 steps
device=cuda | denoiser 65.7M params | cond=full (20ch) | sigma_data=0.7407 | latent_scale=0.784
train rows 60000 | val rows 6000 | 937 steps/epoch (batch 64) | weighted loss starts near 1.0 by construction
GPU: NVIDIA A100-SXM4-40GB | 42 GB total
  ep1 step 187/937 | loss_w 0.9289 raw 0.1262 | lr 6.62e-05 | gn 0.87 | 298 img/s
  ep1 step 374/937 | loss_w 0.7884 raw 0.1038 | lr 9.97e-05 | gn 0.88 | 308 img/s
  ep1 step 561/937 | loss_w 0.6949 raw 0.0911 | lr 9.70e-05 | gn 0.83 | 311 img/s
  ep1 step 748/937 | loss_w 0.6394 raw 0.0838 | lr 9.19e-05 | gn 0.81 | 313 img/s
  ep1 step 935/937 | loss_w 0.6021 raw 0.0784 | lr 8.44e-05 | gn 0.77 | 314 img/s
epoch   1/3 | train 0.6017 | val 0.7576 (raw 0.1000) | 191s | 314 img/s | GPU 14.4 GB
  new best (val loss_w 0.7576) -> diff_best.pt
  ep2 step 187/937 | loss_w 0.4408 raw 0.0563 | lr 7.51e-05 | gn 0.58 | 317 img/s
  ep2 step 374/937 | loss_w 0.4366 raw 0.0560 | lr 6.44e-05 | gn 0.55 | 318 img/s
  ep2 step 561/937 | loss_w 0.4326 raw 0.0553 | lr 5.30e-05 | gn 0.53 | 318 img/s
  ep2 step 748/937 | loss_w 0.4298 raw 0.0548 | lr 4.15e-05 | gn 0.51 | 318 img/s
  ep2 step 935/937 | loss_w 0.4276 raw 0.0546 | lr 3.04e-05 | gn 0.49 | 318 img/s
epoch   2/3 | train 0.4276 | val 0.4879 (raw 0.0618) | 188s | 318 img/s | GPU 14.4 GB
  new best (val loss_w 0.4879) -> diff_best.pt
  ep3 step 187/937 | loss_w 0.4197 raw 0.0526 | lr 2.02e-05 | gn 0.35 | 317 img/s
  ep3 step 374/937 | loss_w 0.4186 raw 0.0528 | lr 1.18e-05 | gn 0.32 | 318 img/s
  ep3 step 561/937 | loss_w 0.4173 raw 0.0526 | lr 5.38e-06 | gn 0.30 | 318 img/s
  ep3 step 748/937 | loss_w 0.4162 raw 0.0528 | lr 1.39e-06 | gn 0.27 | 319 img/s
  ep3 step 935/937 | loss_w 0.4164 raw 0.0527 | lr 3.47e-10 | gn 0.25 | 319 img/s
epoch   3/3 | train 0.4164 | val 0.4171 (raw 0.0531) | 188s | 319 img/s | GPU 18.1 GB
  sampled: MAE 0.260 (adv 0.280) | CSI@1 0.454 (adv 0.428) | CSI@8 0.040 (adv 0.057) | CRPS 0.192 (adv 0.280) | PSD 2-8km 0.45
  new best (val loss_w 0.4171) -> diff_best.pt

completed: total 11.0 min | best val loss_w 0.4171 (ep3) | DONE written -> the sbatch chain will stop
