GPU 0: NVIDIA A100-SXM4-40GB (UUID: GPU-ec72ae59-b64d-1e84-34e0-db264f75fed9)
host gpuhost012.jc.rl.ac.uk | CUDA ok | Tue 11 Aug 10:36:17 BST 2026
args: python /home/users/dv321/dissertation/Code/3 - Diffusion stage/train_ldm.py --attn 16 --batch 64 --cond-drop 0.1 --cond-mode full --dropout 0.0 --lr 5e-05 --mults 1,2,4 --p-mean -1.2 --p-std 1.2 --weight-decay 0.0 --width 128 --limit 60000 --epochs 3 --warmup 281 --psd-crops 96 --patience 0 --no-keep-sampled --sample-every 3 --sample-crops 96 --seed 0 --out /home/users/dv321/dissertation_outputs/hpo/ldm_coarse/trial_013_r0 --latents-dir /work/scratch-nopw2/dv321/dissertation/latents_ml_ep17 --vae /home/users/dv321/dissertation_outputs/vae_v2/vae_ep17.pt --leads 15,30,45,60
pooled sigma_data 0.7407 from [+15min 0.5800, +30min 0.7073, +45min 0.7921, +60min 0.8546]
diagnostics: 96 fixed val crops (rows 0..5999), 8 members, 25 steps
device=cuda | denoiser 65.7M params | cond=full (20ch) | sigma_data=0.7407 | latent_scale=0.784
train rows 60000 | val rows 6000 | 937 steps/epoch (batch 64) | weighted loss starts near 1.0 by construction
GPU: NVIDIA A100-SXM4-40GB | 42 GB total
  ep1 step 187/937 | loss_w 0.9404 raw 0.1325 | lr 3.31e-05 | gn 1.18 | 306 img/s
  ep1 step 374/937 | loss_w 0.8548 raw 0.1149 | lr 4.98e-05 | gn 1.19 | 316 img/s
  ep1 step 561/937 | loss_w 0.7566 raw 0.1012 | lr 4.85e-05 | gn 1.20 | 319 img/s
  ep1 step 748/937 | loss_w 0.6930 raw 0.0918 | lr 4.59e-05 | gn 1.14 | 321 img/s
  ep1 step 935/937 | loss_w 0.6492 raw 0.0859 | lr 4.22e-05 | gn 1.10 | 322 img/s
epoch   1/3 | train 0.6488 | val 0.8199 (raw 0.1097) | 186s | 322 img/s | GPU 14.1 GB
  new best (val loss_w 0.8199) -> diff_best.pt
  ep2 step 187/937 | loss_w 0.4571 raw 0.0577 | lr 3.75e-05 | gn 0.96 | 324 img/s
  ep2 step 374/937 | loss_w 0.4530 raw 0.0570 | lr 3.22e-05 | gn 0.90 | 325 img/s
  ep2 step 561/937 | loss_w 0.4479 raw 0.0567 | lr 2.65e-05 | gn 0.85 | 326 img/s
  ep2 step 748/937 | loss_w 0.4449 raw 0.0566 | lr 2.07e-05 | gn 0.83 | 326 img/s
  ep2 step 935/937 | loss_w 0.4427 raw 0.0564 | lr 1.52e-05 | gn 0.79 | 326 img/s
epoch   2/3 | train 0.4427 | val 0.5201 (raw 0.0651) | 184s | 326 img/s | GPU 14.1 GB
  new best (val loss_w 0.5201) -> diff_best.pt
  ep3 step 187/937 | loss_w 0.4290 raw 0.0549 | lr 1.01e-05 | gn 0.58 | 325 img/s
  ep3 step 374/937 | loss_w 0.4277 raw 0.0545 | lr 5.88e-06 | gn 0.53 | 326 img/s
  ep3 step 561/937 | loss_w 0.4267 raw 0.0545 | lr 2.69e-06 | gn 0.48 | 326 img/s
  ep3 step 748/937 | loss_w 0.4255 raw 0.0542 | lr 6.93e-07 | gn 0.44 | 326 img/s
  ep3 step 935/937 | loss_w 0.4259 raw 0.0541 | lr 1.73e-10 | gn 0.41 | 326 img/s
epoch   3/3 | train 0.4259 | val 0.4430 (raw 0.0558) | 184s | 326 img/s | GPU 18.1 GB
  sampled: MAE 0.278 (adv 0.280) | CSI@1 0.440 (adv 0.428) | CSI@8 0.043 (adv 0.057) | CRPS 0.195 (adv 0.280) | PSD 2-8km 0.65
  new best (val loss_w 0.4430) -> diff_best.pt

completed: total 10.7 min | best val loss_w 0.4430 (ep3) | DONE written -> the sbatch chain will stop
