
=== study inference_grid :: arm inference :: sampler grid :: git aeda1f4 ===
objective (maximised): infer_composite = (1.0 - crps_fair / mae_adv) - 0.50 * abs(spread_rmse_ratio - spread_rmse_ideal)
        admissibility: none = True
           rung ladder: r0(3000x0)

9 candidate configurations
    0 incumbent              (incumbent)
    1 ofat:steps             steps=18
    2 ofat:steps             steps=50
    3 ofat:members           members=4
    4 ofat:members           members=16
    5 ofat:guidance          guidance=1.25
    6 ofat:guidance          guidance=1.5
    7 ofat:churn             churn=10.0
    8 ofat:churn             churn=40.0

  rung       rows  epochs  trials  GPU-h/trial    GPU-h
  r0         3000       0       9        1.002     9.02
  TOTAL                                            9.02

example trial command (candidate 0 at rung r0):
  /home/users/dv321/miniforge3/envs/nowcast/bin/python '/home/users/dv321/dissertation/Code/3 - Diffusion stage/evaluate_diffusion.py' --churn 0.0 --guidance 1.0 --members 8 --steps 25 --limit 3000 --seed 0 --out /home/users/dv321/dissertation_outputs/hpo/sampler/eval --tag _trial_000_r0 --ckpt /home/users/dv321/dissertation_outputs/diffusion_ml_v2/ckpt_ep050.pt --vae /home/users/dv321/dissertation_outputs/vae_v2/vae_ep17.pt --latents-dir /work/scratch-nopw2/dv321/dissertation/latents_ml_ep17 --split val --lead 60 --batch 16


---- rung r0 (3000 rows x 0 epochs) :: 9 trials ----
  submitted trial_000_r0 as job 45051369
  submitted trial_001_r0 as job 45051370
  submitted trial_002_r0 as job 45051371
  submitted trial_003_r0 as job 45051372
  trial_003_r0             ok         objective    0.46506 gate pass 19.1 min
  submitted trial_004_r0 as job 45084964

=== study inference_grid :: arm inference :: sampler grid :: git 9787217 ===
objective (maximised): infer_composite = (1.0 - crps_fair / mae_adv) - 0.50 * abs(spread_rmse_ratio - spread_rmse_ideal)
        admissibility: none = True
           rung ladder: r0(3000x0)

9 candidate configurations
    0 incumbent              (incumbent)
    1 ofat:steps             steps=18
    2 ofat:steps             steps=50
    3 ofat:members           members=4
    4 ofat:members           members=16
    5 ofat:guidance          guidance=1.25
    6 ofat:guidance          guidance=1.5
    7 ofat:churn             churn=10.0
    8 ofat:churn             churn=40.0

  rung       rows  epochs  trials  GPU-h/trial    GPU-h
  r0         3000       0       9        1.002     9.02
  TOTAL                                            9.02

example trial command (candidate 0 at rung r0):
  python '/home/users/dv321/dissertation/Code/3 - Diffusion stage/evaluate_diffusion.py' --churn 0.0 --guidance 1.0 --members 8 --steps 25 --limit 3000 --seed 0 --out /home/users/dv321/dissertation_outputs/hpo/sampler/eval --tag _trial_000_r0 --ckpt /home/users/dv321/dissertation_outputs/diffusion_ml_v2/ckpt_ep050.pt --vae --latents-dir /work/scratch-nopw2/dv321/dissertation/latents_ml_ep17 --split val --lead 60 --batch 16


---- rung r0 (3000 rows x 0 epochs) :: 9 trials ----
  resume: trial_000_r0 already has its completion marker, skipping
  resume: trial_001_r0 already has its completion marker, skipping
  resume: trial_002_r0 already has its completion marker, skipping
  resume: trial_003_r0 already has its completion marker, skipping
  resume: trial_004_r0 already has its completion marker, skipping
  submitted trial_005_r0 as job 45121016
  submitted trial_006_r0 as job 45121017
  trial_005_r0             INCOMPLETE objective        n/a gate FAIL 5.0 min
      | host gpuhost009.jc.rl.ac.uk | CUDA ok | Mon 10 Aug 23:08:33 BST 2026
      | args: python /home/users/dv321/dissertation/Code/3 - Diffusion stage/evaluate_diffusion.py --churn 0.0 --guidance 1.25 --members 8 --steps 25 --limit 3000 --seed 0 --out /home/users/dv321/dissertation_outputs/hpo/sampler/eval --tag _trial_005_r0 --ckpt /home/users/dv321/dissertation_outputs/diffusion_ml_v2/ckpt_ep050.pt --vae --latents-dir /work/scratch-nopw2/dv321/dissertation/latents_ml_ep17 --split val --lead 60 --batch 16
      | usage: evaluate_diffusion.py [-h] [--ckpt CKPT] [--vae VAE]
      |                              [--latents-dir LATENTS_DIR] [--mu-dir MU_DIR]
      |                              [--reg-sha REG_SHA] [--split {val,train,test}]
      |                              [--lead LEAD] [--members MEMBERS] [--steps STEPS]
      |                              [--guidance GUIDANCE] [--churn CHURN]
      |                              [--batch BATCH] [--limit LIMIT]
      |                              [--fss-sample FSS_SAMPLE]
      |                              [--psd-sample PSD_SAMPLE] [--seed SEED]
      |                              [--out OUT] [--tag TAG] [--allow-vae-mismatch]
      | evaluate_diffusion.py: error: argument --vae: expected one argument
  trial_006_r0             INCOMPLETE objective        n/a gate FAIL 5.0 min
      | host gpuhost012.jc.rl.ac.uk | CUDA ok | Mon 10 Aug 23:08:33 BST 2026
      | args: python /home/users/dv321/dissertation/Code/3 - Diffusion stage/evaluate_diffusion.py --churn 0.0 --guidance 1.5 --members 8 --steps 25 --limit 3000 --seed 0 --out /home/users/dv321/dissertation_outputs/hpo/sampler/eval --tag _trial_006_r0 --ckpt /home/users/dv321/dissertation_outputs/diffusion_ml_v2/ckpt_ep050.pt --vae --latents-dir /work/scratch-nopw2/dv321/dissertation/latents_ml_ep17 --split val --lead 60 --batch 16
      | usage: evaluate_diffusion.py [-h] [--ckpt CKPT] [--vae VAE]
      |                              [--latents-dir LATENTS_DIR] [--mu-dir MU_DIR]
      |                              [--reg-sha REG_SHA] [--split {val,train,test}]
      |                              [--lead LEAD] [--members MEMBERS] [--steps STEPS]
      |                              [--guidance GUIDANCE] [--churn CHURN]
      |                              [--batch BATCH] [--limit LIMIT]
      |                              [--fss-sample FSS_SAMPLE]
      |                              [--psd-sample PSD_SAMPLE] [--seed SEED]
      |                              [--out OUT] [--tag TAG] [--allow-vae-mismatch]
      | evaluate_diffusion.py: error: argument --vae: expected one argument

=== study inference_grid :: arm inference :: sampler grid :: git ae67b1d ===
objective (maximised): infer_composite = (1.0 - crps_fair / mae_adv) - 0.50 * abs(spread_rmse_ratio - spread_rmse_ideal)
        admissibility: none = True
           rung ladder: r0(3000x0)

9 candidate configurations
    0 incumbent              (incumbent)
    1 ofat:steps             steps=18
    2 ofat:steps             steps=50
    3 ofat:members           members=4
    4 ofat:members           members=16
    5 ofat:guidance          guidance=1.25
    6 ofat:guidance          guidance=1.5
    7 ofat:churn             churn=10.0
    8 ofat:churn             churn=40.0

  rung       rows  epochs  trials  GPU-h/trial    GPU-h
  r0         3000       0       9        1.002     9.02
  TOTAL                                            9.02

example trial command (candidate 0 at rung r0):
  python '/home/users/dv321/dissertation/Code/3 - Diffusion stage/evaluate_diffusion.py' --churn 0.0 --guidance 1.0 --members 8 --steps 25 --limit 3000 --seed 0 --out /home/users/dv321/dissertation_outputs/hpo/sampler/eval --tag _trial_000_r0 --ckpt /home/users/dv321/dissertation_outputs/diffusion_ml_v2/ckpt_ep050.pt --vae /home/users/dv321/dissertation_outputs/vae_v2/vae_ep17.pt --latents-dir /work/scratch-nopw2/dv321/dissertation/latents_ml_ep17 --split val --lead 60 --batch 16


---- rung r0 (3000 rows x 0 epochs) :: 9 trials ----
  resume: trial_000_r0 already has its completion marker, skipping
  resume: trial_001_r0 already has its completion marker, skipping
  resume: trial_002_r0 already has its completion marker, skipping
  resume: trial_003_r0 already has its completion marker, skipping
  resume: trial_004_r0 already has its completion marker, skipping
  submitted trial_005_r0 as job 45123960
  submitted trial_006_r0 as job 45123961
  trial_005_r0             ok         objective    0.42959 gate pass 66.1 min
  trial_006_r0             ok         objective    0.39538 gate pass 66.1 min
  submitted trial_007_r0 as job 45131687
  submitted trial_008_r0 as job 45131688
  trial_007_r0             ok         objective    0.46064 gate pass 36.1 min
  trial_008_r0             ok         objective    0.45989 gate pass 36.1 min
  rung r0 ranking: 001(0.4761), 003(0.4651), 000(0.4632), 004(0.4612), 007(0.4606), 008(0.4599)

BEST: trial_001_r0  objective 0.47614590116808425
  differs from the incumbent on: steps=18

total measured GPU time this study: 3.66 hours
next: python hpo_report.py --study /home/users/dv321/dissertation_outputs/hpo/sampler
