GPU 0: NVIDIA A100-SXM4-40GB (UUID: GPU-605fd60f-c5e9-c909-adf5-dd8a81a834dd)
host gpuhost013 | CUDA ok | Tue Aug 11 13:54:20 BST 2026
args: python /home/users/dv321/dissertation/Code/3 - Diffusion stage/train_ldm.py --attn 16 --batch 64 --cond-drop 0.1 --cond-mode full --dropout 0.0 --lr 0.0001 --mults 1,2,4 --p-mean -1.2 --p-std 1.2 --weight-decay 0.01 --width 128 --limit 150000 --epochs 4 --warmup 937 --psd-crops 96 --patience 0 --no-keep-sampled --sample-every 4 --sample-crops 96 --seed 0 --out /home/users/dv321/dissertation_outputs/hpo/ldm_coarse/trial_008_r1 --latents-dir /work/scratch-nopw2/dv321/dissertation/latents_ml_ep17 --vae /home/users/dv321/dissertation_outputs/vae_v2/vae_ep17.pt --leads 15,30,45,60
pooled sigma_data 0.7407 from [+15min 0.5800, +30min 0.7073, +45min 0.7921, +60min 0.8546]
diagnostics: 96 fixed val crops (rows 0..14999), 8 members, 25 steps
device=cuda | denoiser 65.7M params | cond=full (20ch) | sigma_data=0.7407 | latent_scale=0.784
train rows 150000 | val rows 15000 | 2343 steps/epoch (batch 64) | weighted loss starts near 1.0 by construction
GPU: NVIDIA A100-SXM4-40GB | 42 GB total
  ep1 step 200/2343 | loss_w 0.9496 raw 0.1354 | lr 2.12e-05 | gn 1.31 | 303 img/s
  ep1 step 400/2343 | loss_w 0.8892 raw 0.1201 | lr 4.26e-05 | gn 1.20 | 313 img/s
  ep1 step 600/2343 | loss_w 0.7943 raw 0.1066 | lr 6.39e-05 | gn 1.28 | 317 img/s
  ep1 step 800/2343 | loss_w 0.7227 raw 0.0963 | lr 8.53e-05 | gn 1.26 | 319 img/s
  ep1 step 1000/2343 | loss_w 0.6711 raw 0.0890 | lr 1.00e-04 | gn 1.22 | 320 img/s
  ep1 step 1200/2343 | loss_w 0.6336 raw 0.0836 | lr 9.98e-05 | gn 1.16 | 321 img/s
  ep1 step 1400/2343 | loss_w 0.6041 raw 0.0793 | lr 9.93e-05 | gn 1.10 | 321 img/s
  ep1 step 1600/2343 | loss_w 0.5813 raw 0.0762 | lr 9.85e-05 | gn 1.06 | 322 img/s
  ep1 step 1800/2343 | loss_w 0.5632 raw 0.0738 | lr 9.74e-05 | gn 1.02 | 322 img/s
  ep1 step 2000/2343 | loss_w 0.5483 raw 0.0716 | lr 9.61e-05 | gn 0.98 | 322 img/s
  ep1 step 2200/2343 | loss_w 0.5354 raw 0.0699 | lr 9.46e-05 | gn 0.95 | 322 img/s
epoch   1/4 | train 0.5277 | val 0.4441 (raw 0.0556) | 465s | 322 img/s | GPU 14.1 GB
  new best (val loss_w 0.4441) -> diff_best.pt
  ep2 step 200/2343 | loss_w 0.4049 raw 0.0521 | lr 9.13e-05 | gn 0.62 | 323 img/s
  ep2 step 400/2343 | loss_w 0.4024 raw 0.0519 | lr 8.91e-05 | gn 0.59 | 324 img/s
  ep2 step 600/2343 | loss_w 0.4017 raw 0.0515 | lr 8.67e-05 | gn 0.57 | 324 img/s
  ep2 step 800/2343 | loss_w 0.4000 raw 0.0514 | lr 8.41e-05 | gn 0.56 | 324 img/s
  ep2 step 1000/2343 | loss_w 0.3993 raw 0.0513 | lr 8.12e-05 | gn 0.56 | 324 img/s
  ep2 step 1200/2343 | loss_w 0.3984 raw 0.0512 | lr 7.83e-05 | gn 0.55 | 324 img/s
  ep2 step 1400/2343 | loss_w 0.3979 raw 0.0511 | lr 7.51e-05 | gn 0.54 | 324 img/s
  ep2 step 1600/2343 | loss_w 0.3972 raw 0.0511 | lr 7.18e-05 | gn 0.53 | 324 img/s
  ep2 step 1800/2343 | loss_w 0.3967 raw 0.0510 | lr 6.84e-05 | gn 0.53 | 324 img/s
  ep2 step 2000/2343 | loss_w 0.3958 raw 0.0510 | lr 6.49e-05 | gn 0.52 | 324 img/s
  ep2 step 2200/2343 | loss_w 0.3953 raw 0.0510 | lr 6.13e-05 | gn 0.51 | 324 img/s
epoch   2/4 | train 0.3948 | val 0.3820 (raw 0.0491) | 462s | 324 img/s | GPU 14.1 GB
  new best (val loss_w 0.3820) -> diff_best.pt
  ep3 step 200/2343 | loss_w 0.3875 raw 0.0493 | lr 5.50e-05 | gn 0.42 | 324 img/s
  ep3 step 400/2343 | loss_w 0.3877 raw 0.0497 | lr 5.13e-05 | gn 0.42 | 324 img/s
  ep3 step 600/2343 | loss_w 0.3873 raw 0.0497 | lr 4.76e-05 | gn 0.41 | 324 img/s
  ep3 step 800/2343 | loss_w 0.3874 raw 0.0497 | lr 4.39e-05 | gn 0.40 | 324 img/s
  ep3 step 1000/2343 | loss_w 0.3872 raw 0.0495 | lr 4.02e-05 | gn 0.40 | 324 img/s
  ep3 step 1200/2343 | loss_w 0.3867 raw 0.0495 | lr 3.66e-05 | gn 0.40 | 324 img/s
  ep3 step 1400/2343 | loss_w 0.3863 raw 0.0495 | lr 3.30e-05 | gn 0.39 | 324 img/s
  ep3 step 1600/2343 | loss_w 0.3858 raw 0.0494 | lr 2.96e-05 | gn 0.39 | 324 img/s
  ep3 step 1800/2343 | loss_w 0.3856 raw 0.0495 | lr 2.62e-05 | gn 0.38 | 324 img/s
  ep3 step 2000/2343 | loss_w 0.3850 raw 0.0495 | lr 2.30e-05 | gn 0.37 | 324 img/s
  ep3 step 2200/2343 | loss_w 0.3848 raw 0.0493 | lr 2.00e-05 | gn 0.37 | 324 img/s
epoch   3/4 | train 0.3846 | val 0.3730 (raw 0.0480) | 462s | 324 img/s | GPU 14.1 GB
  new best (val loss_w 0.3730) -> diff_best.pt
  ep4 step 200/2343 | loss_w 0.3827 raw 0.0499 | lr 1.51e-05 | gn 0.30 | 323 img/s
  ep4 step 400/2343 | loss_w 0.3820 raw 0.0494 | lr 1.25e-05 | gn 0.28 | 324 img/s
  ep4 step 600/2343 | loss_w 0.3818 raw 0.0495 | lr 1.02e-05 | gn 0.27 | 324 img/s
  ep4 step 800/2343 | loss_w 0.3813 raw 0.0494 | lr 8.04e-06 | gn 0.26 | 324 img/s
  ep4 step 1000/2343 | loss_w 0.3815 raw 0.0494 | lr 6.13e-06 | gn 0.26 | 324 img/s
  ep4 step 1200/2343 | loss_w 0.3814 raw 0.0495 | lr 4.47e-06 | gn 0.25 | 324 img/s
  ep4 step 1400/2343 | loss_w 0.3813 raw 0.0493 | lr 3.06e-06 | gn 0.24 | 324 img/s
  ep4 step 1600/2343 | loss_w 0.3808 raw 0.0493 | lr 1.91e-06 | gn 0.24 | 324 img/s
  ep4 step 1800/2343 | loss_w 0.3809 raw 0.0493 | lr 1.02e-06 | gn 0.23 | 324 img/s
  ep4 step 2000/2343 | loss_w 0.3806 raw 0.0492 | lr 4.10e-07 | gn 0.22 | 324 img/s
  ep4 step 2200/2343 | loss_w 0.3805 raw 0.0493 | lr 7.19e-08 | gn 0.22 | 324 img/s
epoch   4/4 | train 0.3802 | val 0.3702 (raw 0.0476) | 462s | 324 img/s | GPU 18.1 GB
  sampled: MAE 0.259 (adv 0.270) | CSI@1 0.447 (adv 0.422) | CSI@8 0.096 (adv 0.103) | CRPS 0.188 (adv 0.270) | PSD 2-8km 0.50
  new best (val loss_w 0.3702) -> diff_best.pt

completed: total 33.3 min | best val loss_w 0.3702 (ep4) | DONE written -> the sbatch chain will stop
