GPU 0: NVIDIA A100-SXM4-40GB (UUID: GPU-8472c74f-11bc-9f02-ff88-b08670a2f8aa)
host gpuhost010.jc.rl.ac.uk | CUDA ok | Tue 11 Aug 10:00:25 BST 2026
args: python /home/users/dv321/dissertation/Code/3 - Diffusion stage/train_ldm.py --attn 16 --batch 64 --cond-drop 0.1 --cond-mode full --dropout 0.0 --lr 0.0001 --mults 1,2,2,4 --p-mean -1.2 --p-std 1.2 --weight-decay 0.0 --width 128 --limit 60000 --epochs 3 --warmup 281 --psd-crops 96 --patience 0 --no-keep-sampled --sample-every 3 --sample-crops 96 --seed 0 --out /home/users/dv321/dissertation_outputs/hpo/ldm_coarse/trial_003_r0 --latents-dir /work/scratch-nopw2/dv321/dissertation/latents_ml_ep17 --vae /home/users/dv321/dissertation_outputs/vae_v2/vae_ep17.pt --leads 15,30,45,60
pooled sigma_data 0.7407 from [+15min 0.5800, +30min 0.7073, +45min 0.7921, +60min 0.8546]
diagnostics: 96 fixed val crops (rows 0..5999), 8 members, 25 steps
device=cuda | denoiser 72.4M params | cond=full (20ch) | sigma_data=0.7407 | latent_scale=0.784
train rows 60000 | val rows 6000 | 937 steps/epoch (batch 64) | weighted loss starts near 1.0 by construction
GPU: NVIDIA A100-SXM4-40GB | 42 GB total
  ep1 step 187/937 | loss_w 0.9202 raw 0.1264 | lr 6.62e-05 | gn 0.93 | 335 img/s
  ep1 step 374/937 | loss_w 0.7802 raw 0.1043 | lr 9.97e-05 | gn 1.08 | 355 img/s
  ep1 step 561/937 | loss_w 0.6832 raw 0.0911 | lr 9.70e-05 | gn 1.01 | 362 img/s
  ep1 step 748/937 | loss_w 0.6255 raw 0.0824 | lr 9.19e-05 | gn 0.95 | 366 img/s
  ep1 step 935/937 | loss_w 0.5874 raw 0.0773 | lr 8.44e-05 | gn 0.91 | 369 img/s
epoch   1/3 | train 0.5871 | val 0.7757 (raw 0.1018) | 163s | 368 img/s | GPU 12.9 GB
  new best (val loss_w 0.7757) -> diff_best.pt
  ep2 step 187/937 | loss_w 0.4250 raw 0.0540 | lr 7.51e-05 | gn 0.58 | 375 img/s
  ep2 step 374/937 | loss_w 0.4225 raw 0.0536 | lr 6.44e-05 | gn 0.63 | 376 img/s
  ep2 step 561/937 | loss_w 0.4187 raw 0.0534 | lr 5.30e-05 | gn 0.58 | 376 img/s
  ep2 step 748/937 | loss_w 0.4165 raw 0.0533 | lr 4.15e-05 | gn 0.57 | 376 img/s
  ep2 step 935/937 | loss_w 0.4148 raw 0.0532 | lr 3.04e-05 | gn 0.54 | 376 img/s
epoch   2/3 | train 0.4147 | val 0.4839 (raw 0.0602) | 159s | 376 img/s | GPU 12.9 GB
  new best (val loss_w 0.4839) -> diff_best.pt
  ep3 step 187/937 | loss_w 0.4074 raw 0.0527 | lr 2.02e-05 | gn 0.42 | 375 img/s
  ep3 step 374/937 | loss_w 0.4051 raw 0.0521 | lr 1.18e-05 | gn 0.38 | 376 img/s
  ep3 step 561/937 | loss_w 0.4046 raw 0.0522 | lr 5.38e-06 | gn 0.34 | 376 img/s
  ep3 step 748/937 | loss_w 0.4041 raw 0.0519 | lr 1.39e-06 | gn 0.31 | 377 img/s
  ep3 step 935/937 | loss_w 0.4033 raw 0.0518 | lr 3.47e-10 | gn 0.29 | 377 img/s
epoch   3/3 | train 0.4033 | val 0.4147 (raw 0.0526) | 159s | 377 img/s | GPU 18.2 GB
  sampled: MAE 0.265 (adv 0.280) | CSI@1 0.450 (adv 0.428) | CSI@8 0.042 (adv 0.057) | CRPS 0.192 (adv 0.280) | PSD 2-8km 0.56
  new best (val loss_w 0.4147) -> diff_best.pt

completed: total 9.4 min | best val loss_w 0.4147 (ep3) | DONE written -> the sbatch chain will stop
