GPU 0: NVIDIA A100-SXM4-40GB (UUID: GPU-ee251011-af7c-cee8-5f10-127f70ad06c4)
host gpuhost015.jc.rl.ac.uk | CUDA ok | Mon 10 Aug 23:48:46 BST 2026
args: python /home/users/dv321/dissertation/Code/3 - Diffusion stage/train_regression.py --dropout 0.0 --lr 0.0001 --weight-decay 0.0 --width 192 --limit 200000 --epochs 3 --warmup 938 --psd-crops 96 --patience 0 --no-keep-sampled --diag-every 3 --diag-crops 96 --seed 0 --out /home/users/dv321/dissertation_outputs/hpo/reg_coarse/trial_005_r1 --latents-dir /work/scratch-nopw2/dv321/dissertation/latents_ml_ep17 --vae /home/users/dv321/dissertation_outputs/vae_v2/vae_ep17.pt --leads 15,30,45,60 --target delta --cond-mode full
target=delta | pooled std 0.7407 | mean +0.0619 | E[target^2] train 0.5525 val 0.5604
  per shard: [+15min sd 0.5800 E[t^2] 0.3395, +30min sd 0.7073 E[t^2] 0.5038, +45min sd 0.7921 E[t^2] 0.6314, +60min sd 0.8546 E[t^2] 0.7352]
diagnostics: 96 fixed val crops (rows 0..19999)
device=cuda | R_phi 143.1M params | cond=full (20ch) -> 4ch | latent_scale=0.784
train rows 200000 | val rows 20000 | 3125 steps/epoch (batch 64)
data-path check: batch E[target^2] 0.4301 vs pack meta 0.5604 (ratio 0.768) | untrained MSE 0.4301 -> EV +0.0000 (must be ~0.000 on a fresh start)
  ep1 step 200/3125 | mse 0.4853 (win 0.4853) | EV 0.122 (win 0.122) | lr 2.12e-05 | gn 1.31 | 183 img/s
  ep1 step 400/3125 | mse 0.4451 (win 0.4050) | EV 0.194 (win 0.267) | lr 4.25e-05 | gn 1.14 | 187 img/s
  ep1 step 600/3125 | mse 0.4166 (win 0.3595) | EV 0.246 (win 0.349) | lr 6.39e-05 | gn 1.07 | 188 img/s
  ep1 step 800/3125 | mse 0.3989 (win 0.3458) | EV 0.278 (win 0.374) | lr 8.52e-05 | gn 1.03 | 189 img/s
  ep1 step 1000/3125 | mse 0.3868 (win 0.3385) | EV 0.300 (win 0.387) | lr 1.00e-04 | gn 0.97 | 190 img/s
  ep1 step 1200/3125 | mse 0.3778 (win 0.3328) | EV 0.316 (win 0.398) | lr 9.98e-05 | gn 0.92 | 190 img/s
  ep1 step 1400/3125 | mse 0.3708 (win 0.3288) | EV 0.329 (win 0.405) | lr 9.93e-05 | gn 0.87 | 190 img/s
  ep1 step 1600/3125 | mse 0.3654 (win 0.3277) | EV 0.339 (win 0.407) | lr 9.85e-05 | gn 0.83 | 190 img/s
  ep1 step 1800/3125 | mse 0.3611 (win 0.3266) | EV 0.346 (win 0.409) | lr 9.75e-05 | gn 0.79 | 190 img/s
  ep1 step 2000/3125 | mse 0.3570 (win 0.3199) | EV 0.354 (win 0.421) | lr 9.61e-05 | gn 0.76 | 190 img/s
  ep1 step 2200/3125 | mse 0.3541 (win 0.3247) | EV 0.359 (win 0.412) | lr 9.46e-05 | gn 0.74 | 190 img/s
  ep1 step 2400/3125 | mse 0.3515 (win 0.3230) | EV 0.364 (win 0.415) | lr 9.28e-05 | gn 0.72 | 191 img/s
  ep1 step 2600/3125 | mse 0.3490 (win 0.3198) | EV 0.368 (win 0.421) | lr 9.07e-05 | gn 0.70 | 191 img/s
  ep1 step 2800/3125 | mse 0.3467 (win 0.3169) | EV 0.372 (win 0.426) | lr 8.85e-05 | gn 0.68 | 191 img/s
  ep1 step 3000/3125 | mse 0.3449 (win 0.3189) | EV 0.376 (win 0.423) | lr 8.60e-05 | gn 0.67 | 191 img/s
epoch   1/3 | train mse 0.34381 (EV 0.3777) | val mse 0.32514 (EV 0.4198) | 1048s | 191 img/s | GPU 22.0 GB
  val EV per lead: +15min 0.3768, +30min 0.4113, +45min 0.4250, +60min 0.4404
  ABORT-B (PASS) after epoch 1: val EV 0.4198 against threshold 0.020
  new best (val MSE 0.32514, EV 0.4198) -> reg_best.pt
  ep2 step 200/3125 | mse 0.3145 (win 0.3145) | EV 0.431 (win 0.431) | lr 8.15e-05 | gn 0.42 | 191 img/s
  ep2 step 400/3125 | mse 0.3156 (win 0.3168) | EV 0.429 (win 0.427) | lr 7.86e-05 | gn 0.44 | 191 img/s
  ep2 step 600/3125 | mse 0.3154 (win 0.3151) | EV 0.429 (win 0.430) | lr 7.54e-05 | gn 0.42 | 191 img/s
  ep2 step 800/3125 | mse 0.3145 (win 0.3116) | EV 0.431 (win 0.436) | lr 7.21e-05 | gn 0.41 | 191 img/s
  ep2 step 1000/3125 | mse 0.3135 (win 0.3094) | EV 0.433 (win 0.440) | lr 6.88e-05 | gn 0.41 | 191 img/s
  ep2 step 1200/3125 | mse 0.3132 (win 0.3119) | EV 0.433 (win 0.435) | lr 6.53e-05 | gn 0.41 | 191 img/s
  ep2 step 1400/3125 | mse 0.3126 (win 0.3088) | EV 0.434 (win 0.441) | lr 6.17e-05 | gn 0.40 | 191 img/s
  ep2 step 1600/3125 | mse 0.3120 (win 0.3077) | EV 0.435 (win 0.443) | lr 5.80e-05 | gn 0.40 | 191 img/s
  ep2 step 1800/3125 | mse 0.3116 (win 0.3082) | EV 0.436 (win 0.442) | lr 5.43e-05 | gn 0.40 | 191 img/s
  ep2 step 2000/3125 | mse 0.3111 (win 0.3073) | EV 0.437 (win 0.444) | lr 5.06e-05 | gn 0.40 | 191 img/s
  ep2 step 2200/3125 | mse 0.3107 (win 0.3065) | EV 0.438 (win 0.445) | lr 4.69e-05 | gn 0.40 | 191 img/s
  ep2 step 2400/3125 | mse 0.3103 (win 0.3061) | EV 0.438 (win 0.446) | lr 4.32e-05 | gn 0.39 | 191 img/s
  ep2 step 2600/3125 | mse 0.3099 (win 0.3047) | EV 0.439 (win 0.448) | lr 3.95e-05 | gn 0.39 | 191 img/s
  ep2 step 2800/3125 | mse 0.3097 (win 0.3075) | EV 0.439 (win 0.443) | lr 3.59e-05 | gn 0.38 | 191 img/s
  ep2 step 3000/3125 | mse 0.3095 (win 0.3058) | EV 0.440 (win 0.446) | lr 3.24e-05 | gn 0.38 | 192 img/s
epoch   2/3 | train mse 0.30924 (EV 0.4403) | val mse 0.31164 (EV 0.4439) | 1044s | 192 img/s | GPU 22.0 GB
  val EV per lead: +15min 0.4031, +30min 0.4347, +45min 0.4482, +60min 0.4647
  new best (val MSE 0.31164, EV 0.4439) -> reg_best.pt
  ep3 step 200/3125 | mse 0.3012 (win 0.3012) | EV 0.455 (win 0.455) | lr 2.69e-05 | gn 0.38 | 192 img/s
  ep3 step 400/3125 | mse 0.3013 (win 0.3014) | EV 0.455 (win 0.455) | lr 2.36e-05 | gn 0.35 | 192 img/s
  ep3 step 600/3125 | mse 0.3012 (win 0.3010) | EV 0.455 (win 0.455) | lr 2.05e-05 | gn 0.34 | 192 img/s
  ep3 step 800/3125 | mse 0.3007 (win 0.2994) | EV 0.456 (win 0.458) | lr 1.76e-05 | gn 0.34 | 192 img/s
  ep3 step 1000/3125 | mse 0.3006 (win 0.3000) | EV 0.456 (win 0.457) | lr 1.49e-05 | gn 0.33 | 192 img/s
  ep3 step 1200/3125 | mse 0.3004 (win 0.2996) | EV 0.456 (win 0.458) | lr 1.23e-05 | gn 0.32 | 192 img/s
  ep3 step 1400/3125 | mse 0.3002 (win 0.2989) | EV 0.457 (win 0.459) | lr 9.98e-06 | gn 0.31 | 192 img/s
  ep3 step 1600/3125 | mse 0.2997 (win 0.2965) | EV 0.457 (win 0.463) | lr 7.86e-06 | gn 0.31 | 192 img/s
  ep3 step 1800/3125 | mse 0.2995 (win 0.2976) | EV 0.458 (win 0.461) | lr 5.97e-06 | gn 0.31 | 192 img/s
  ep3 step 2000/3125 | mse 0.2993 (win 0.2975) | EV 0.458 (win 0.462) | lr 4.33e-06 | gn 0.30 | 192 img/s
  ep3 step 2200/3125 | mse 0.2991 (win 0.2968) | EV 0.459 (win 0.463) | lr 2.94e-06 | gn 0.30 | 192 img/s
  ep3 step 2400/3125 | mse 0.2990 (win 0.2983) | EV 0.459 (win 0.460) | lr 1.82e-06 | gn 0.29 | 192 img/s
  ep3 step 2600/3125 | mse 0.2988 (win 0.2959) | EV 0.459 (win 0.464) | lr 9.56e-07 | gn 0.29 | 192 img/s
  ep3 step 2800/3125 | mse 0.2986 (win 0.2964) | EV 0.460 (win 0.463) | lr 3.68e-07 | gn 0.29 | 192 img/s
  ep3 step 3000/3125 | mse 0.2984 (win 0.2952) | EV 0.460 (win 0.466) | lr 5.50e-08 | gn 0.28 | 192 img/s
epoch   3/3 | train mse 0.29823 (EV 0.4602) | val mse 0.30846 (EV 0.4496) | 1041s | 192 img/s | GPU 25.6 GB
  val EV per lead: +15min 0.4098, +30min 0.4406, +45min 0.4536, +60min 0.4700
  decoded: MAE 0.189 (adv 0.244) | CSI@1 0.487 (adv 0.427) | CSI@8 0.086 (adv 0.061) | PSD 2-8km band power 0.09 (adv 0.58)
  new best (val MSE 0.30846, EV 0.4496) -> reg_best.pt

GATE-C (PASS): pooled val EV 0.4496 against threshold 0.10. sigma_data would fall 0.7407 -> 0.5495 (25.8%).

completed: total 54.5 min | best val MSE 0.30846 (ep3) | DONE written -> the sbatch chain will stop
